[0.054s] Invoking command in '/home/pontryagin/me130_lab/ros2_ws/build/me130_interfaces': CMAKE_PREFIX_PATH=${CMAKE_PREFIX_PATH}:/opt/ros/jazzy DEBUGINFOD_URLS=https://debuginfod.ubuntu.com /usr/bin/cmake --build /home/pontryagin/me130_lab/ros2_ws/build/me130_interfaces -- -j4 -l4
[0.680s] [  1%] Built target me130_interfaces__rosidl_generator_type_description
[0.691s] [  3%] Built target me130_interfaces__rs
[0.751s] [  3%] Built target ament_cmake_python_copy_me130_interfaces
[0.802s] [  5%] Built target me130_interfaces__cpp
[0.871s] [ 25%] Built target me130_interfaces__rosidl_generator_c
[1.026s] [ 34%] Built target me130_interfaces__rosidl_typesupport_introspection_c
[1.055s] [ 43%] Built target me130_interfaces__rosidl_typesupport_fastrtps_c
[1.060s] [ 52%] Built target me130_interfaces__rosidl_typesupport_cpp
[1.190s] [ 61%] Built target me130_interfaces__rosidl_typesupport_c
[1.227s] [ 70%] Built target me130_interfaces__rosidl_typesupport_fastrtps_cpp
[1.234s] [ 80%] Built target me130_interfaces__rosidl_typesupport_introspection_cpp
[1.338s] [ 80%] Built target me130_interfaces
[1.448s] [ 81%] Built target me130_interfaces__py
[1.596s] [ 89%] Built target me130_interfaces__rosidl_generator_py
[1.738s] [ 92%] Built target me130_interfaces_s__rosidl_typesupport_introspection_c
[1.740s] [ 96%] Built target me130_interfaces_s__rosidl_typesupport_fastrtps_c
[1.740s] [100%] Built target me130_interfaces_s__rosidl_typesupport_c
[1.896s] running egg_info
[1.975s] writing me130_interfaces.egg-info/PKG-INFO
[1.976s] writing dependency_links to me130_interfaces.egg-info/dependency_links.txt
[1.977s] writing top-level names to me130_interfaces.egg-info/top_level.txt
[2.203s] reading manifest file 'me130_interfaces.egg-info/SOURCES.txt'
[2.208s] writing manifest file 'me130_interfaces.egg-info/SOURCES.txt'
[2.349s] [100%] Built target ament_cmake_python_build_me130_interfaces_egg
[2.407s] Invoked command in '/home/pontryagin/me130_lab/ros2_ws/build/me130_interfaces' returned '0': CMAKE_PREFIX_PATH=${CMAKE_PREFIX_PATH}:/opt/ros/jazzy DEBUGINFOD_URLS=https://debuginfod.ubuntu.com /usr/bin/cmake --build /home/pontryagin/me130_lab/ros2_ws/build/me130_interfaces -- -j4 -l4
[2.464s] Invoking command in '/home/pontryagin/me130_lab/ros2_ws/build/me130_interfaces': CMAKE_PREFIX_PATH=${CMAKE_PREFIX_PATH}:/opt/ros/jazzy DEBUGINFOD_URLS=https://debuginfod.ubuntu.com /usr/bin/cmake --install /home/pontryagin/me130_lab/ros2_ws/build/me130_interfaces
[2.504s] -- Install configuration: ""
[2.505s] -- Up-to-date: /home/pontryagin/me130_lab/ros2_ws/install/me130_interfaces/share/ament_index/resource_index/rosidl_interfaces/me130_interfaces
[2.506s] -- Up-to-date: /home/pontryagin/me130_lab/ros2_ws/install/me130_interfaces/share/me130_interfaces/msg/PendulumAngle.json
[2.506s] -- Up-to-date: /home/pontryagin/me130_lab/ros2_ws/install/me130_interfaces/share/me130_interfaces/msg/EncoderState.json
[2.507s] -- Up-to-date: /home/pontryagin/me130_lab/ros2_ws/install/me130_interfaces/share/me130_interfaces/msg/MotorCommand.json
[2.508s] -- Up-to-date: /home/pontryagin/me130_lab/ros2_ws/install/me130_interfaces/include/me130_interfaces/me130_interfaces
[2.509s] -- Up-to-date: /home/pontryagin/me130_lab/ros2_ws/install/me130_interfaces/include/me130_interfaces/me130_interfaces/msg
[2.510s] -- Up-to-date: /home/pontryagin/me130_lab/ros2_ws/install/me130_interfaces/include/me130_interfaces/me130_interfaces/msg/detail
[2.511s] -- Up-to-date: /home/pontryagin/me130_lab/ros2_ws/install/me130_interfaces/include/me130_interfaces/me130_interfaces/msg/detail/pendulum_angle__description.c
[2.511s] -- Up-to-date: /home/pontryagin/me130_lab/ros2_ws/install/me130_interfaces/include/me130_interfaces/me130_interfaces/msg/detail/encoder_state__functions.h
[2.512s] -- Up-to-date: /home/pontryagin/me130_lab/ros2_ws/install/me130_interfaces/include/me130_interfaces/me130_interfaces/msg/detail/motor_command__functions.c
[2.512s] -- Up-to-date: /home/pontryagin/me130_lab/ros2_ws/install/me130_interfaces/include/me130_interfaces/me130_interfaces/msg/detail/pendulum_angle__functions.c
[2.513s] -- Up-to-date: /home/pontryagin/me130_lab/ros2_ws/install/me130_interfaces/include/me130_interfaces/me130_interfaces/msg/detail/pendulum_angle__type_support.h
[2.513s] -- Installing: /home/pontryagin/me130_lab/ros2_ws/install/me130_interfaces/include/me130_interfaces/me130_interfaces/msg/detail/motor_command__type_support.c
[2.514s] -- Up-to-date: /home/pontryagin/me130_lab/ros2_ws/install/me130_interfaces/include/me130_interfaces/me130_interfaces/msg/detail/motor_command__description.c
[2.515s] -- Up-to-date: /home/pontryagin/me130_lab/ros2_ws/install/me130_interfaces/include/me130_interfaces/me130_interfaces/msg/detail/motor_command__struct.h
[2.515s] -- Up-to-date: /home/pontryagin/me130_lab/ros2_ws/install/me130_interfaces/include/me130_interfaces/me130_interfaces/msg/detail/encoder_state__functions.c
[2.516s] -- Up-to-date: /home/pontryagin/me130_lab/ros2_ws/install/me130_interfaces/include/me130_interfaces/me130_interfaces/msg/detail/motor_command__type_support.h
[2.516s] -- Up-to-date: /home/pontryagin/me130_lab/ros2_ws/install/me130_interfaces/include/me130_interfaces/me130_interfaces/msg/detail/pendulum_angle__functions.h
[2.517s] -- Installing: /home/pontryagin/me130_lab/ros2_ws/install/me130_interfaces/include/me130_interfaces/me130_interfaces/msg/detail/encoder_state__type_support.c
[2.518s] -- Installing: /home/pontryagin/me130_lab/ros2_ws/install/me130_interfaces/include/me130_interfaces/me130_interfaces/msg/detail/pendulum_angle__type_support.c
[2.520s] -- Up-to-date: /home/pontryagin/me130_lab/ros2_ws/install/me130_interfaces/include/me130_interfaces/me130_interfaces/msg/detail/pendulum_angle__struct.h
[2.520s] -- Up-to-date: /home/pontryagin/me130_lab/ros2_ws/install/me130_interfaces/include/me130_interfaces/me130_interfaces/msg/detail/motor_command__functions.h
[2.521s] -- Up-to-date: /home/pontryagin/me130_lab/ros2_ws/install/me130_interfaces/include/me130_interfaces/me130_interfaces/msg/detail/encoder_state__struct.h
[2.521s] -- Up-to-date: /home/pontryagin/me130_lab/ros2_ws/install/me130_interfaces/include/me130_interfaces/me130_interfaces/msg/detail/encoder_state__description.c
[2.522s] -- Up-to-date: /home/pontryagin/me130_lab/ros2_ws/install/me130_interfaces/include/me130_interfaces/me130_interfaces/msg/detail/encoder_state__type_support.h
[2.522s] -- Up-to-date: /home/pontryagin/me130_lab/ros2_ws/install/me130_interfaces/include/me130_interfaces/me130_interfaces/msg/motor_command.h
[2.523s] -- Up-to-date: /home/pontryagin/me130_lab/ros2_ws/install/me130_interfaces/include/me130_interfaces/me130_interfaces/msg/rosidl_generator_c__visibility_control.h
[2.523s] -- Up-to-date: /home/pontryagin/me130_lab/ros2_ws/install/me130_interfaces/include/me130_interfaces/me130_interfaces/msg/encoder_state.h
[2.524s] -- Up-to-date: /home/pontryagin/me130_lab/ros2_ws/install/me130_interfaces/include/me130_interfaces/me130_interfaces/msg/pendulum_angle.h
[2.524s] -- Up-to-date: /home/pontryagin/me130_lab/ros2_ws/install/me130_interfaces/share/me130_interfaces/environment/library_path.sh
[2.525s] -- Up-to-date: /home/pontryagin/me130_lab/ros2_ws/install/me130_interfaces/share/me130_interfaces/environment/library_path.dsv
[2.529s] -- Up-to-date: /home/pontryagin/me130_lab/ros2_ws/install/me130_interfaces/lib/libme130_interfaces__rosidl_generator_c.so
[2.530s] -- Up-to-date: /home/pontryagin/me130_lab/ros2_ws/install/me130_interfaces/include/me130_interfaces/me130_interfaces
[2.531s] -- Up-to-date: /home/pontryagin/me130_lab/ros2_ws/install/me130_interfaces/include/me130_interfaces/me130_interfaces/msg
[2.531s] -- Up-to-date: /home/pontryagin/me130_lab/ros2_ws/install/me130_interfaces/include/me130_interfaces/me130_interfaces/msg/detail
[2.531s] -- Up-to-date: /home/pontryagin/me130_lab/ros2_ws/install/me130_interfaces/include/me130_interfaces/me130_interfaces/msg/detail/encoder_state__rosidl_typesupport_fastrtps_c.h
[2.532s] -- Up-to-date: /home/pontryagin/me130_lab/ros2_ws/install/me130_interfaces/include/me130_interfaces/me130_interfaces/msg/detail/pendulum_angle__rosidl_typesupport_fastrtps_c.h
[2.532s] -- Up-to-date: /home/pontryagin/me130_lab/ros2_ws/install/me130_interfaces/include/me130_interfaces/me130_interfaces/msg/detail/motor_command__rosidl_typesupport_fastrtps_c.h
[2.533s] -- Up-to-date: /home/pontryagin/me130_lab/ros2_ws/install/me130_interfaces/include/me130_interfaces/me130_interfaces/msg/rosidl_typesupport_fastrtps_c__visibility_control.h
[2.536s] -- Up-to-date: /home/pontryagin/me130_lab/ros2_ws/install/me130_interfaces/lib/libme130_interfaces__rosidl_typesupport_fastrtps_c.so
[2.537s] -- Up-to-date: /home/pontryagin/me130_lab/ros2_ws/install/me130_interfaces/include/me130_interfaces/me130_interfaces
[2.538s] -- Up-to-date: /home/pontryagin/me130_lab/ros2_ws/install/me130_interfaces/include/me130_interfaces/me130_interfaces/msg
[2.538s] -- Up-to-date: /home/pontryagin/me130_lab/ros2_ws/install/me130_interfaces/include/me130_interfaces/me130_interfaces/msg/detail
[2.539s] -- Up-to-date: /home/pontryagin/me130_lab/ros2_ws/install/me130_interfaces/include/me130_interfaces/me130_interfaces/msg/detail/motor_command__rosidl_typesupport_introspection_c.h
[2.540s] -- Up-to-date: /home/pontryagin/me130_lab/ros2_ws/install/me130_interfaces/include/me130_interfaces/me130_interfaces/msg/detail/pendulum_angle__rosidl_typesupport_introspection_c.h
[2.540s] -- Up-to-date: /home/pontryagin/me130_lab/ros2_ws/install/me130_interfaces/include/me130_interfaces/me130_interfaces/msg/detail/encoder_state__rosidl_typesupport_introspection_c.h
[2.541s] -- Installing: /home/pontryagin/me130_lab/ros2_ws/install/me130_interfaces/include/me130_interfaces/me130_interfaces/msg/detail/motor_command__type_support.c
[2.543s] -- Installing: /home/pontryagin/me130_lab/ros2_ws/install/me130_interfaces/include/me130_interfaces/me130_interfaces/msg/detail/encoder_state__type_support.c
[2.545s] -- Installing: /home/pontryagin/me130_lab/ros2_ws/install/me130_interfaces/include/me130_interfaces/me130_interfaces/msg/detail/pendulum_angle__type_support.c
[2.547s] -- Up-to-date: /home/pontryagin/me130_lab/ros2_ws/install/me130_interfaces/include/me130_interfaces/me130_interfaces/msg/rosidl_typesupport_introspection_c__visibility_control.h
[2.550s] -- Up-to-date: /home/pontryagin/me130_lab/ros2_ws/install/me130_interfaces/lib/libme130_interfaces__rosidl_typesupport_introspection_c.so
[2.554s] -- Up-to-date: /home/pontryagin/me130_lab/ros2_ws/install/me130_interfaces/lib/libme130_interfaces__rosidl_typesupport_c.so
[2.555s] -- Up-to-date: /home/pontryagin/me130_lab/ros2_ws/install/me130_interfaces/include/me130_interfaces/me130_interfaces
[2.555s] -- Up-to-date: /home/pontryagin/me130_lab/ros2_ws/install/me130_interfaces/include/me130_interfaces/me130_interfaces/msg
[2.556s] -- Up-to-date: /home/pontryagin/me130_lab/ros2_ws/install/me130_interfaces/include/me130_interfaces/me130_interfaces/msg/detail
[2.556s] -- Up-to-date: /home/pontryagin/me130_lab/ros2_ws/install/me130_interfaces/include/me130_interfaces/me130_interfaces/msg/detail/motor_command__struct.hpp
[2.557s] -- Up-to-date: /home/pontryagin/me130_lab/ros2_ws/install/me130_interfaces/include/me130_interfaces/me130_interfaces/msg/detail/motor_command__builder.hpp
[2.557s] -- Up-to-date: /home/pontryagin/me130_lab/ros2_ws/install/me130_interfaces/include/me130_interfaces/me130_interfaces/msg/detail/motor_command__type_support.hpp
[2.558s] -- Up-to-date: /home/pontryagin/me130_lab/ros2_ws/install/me130_interfaces/include/me130_interfaces/me130_interfaces/msg/detail/motor_command__traits.hpp
[2.558s] -- Up-to-date: /home/pontryagin/me130_lab/ros2_ws/install/me130_interfaces/include/me130_interfaces/me130_interfaces/msg/detail/pendulum_angle__struct.hpp
[2.559s] -- Up-to-date: /home/pontryagin/me130_lab/ros2_ws/install/me130_interfaces/include/me130_interfaces/me130_interfaces/msg/detail/encoder_state__traits.hpp
[2.559s] -- Up-to-date: /home/pontryagin/me130_lab/ros2_ws/install/me130_interfaces/include/me130_interfaces/me130_interfaces/msg/detail/pendulum_angle__traits.hpp
[2.560s] -- Up-to-date: /home/pontryagin/me130_lab/ros2_ws/install/me130_interfaces/include/me130_interfaces/me130_interfaces/msg/detail/pendulum_angle__type_support.hpp
[2.560s] -- Up-to-date: /home/pontryagin/me130_lab/ros2_ws/install/me130_interfaces/include/me130_interfaces/me130_interfaces/msg/detail/pendulum_angle__builder.hpp
[2.561s] -- Up-to-date: /home/pontryagin/me130_lab/ros2_ws/install/me130_interfaces/include/me130_interfaces/me130_interfaces/msg/detail/encoder_state__builder.hpp
[2.561s] -- Up-to-date: /home/pontryagin/me130_lab/ros2_ws/install/me130_interfaces/include/me130_interfaces/me130_interfaces/msg/detail/encoder_state__struct.hpp
[2.562s] -- Up-to-date: /home/pontryagin/me130_lab/ros2_ws/install/me130_interfaces/include/me130_interfaces/me130_interfaces/msg/detail/encoder_state__type_support.hpp
[2.562s] -- Up-to-date: /home/pontryagin/me130_lab/ros2_ws/install/me130_interfaces/include/me130_interfaces/me130_interfaces/msg/pendulum_angle.hpp
[2.563s] -- Up-to-date: /home/pontryagin/me130_lab/ros2_ws/install/me130_interfaces/include/me130_interfaces/me130_interfaces/msg/encoder_state.hpp
[2.563s] -- Up-to-date: /home/pontryagin/me130_lab/ros2_ws/install/me130_interfaces/include/me130_interfaces/me130_interfaces/msg/rosidl_generator_cpp__visibility_control.hpp
[2.564s] -- Up-to-date: /home/pontryagin/me130_lab/ros2_ws/install/me130_interfaces/include/me130_interfaces/me130_interfaces/msg/motor_command.hpp
[2.564s] -- Up-to-date: /home/pontryagin/me130_lab/ros2_ws/install/me130_interfaces/include/me130_interfaces/me130_interfaces
[2.565s] -- Up-to-date: /home/pontryagin/me130_lab/ros2_ws/install/me130_interfaces/include/me130_interfaces/me130_interfaces/msg
[2.565s] -- Up-to-date: /home/pontryagin/me130_lab/ros2_ws/install/me130_interfaces/include/me130_interfaces/me130_interfaces/msg/detail
[2.566s] -- Up-to-date: /home/pontryagin/me130_lab/ros2_ws/install/me130_interfaces/include/me130_interfaces/me130_interfaces/msg/detail/motor_command__rosidl_typesupport_fastrtps_cpp.hpp
[2.566s] -- Up-to-date: /home/pontryagin/me130_lab/ros2_ws/install/me130_interfaces/include/me130_interfaces/me130_interfaces/msg/detail/pendulum_angle__rosidl_typesupport_fastrtps_cpp.hpp
[2.566s] -- Up-to-date: /home/pontryagin/me130_lab/ros2_ws/install/me130_interfaces/include/me130_interfaces/me130_interfaces/msg/detail/dds_fastrtps
[2.567s] -- Up-to-date: /home/pontryagin/me130_lab/ros2_ws/install/me130_interfaces/include/me130_interfaces/me130_interfaces/msg/detail/encoder_state__rosidl_typesupport_fastrtps_cpp.hpp
[2.567s] -- Up-to-date: /home/pontryagin/me130_lab/ros2_ws/install/me130_interfaces/include/me130_interfaces/me130_interfaces/msg/rosidl_typesupport_fastrtps_cpp__visibility_control.h
[2.569s] -- Up-to-date: /home/pontryagin/me130_lab/ros2_ws/install/me130_interfaces/lib/libme130_interfaces__rosidl_typesupport_fastrtps_cpp.so
[2.570s] -- Up-to-date: /home/pontryagin/me130_lab/ros2_ws/install/me130_interfaces/include/me130_interfaces/me130_interfaces
[2.571s] -- Up-to-date: /home/pontryagin/me130_lab/ros2_ws/install/me130_interfaces/include/me130_interfaces/me130_interfaces/msg
[2.571s] -- Up-to-date: /home/pontryagin/me130_lab/ros2_ws/install/me130_interfaces/include/me130_interfaces/me130_interfaces/msg/detail
[2.572s] -- Up-to-date: /home/pontryagin/me130_lab/ros2_ws/install/me130_interfaces/include/me130_interfaces/me130_interfaces/msg/detail/encoder_state__rosidl_typesupport_introspection_cpp.hpp
[2.572s] -- Up-to-date: /home/pontryagin/me130_lab/ros2_ws/install/me130_interfaces/include/me130_interfaces/me130_interfaces/msg/detail/motor_command__type_support.cpp
[2.573s] -- Up-to-date: /home/pontryagin/me130_lab/ros2_ws/install/me130_interfaces/include/me130_interfaces/me130_interfaces/msg/detail/pendulum_angle__type_support.cpp
[2.573s] -- Up-to-date: /home/pontryagin/me130_lab/ros2_ws/install/me130_interfaces/include/me130_interfaces/me130_interfaces/msg/detail/pendulum_angle__rosidl_typesupport_introspection_cpp.hpp
[2.573s] -- Up-to-date: /home/pontryagin/me130_lab/ros2_ws/install/me130_interfaces/include/me130_interfaces/me130_interfaces/msg/detail/motor_command__rosidl_typesupport_introspection_cpp.hpp
[2.574s] -- Up-to-date: /home/pontryagin/me130_lab/ros2_ws/install/me130_interfaces/include/me130_interfaces/me130_interfaces/msg/detail/encoder_state__type_support.cpp
[2.577s] -- Up-to-date: /home/pontryagin/me130_lab/ros2_ws/install/me130_interfaces/lib/libme130_interfaces__rosidl_typesupport_introspection_cpp.so
[2.581s] -- Up-to-date: /home/pontryagin/me130_lab/ros2_ws/install/me130_interfaces/lib/libme130_interfaces__rosidl_typesupport_cpp.so
[2.582s] -- Up-to-date: /home/pontryagin/me130_lab/ros2_ws/install/me130_interfaces/share/me130_interfaces/environment/pythonpath.sh
[2.583s] -- Up-to-date: /home/pontryagin/me130_lab/ros2_ws/install/me130_interfaces/share/me130_interfaces/environment/pythonpath.dsv
[2.583s] -- Up-to-date: /home/pontryagin/me130_lab/ros2_ws/install/me130_interfaces/lib/python3.12/site-packages/me130_interfaces-1.0.0-py3.12.egg-info
[2.584s] -- Installing: /home/pontryagin/me130_lab/ros2_ws/install/me130_interfaces/lib/python3.12/site-packages/me130_interfaces-1.0.0-py3.12.egg-info/dependency_links.txt
[2.585s] -- Installing: /home/pontryagin/me130_lab/ros2_ws/install/me130_interfaces/lib/python3.12/site-packages/me130_interfaces-1.0.0-py3.12.egg-info/top_level.txt
[2.586s] -- Installing: /home/pontryagin/me130_lab/ros2_ws/install/me130_interfaces/lib/python3.12/site-packages/me130_interfaces-1.0.0-py3.12.egg-info/SOURCES.txt
[2.588s] -- Installing: /home/pontryagin/me130_lab/ros2_ws/install/me130_interfaces/lib/python3.12/site-packages/me130_interfaces-1.0.0-py3.12.egg-info/PKG-INFO
[2.589s] -- Up-to-date: /home/pontryagin/me130_lab/ros2_ws/install/me130_interfaces/lib/python3.12/site-packages/me130_interfaces
[2.590s] -- Up-to-date: /home/pontryagin/me130_lab/ros2_ws/install/me130_interfaces/lib/python3.12/site-packages/me130_interfaces/me130_interfaces_s__rosidl_typesupport_fastrtps_c.so
[2.591s] -- Up-to-date: /home/pontryagin/me130_lab/ros2_ws/install/me130_interfaces/lib/python3.12/site-packages/me130_interfaces/me130_interfaces_s__rosidl_typesupport_c.so
[2.591s] -- Up-to-date: /home/pontryagin/me130_lab/ros2_ws/install/me130_interfaces/lib/python3.12/site-packages/me130_interfaces/me130_interfaces_s__rosidl_typesupport_introspection_c.so
[2.592s] -- Up-to-date: /home/pontryagin/me130_lab/ros2_ws/install/me130_interfaces/lib/python3.12/site-packages/me130_interfaces/_me130_interfaces_s.ep.rosidl_typesupport_introspection_c.c
[2.592s] -- Up-to-date: /home/pontryagin/me130_lab/ros2_ws/install/me130_interfaces/lib/python3.12/site-packages/me130_interfaces/_me130_interfaces_s.ep.rosidl_typesupport_c.c
[2.593s] -- Up-to-date: /home/pontryagin/me130_lab/ros2_ws/install/me130_interfaces/lib/python3.12/site-packages/me130_interfaces/__init__.py
[2.593s] -- Up-to-date: /home/pontryagin/me130_lab/ros2_ws/install/me130_interfaces/lib/python3.12/site-packages/me130_interfaces/msg
[2.594s] -- Up-to-date: /home/pontryagin/me130_lab/ros2_ws/install/me130_interfaces/lib/python3.12/site-packages/me130_interfaces/msg/_encoder_state_s.c
[2.594s] -- Up-to-date: /home/pontryagin/me130_lab/ros2_ws/install/me130_interfaces/lib/python3.12/site-packages/me130_interfaces/msg/_pendulum_angle.py
[2.595s] -- Up-to-date: /home/pontryagin/me130_lab/ros2_ws/install/me130_interfaces/lib/python3.12/site-packages/me130_interfaces/msg/__init__.py
[2.595s] -- Up-to-date: /home/pontryagin/me130_lab/ros2_ws/install/me130_interfaces/lib/python3.12/site-packages/me130_interfaces/msg/_pendulum_angle_s.c
[2.596s] -- Up-to-date: /home/pontryagin/me130_lab/ros2_ws/install/me130_interfaces/lib/python3.12/site-packages/me130_interfaces/msg/_motor_command.py
[2.596s] -- Up-to-date: /home/pontryagin/me130_lab/ros2_ws/install/me130_interfaces/lib/python3.12/site-packages/me130_interfaces/msg/_motor_command_s.c
[2.597s] -- Up-to-date: /home/pontryagin/me130_lab/ros2_ws/install/me130_interfaces/lib/python3.12/site-packages/me130_interfaces/msg/_encoder_state.py
[2.597s] -- Up-to-date: /home/pontryagin/me130_lab/ros2_ws/install/me130_interfaces/lib/python3.12/site-packages/me130_interfaces/_me130_interfaces_s.ep.rosidl_typesupport_fastrtps_c.c
[2.758s] Listing '/home/pontryagin/me130_lab/ros2_ws/install/me130_interfaces/lib/python3.12/site-packages/me130_interfaces'...
[2.759s] Listing '/home/pontryagin/me130_lab/ros2_ws/install/me130_interfaces/lib/python3.12/site-packages/me130_interfaces/msg'...
[2.797s] -- Up-to-date: /home/pontryagin/me130_lab/ros2_ws/install/me130_interfaces/lib/python3.12/site-packages/me130_interfaces/me130_interfaces_s__rosidl_typesupport_fastrtps_c.so
[2.827s] -- Up-to-date: /home/pontryagin/me130_lab/ros2_ws/install/me130_interfaces/lib/python3.12/site-packages/me130_interfaces/me130_interfaces_s__rosidl_typesupport_introspection_c.so
[2.848s] -- Up-to-date: /home/pontryagin/me130_lab/ros2_ws/install/me130_interfaces/lib/python3.12/site-packages/me130_interfaces/me130_interfaces_s__rosidl_typesupport_c.so
[2.870s] -- Up-to-date: /home/pontryagin/me130_lab/ros2_ws/install/me130_interfaces/lib/libme130_interfaces__rosidl_generator_py.so
[2.876s] -- Up-to-date: /home/pontryagin/me130_lab/ros2_ws/install/me130_interfaces/share/me130_interfaces/rust
[2.883s] -- Up-to-date: /home/pontryagin/me130_lab/ros2_ws/install/me130_interfaces/share/me130_interfaces/rust/src
[2.890s] -- Up-to-date: /home/pontryagin/me130_lab/ros2_ws/install/me130_interfaces/share/me130_interfaces/rust/src/msg
[2.904s] -- Up-to-date: /home/pontryagin/me130_lab/ros2_ws/install/me130_interfaces/share/me130_interfaces/rust/src/msg/rmw.rs
[2.905s] -- Up-to-date: /home/pontryagin/me130_lab/ros2_ws/install/me130_interfaces/share/me130_interfaces/rust/src/lib.rs
[2.906s] -- Up-to-date: /home/pontryagin/me130_lab/ros2_ws/install/me130_interfaces/share/me130_interfaces/rust/src/msg.rs
[2.907s] -- Up-to-date: /home/pontryagin/me130_lab/ros2_ws/install/me130_interfaces/share/me130_interfaces/rust/Cargo.toml
[2.908s] -- Up-to-date: /home/pontryagin/me130_lab/ros2_ws/install/me130_interfaces/share/me130_interfaces/rust/build.rs
[2.909s] -- Up-to-date: /home/pontryagin/me130_lab/ros2_ws/install/me130_interfaces/share/me130_interfaces/msg/PendulumAngle.idl
[2.911s] -- Up-to-date: /home/pontryagin/me130_lab/ros2_ws/install/me130_interfaces/share/me130_interfaces/msg/EncoderState.idl
[2.912s] -- Up-to-date: /home/pontryagin/me130_lab/ros2_ws/install/me130_interfaces/share/me130_interfaces/msg/MotorCommand.idl
[2.913s] -- Up-to-date: /home/pontryagin/me130_lab/ros2_ws/install/me130_interfaces/share/me130_interfaces/msg/PendulumAngle.msg
[2.914s] -- Up-to-date: /home/pontryagin/me130_lab/ros2_ws/install/me130_interfaces/share/me130_interfaces/msg/EncoderState.msg
[2.915s] -- Up-to-date: /home/pontryagin/me130_lab/ros2_ws/install/me130_interfaces/share/me130_interfaces/msg/MotorCommand.msg
[2.916s] -- Up-to-date: /home/pontryagin/me130_lab/ros2_ws/install/me130_interfaces/share/ament_index/resource_index/package_run_dependencies/me130_interfaces
[2.917s] -- Up-to-date: /home/pontryagin/me130_lab/ros2_ws/install/me130_interfaces/share/ament_index/resource_index/parent_prefix_path/me130_interfaces
[2.918s] -- Up-to-date: /home/pontryagin/me130_lab/ros2_ws/install/me130_interfaces/share/me130_interfaces/environment/ament_prefix_path.sh
[2.919s] -- Up-to-date: /home/pontryagin/me130_lab/ros2_ws/install/me130_interfaces/share/me130_interfaces/environment/ament_prefix_path.dsv
[2.919s] -- Up-to-date: /home/pontryagin/me130_lab/ros2_ws/install/me130_interfaces/share/me130_interfaces/environment/path.sh
[2.920s] -- Up-to-date: /home/pontryagin/me130_lab/ros2_ws/install/me130_interfaces/share/me130_interfaces/environment/path.dsv
[2.920s] -- Up-to-date: /home/pontryagin/me130_lab/ros2_ws/install/me130_interfaces/share/me130_interfaces/local_setup.bash
[2.921s] -- Up-to-date: /home/pontryagin/me130_lab/ros2_ws/install/me130_interfaces/share/me130_interfaces/local_setup.sh
[2.921s] -- Up-to-date: /home/pontryagin/me130_lab/ros2_ws/install/me130_interfaces/share/me130_interfaces/local_setup.zsh
[2.922s] -- Up-to-date: /home/pontryagin/me130_lab/ros2_ws/install/me130_interfaces/share/me130_interfaces/local_setup.dsv
[2.922s] -- Installing: /home/pontryagin/me130_lab/ros2_ws/install/me130_interfaces/share/me130_interfaces/package.dsv
[2.924s] -- Up-to-date: /home/pontryagin/me130_lab/ros2_ws/install/me130_interfaces/share/ament_index/resource_index/packages/me130_interfaces
[2.927s] -- Up-to-date: /home/pontryagin/me130_lab/ros2_ws/install/me130_interfaces/share/me130_interfaces/cmake/export_me130_interfaces__rosidl_generator_cExport.cmake
[2.928s] -- Up-to-date: /home/pontryagin/me130_lab/ros2_ws/install/me130_interfaces/share/me130_interfaces/cmake/export_me130_interfaces__rosidl_generator_cExport-noconfig.cmake
[2.930s] -- Up-to-date: /home/pontryagin/me130_lab/ros2_ws/install/me130_interfaces/share/me130_interfaces/cmake/export_me130_interfaces__rosidl_typesupport_fastrtps_cExport.cmake
[2.930s] -- Up-to-date: /home/pontryagin/me130_lab/ros2_ws/install/me130_interfaces/share/me130_interfaces/cmake/export_me130_interfaces__rosidl_typesupport_fastrtps_cExport-noconfig.cmake
[2.932s] -- Up-to-date: /home/pontryagin/me130_lab/ros2_ws/install/me130_interfaces/share/me130_interfaces/cmake/me130_interfaces__rosidl_typesupport_introspection_cExport.cmake
[2.933s] -- Up-to-date: /home/pontryagin/me130_lab/ros2_ws/install/me130_interfaces/share/me130_interfaces/cmake/me130_interfaces__rosidl_typesupport_introspection_cExport-noconfig.cmake
[2.935s] -- Up-to-date: /home/pontryagin/me130_lab/ros2_ws/install/me130_interfaces/share/me130_interfaces/cmake/me130_interfaces__rosidl_typesupport_cExport.cmake
[2.936s] -- Up-to-date: /home/pontryagin/me130_lab/ros2_ws/install/me130_interfaces/share/me130_interfaces/cmake/me130_interfaces__rosidl_typesupport_cExport-noconfig.cmake
[2.938s] -- Up-to-date: /home/pontryagin/me130_lab/ros2_ws/install/me130_interfaces/share/me130_interfaces/cmake/export_me130_interfaces__rosidl_generator_cppExport.cmake
[2.940s] -- Up-to-date: /home/pontryagin/me130_lab/ros2_ws/install/me130_interfaces/share/me130_interfaces/cmake/export_me130_interfaces__rosidl_typesupport_fastrtps_cppExport.cmake
[2.941s] -- Up-to-date: /home/pontryagin/me130_lab/ros2_ws/install/me130_interfaces/share/me130_interfaces/cmake/export_me130_interfaces__rosidl_typesupport_fastrtps_cppExport-noconfig.cmake
[2.943s] -- Up-to-date: /home/pontryagin/me130_lab/ros2_ws/install/me130_interfaces/share/me130_interfaces/cmake/me130_interfaces__rosidl_typesupport_introspection_cppExport.cmake
[2.943s] -- Up-to-date: /home/pontryagin/me130_lab/ros2_ws/install/me130_interfaces/share/me130_interfaces/cmake/me130_interfaces__rosidl_typesupport_introspection_cppExport-noconfig.cmake
[2.946s] -- Up-to-date: /home/pontryagin/me130_lab/ros2_ws/install/me130_interfaces/share/me130_interfaces/cmake/me130_interfaces__rosidl_typesupport_cppExport.cmake
[2.946s] -- Up-to-date: /home/pontryagin/me130_lab/ros2_ws/install/me130_interfaces/share/me130_interfaces/cmake/me130_interfaces__rosidl_typesupport_cppExport-noconfig.cmake
[2.948s] -- Up-to-date: /home/pontryagin/me130_lab/ros2_ws/install/me130_interfaces/share/me130_interfaces/cmake/export_me130_interfaces__rosidl_generator_pyExport.cmake
[2.949s] -- Up-to-date: /home/pontryagin/me130_lab/ros2_ws/install/me130_interfaces/share/me130_interfaces/cmake/export_me130_interfaces__rosidl_generator_pyExport-noconfig.cmake
[2.949s] -- Up-to-date: /home/pontryagin/me130_lab/ros2_ws/install/me130_interfaces/share/me130_interfaces/cmake/rosidl_cmake-extras.cmake
[2.950s] -- Up-to-date: /home/pontryagin/me130_lab/ros2_ws/install/me130_interfaces/share/me130_interfaces/cmake/ament_cmake_export_dependencies-extras.cmake
[2.950s] -- Up-to-date: /home/pontryagin/me130_lab/ros2_ws/install/me130_interfaces/share/me130_interfaces/cmake/ament_cmake_export_include_directories-extras.cmake
[2.951s] -- Up-to-date: /home/pontryagin/me130_lab/ros2_ws/install/me130_interfaces/share/me130_interfaces/cmake/ament_cmake_export_libraries-extras.cmake
[2.951s] -- Up-to-date: /home/pontryagin/me130_lab/ros2_ws/install/me130_interfaces/share/me130_interfaces/cmake/ament_cmake_export_targets-extras.cmake
[2.952s] -- Up-to-date: /home/pontryagin/me130_lab/ros2_ws/install/me130_interfaces/share/me130_interfaces/cmake/rosidl_cmake_export_typesupport_targets-extras.cmake
[2.953s] -- Up-to-date: /home/pontryagin/me130_lab/ros2_ws/install/me130_interfaces/share/me130_interfaces/cmake/rosidl_cmake_export_typesupport_libraries-extras.cmake
[2.953s] -- Up-to-date: /home/pontryagin/me130_lab/ros2_ws/install/me130_interfaces/share/me130_interfaces/cmake/rosidl_cmake_aggregate_target-extras.cmake
[2.954s] -- Up-to-date: /home/pontryagin/me130_lab/ros2_ws/install/me130_interfaces/share/me130_interfaces/cmake/me130_interfacesConfig.cmake
[2.954s] -- Up-to-date: /home/pontryagin/me130_lab/ros2_ws/install/me130_interfaces/share/me130_interfaces/cmake/me130_interfacesConfig-version.cmake
[2.955s] -- Up-to-date: /home/pontryagin/me130_lab/ros2_ws/install/me130_interfaces/share/me130_interfaces/package.xml
[2.963s] Invoked command in '/home/pontryagin/me130_lab/ros2_ws/build/me130_interfaces' returned '0': CMAKE_PREFIX_PATH=${CMAKE_PREFIX_PATH}:/opt/ros/jazzy DEBUGINFOD_URLS=https://debuginfod.ubuntu.com /usr/bin/cmake --install /home/pontryagin/me130_lab/ros2_ws/build/me130_interfaces
