[0.448s] DEBUG:colcon:Command line arguments: ['/usr/bin/colcon', 'build']
[0.449s] DEBUG:colcon:Parsed command line arguments: Namespace(log_base=None, log_level=None, verb_name='build', build_base='build', install_base='install', merge_install=False, symlink_install=False, test_result_base=None, continue_on_error=False, executor='parallel', parallel_workers=4, event_handlers=None, ignore_user_meta=False, metas=['./colcon.meta'], base_paths=['.'], packages_ignore=None, packages_ignore_regex=None, paths=None, packages_up_to=None, packages_up_to_regex=None, packages_above=None, packages_above_and_dependencies=None, packages_above_depth=None, packages_select_by_dep=None, packages_skip_by_dep=None, packages_skip_up_to=None, packages_select_build_failed=False, packages_skip_build_finished=False, packages_select_test_failures=False, packages_skip_test_passed=False, packages_select=None, packages_skip=None, packages_select_regex=None, packages_skip_regex=None, packages_start=None, packages_end=None, allow_overriding=[], cmake_args=None, cmake_target=None, cmake_target_skip_unavailable=False, cmake_clean_cache=False, cmake_clean_first=False, cmake_force_configure=False, ament_cmake_args=None, catkin_cmake_args=None, catkin_skip_building_tests=False, mixin_files=None, mixin=None, verb_parser=<colcon_mixin.mixin.mixin_argument.MixinArgumentDecorator object at 0xffff7e4d9e20>, verb_extension=<colcon_core.verb.build.BuildVerb object at 0xffff7e68a060>, main=<bound method BuildVerb.main of <colcon_core.verb.build.BuildVerb object at 0xffff7e68a060>>, mixin_verb=('build',))
[0.620s] Level 1:colcon.colcon_core.package_discovery:discover_packages(colcon_meta) check parameters
[0.620s] Level 1:colcon.colcon_core.package_discovery:discover_packages(recursive) check parameters
[0.621s] Level 1:colcon.colcon_core.package_discovery:discover_packages(ignore) check parameters
[0.621s] Level 1:colcon.colcon_core.package_discovery:discover_packages(path) check parameters
[0.621s] Level 1:colcon.colcon_core.package_discovery:discover_packages(colcon_meta) discover
[0.621s] Level 1:colcon.colcon_core.package_discovery:discover_packages(recursive) discover
[0.621s] INFO:colcon.colcon_core.package_discovery:Crawling recursively for packages in '/home/pontryagin/me130_lab/ros2_ws'
[0.622s] Level 1:colcon.colcon_core.package_identification:_identify(.) by extensions ['ignore', 'ignore_ament_install']
[0.622s] Level 1:colcon.colcon_core.package_identification:_identify(.) by extension 'ignore'
[0.623s] Level 1:colcon.colcon_core.package_identification:_identify(.) by extension 'ignore_ament_install'
[0.623s] Level 1:colcon.colcon_core.package_identification:_identify(.) by extensions ['colcon_pkg']
[0.623s] Level 1:colcon.colcon_core.package_identification:_identify(.) by extension 'colcon_pkg'
[0.623s] Level 1:colcon.colcon_core.package_identification:_identify(.) by extensions ['colcon_meta']
[0.623s] Level 1:colcon.colcon_core.package_identification:_identify(.) by extension 'colcon_meta'
[0.623s] Level 1:colcon.colcon_core.package_identification:_identify(.) by extensions ['ros']
[0.623s] Level 1:colcon.colcon_core.package_identification:_identify(.) by extension 'ros'
[0.733s] Level 1:colcon.colcon_core.package_identification:_identify(.) by extensions ['cmake', 'python']
[0.733s] Level 1:colcon.colcon_core.package_identification:_identify(.) by extension 'cmake'
[0.734s] Level 1:colcon.colcon_core.package_identification:_identify(.) by extension 'python'
[0.734s] Level 1:colcon.colcon_core.package_identification:_identify(.) by extensions ['python_setup_py']
[0.734s] Level 1:colcon.colcon_core.package_identification:_identify(.) by extension 'python_setup_py'
[0.735s] Level 1:colcon.colcon_core.package_identification:_identify(build) by extensions ['ignore', 'ignore_ament_install']
[0.735s] Level 1:colcon.colcon_core.package_identification:_identify(build) by extension 'ignore'
[0.735s] Level 1:colcon.colcon_core.package_identification:_identify(build) ignored
[0.736s] Level 1:colcon.colcon_core.package_identification:_identify(install) by extensions ['ignore', 'ignore_ament_install']
[0.737s] Level 1:colcon.colcon_core.package_identification:_identify(install) by extension 'ignore'
[0.737s] Level 1:colcon.colcon_core.package_identification:_identify(install) ignored
[0.737s] Level 1:colcon.colcon_core.package_identification:_identify(log) by extensions ['ignore', 'ignore_ament_install']
[0.738s] Level 1:colcon.colcon_core.package_identification:_identify(log) by extension 'ignore'
[0.738s] Level 1:colcon.colcon_core.package_identification:_identify(log) ignored
[0.738s] Level 1:colcon.colcon_core.package_identification:_identify(src) by extensions ['ignore', 'ignore_ament_install']
[0.739s] Level 1:colcon.colcon_core.package_identification:_identify(src) by extension 'ignore'
[0.739s] Level 1:colcon.colcon_core.package_identification:_identify(src) by extension 'ignore_ament_install'
[0.739s] Level 1:colcon.colcon_core.package_identification:_identify(src) by extensions ['colcon_pkg']
[0.740s] Level 1:colcon.colcon_core.package_identification:_identify(src) by extension 'colcon_pkg'
[0.740s] Level 1:colcon.colcon_core.package_identification:_identify(src) by extensions ['colcon_meta']
[0.740s] Level 1:colcon.colcon_core.package_identification:_identify(src) by extension 'colcon_meta'
[0.740s] Level 1:colcon.colcon_core.package_identification:_identify(src) by extensions ['ros']
[0.740s] Level 1:colcon.colcon_core.package_identification:_identify(src) by extension 'ros'
[0.741s] Level 1:colcon.colcon_core.package_identification:_identify(src) by extensions ['cmake', 'python']
[0.741s] Level 1:colcon.colcon_core.package_identification:_identify(src) by extension 'cmake'
[0.741s] Level 1:colcon.colcon_core.package_identification:_identify(src) by extension 'python'
[0.741s] Level 1:colcon.colcon_core.package_identification:_identify(src) by extensions ['python_setup_py']
[0.741s] Level 1:colcon.colcon_core.package_identification:_identify(src) by extension 'python_setup_py'
[0.742s] Level 1:colcon.colcon_core.package_identification:_identify(src/me130_interfaces) by extensions ['ignore', 'ignore_ament_install']
[0.742s] Level 1:colcon.colcon_core.package_identification:_identify(src/me130_interfaces) by extension 'ignore'
[0.743s] Level 1:colcon.colcon_core.package_identification:_identify(src/me130_interfaces) by extension 'ignore_ament_install'
[0.743s] Level 1:colcon.colcon_core.package_identification:_identify(src/me130_interfaces) by extensions ['colcon_pkg']
[0.743s] Level 1:colcon.colcon_core.package_identification:_identify(src/me130_interfaces) by extension 'colcon_pkg'
[0.743s] Level 1:colcon.colcon_core.package_identification:_identify(src/me130_interfaces) by extensions ['colcon_meta']
[0.743s] Level 1:colcon.colcon_core.package_identification:_identify(src/me130_interfaces) by extension 'colcon_meta'
[0.744s] Level 1:colcon.colcon_core.package_identification:_identify(src/me130_interfaces) by extensions ['ros']
[0.744s] Level 1:colcon.colcon_core.package_identification:_identify(src/me130_interfaces) by extension 'ros'
[0.753s] DEBUG:colcon.colcon_core.package_identification:Package 'src/me130_interfaces' with type 'ros.ament_cmake' and name 'me130_interfaces'
[0.754s] Level 1:colcon.colcon_core.package_identification:_identify(src/me130_pendulum) by extensions ['ignore', 'ignore_ament_install']
[0.754s] Level 1:colcon.colcon_core.package_identification:_identify(src/me130_pendulum) by extension 'ignore'
[0.755s] Level 1:colcon.colcon_core.package_identification:_identify(src/me130_pendulum) by extension 'ignore_ament_install'
[0.755s] Level 1:colcon.colcon_core.package_identification:_identify(src/me130_pendulum) by extensions ['colcon_pkg']
[0.755s] Level 1:colcon.colcon_core.package_identification:_identify(src/me130_pendulum) by extension 'colcon_pkg'
[0.756s] Level 1:colcon.colcon_core.package_identification:_identify(src/me130_pendulum) by extensions ['colcon_meta']
[0.756s] Level 1:colcon.colcon_core.package_identification:_identify(src/me130_pendulum) by extension 'colcon_meta'
[0.756s] Level 1:colcon.colcon_core.package_identification:_identify(src/me130_pendulum) by extensions ['ros']
[0.756s] Level 1:colcon.colcon_core.package_identification:_identify(src/me130_pendulum) by extension 'ros'
[0.759s] DEBUG:colcon.colcon_core.package_identification:Package 'src/me130_pendulum' with type 'ros.ament_cmake' and name 'me130_pendulum'
[0.759s] Level 1:colcon.colcon_core.package_identification:_identify(src/me130_wheel) by extensions ['ignore', 'ignore_ament_install']
[0.760s] Level 1:colcon.colcon_core.package_identification:_identify(src/me130_wheel) by extension 'ignore'
[0.760s] Level 1:colcon.colcon_core.package_identification:_identify(src/me130_wheel) by extension 'ignore_ament_install'
[0.761s] Level 1:colcon.colcon_core.package_identification:_identify(src/me130_wheel) by extensions ['colcon_pkg']
[0.761s] Level 1:colcon.colcon_core.package_identification:_identify(src/me130_wheel) by extension 'colcon_pkg'
[0.761s] Level 1:colcon.colcon_core.package_identification:_identify(src/me130_wheel) by extensions ['colcon_meta']
[0.761s] Level 1:colcon.colcon_core.package_identification:_identify(src/me130_wheel) by extension 'colcon_meta'
[0.761s] Level 1:colcon.colcon_core.package_identification:_identify(src/me130_wheel) by extensions ['ros']
[0.761s] Level 1:colcon.colcon_core.package_identification:_identify(src/me130_wheel) by extension 'ros'
[0.763s] DEBUG:colcon.colcon_core.package_identification:Package 'src/me130_wheel' with type 'ros.ament_cmake' and name 'me130_wheel'
[0.764s] Level 1:colcon.colcon_core.package_discovery:discover_packages(recursive) using defaults
[0.764s] Level 1:colcon.colcon_core.package_discovery:discover_packages(ignore) discover
[0.764s] Level 1:colcon.colcon_core.package_discovery:discover_packages(ignore) using defaults
[0.764s] Level 1:colcon.colcon_core.package_discovery:discover_packages(path) discover
[0.764s] Level 1:colcon.colcon_core.package_discovery:discover_packages(path) using defaults
[0.841s] Level 1:colcon.colcon_core.package_discovery:discover_packages(prefix_path) check parameters
[0.841s] Level 1:colcon.colcon_core.package_discovery:discover_packages(prefix_path) discover
[0.850s] DEBUG:colcon.colcon_installed_package_information.package_discovery:Found 3 installed packages in /home/pontryagin/me130_lab/ros2_ws/install
[0.858s] DEBUG:colcon.colcon_installed_package_information.package_discovery:Found 194 installed packages in /opt/ros/jazzy
[0.861s] Level 1:colcon.colcon_core.package_discovery:discover_packages(prefix_path) using defaults
[0.997s] Level 5:colcon.colcon_core.verb:set package 'me130_interfaces' build argument 'cmake_args' from command line to 'None'
[0.997s] Level 5:colcon.colcon_core.verb:set package 'me130_interfaces' build argument 'cmake_target' from command line to 'None'
[0.997s] Level 5:colcon.colcon_core.verb:set package 'me130_interfaces' build argument 'cmake_target_skip_unavailable' from command line to 'False'
[0.997s] Level 5:colcon.colcon_core.verb:set package 'me130_interfaces' build argument 'cmake_clean_cache' from command line to 'False'
[0.998s] Level 5:colcon.colcon_core.verb:set package 'me130_interfaces' build argument 'cmake_clean_first' from command line to 'False'
[0.998s] Level 5:colcon.colcon_core.verb:set package 'me130_interfaces' build argument 'cmake_force_configure' from command line to 'False'
[0.998s] Level 5:colcon.colcon_core.verb:set package 'me130_interfaces' build argument 'ament_cmake_args' from command line to 'None'
[0.998s] Level 5:colcon.colcon_core.verb:set package 'me130_interfaces' build argument 'catkin_cmake_args' from command line to 'None'
[0.998s] Level 5:colcon.colcon_core.verb:set package 'me130_interfaces' build argument 'catkin_skip_building_tests' from command line to 'False'
[0.998s] DEBUG:colcon.colcon_core.verb:Building package 'me130_interfaces' with the following arguments: {'ament_cmake_args': None, 'build_base': '/home/pontryagin/me130_lab/ros2_ws/build/me130_interfaces', 'catkin_cmake_args': None, 'catkin_skip_building_tests': False, 'cmake_args': None, 'cmake_clean_cache': False, 'cmake_clean_first': False, 'cmake_force_configure': False, 'cmake_target': None, 'cmake_target_skip_unavailable': False, 'install_base': '/home/pontryagin/me130_lab/ros2_ws/install/me130_interfaces', 'merge_install': False, 'path': '/home/pontryagin/me130_lab/ros2_ws/src/me130_interfaces', 'symlink_install': False, 'test_result_base': None}
[0.999s] Level 5:colcon.colcon_core.verb:set package 'me130_pendulum' build argument 'cmake_args' from command line to 'None'
[1.000s] Level 5:colcon.colcon_core.verb:set package 'me130_pendulum' build argument 'cmake_target' from command line to 'None'
[1.000s] Level 5:colcon.colcon_core.verb:set package 'me130_pendulum' build argument 'cmake_target_skip_unavailable' from command line to 'False'
[1.000s] Level 5:colcon.colcon_core.verb:set package 'me130_pendulum' build argument 'cmake_clean_cache' from command line to 'False'
[1.000s] Level 5:colcon.colcon_core.verb:set package 'me130_pendulum' build argument 'cmake_clean_first' from command line to 'False'
[1.000s] Level 5:colcon.colcon_core.verb:set package 'me130_pendulum' build argument 'cmake_force_configure' from command line to 'False'
[1.000s] Level 5:colcon.colcon_core.verb:set package 'me130_pendulum' build argument 'ament_cmake_args' from command line to 'None'
[1.000s] Level 5:colcon.colcon_core.verb:set package 'me130_pendulum' build argument 'catkin_cmake_args' from command line to 'None'
[1.000s] Level 5:colcon.colcon_core.verb:set package 'me130_pendulum' build argument 'catkin_skip_building_tests' from command line to 'False'
[1.001s] DEBUG:colcon.colcon_core.verb:Building package 'me130_pendulum' with the following arguments: {'ament_cmake_args': None, 'build_base': '/home/pontryagin/me130_lab/ros2_ws/build/me130_pendulum', 'catkin_cmake_args': None, 'catkin_skip_building_tests': False, 'cmake_args': None, 'cmake_clean_cache': False, 'cmake_clean_first': False, 'cmake_force_configure': False, 'cmake_target': None, 'cmake_target_skip_unavailable': False, 'install_base': '/home/pontryagin/me130_lab/ros2_ws/install/me130_pendulum', 'merge_install': False, 'path': '/home/pontryagin/me130_lab/ros2_ws/src/me130_pendulum', 'symlink_install': False, 'test_result_base': None}
[1.002s] Level 5:colcon.colcon_core.verb:set package 'me130_wheel' build argument 'cmake_args' from command line to 'None'
[1.002s] Level 5:colcon.colcon_core.verb:set package 'me130_wheel' build argument 'cmake_target' from command line to 'None'
[1.002s] Level 5:colcon.colcon_core.verb:set package 'me130_wheel' build argument 'cmake_target_skip_unavailable' from command line to 'False'
[1.002s] Level 5:colcon.colcon_core.verb:set package 'me130_wheel' build argument 'cmake_clean_cache' from command line to 'False'
[1.002s] Level 5:colcon.colcon_core.verb:set package 'me130_wheel' build argument 'cmake_clean_first' from command line to 'False'
[1.002s] Level 5:colcon.colcon_core.verb:set package 'me130_wheel' build argument 'cmake_force_configure' from command line to 'False'
[1.003s] Level 5:colcon.colcon_core.verb:set package 'me130_wheel' build argument 'ament_cmake_args' from command line to 'None'
[1.003s] Level 5:colcon.colcon_core.verb:set package 'me130_wheel' build argument 'catkin_cmake_args' from command line to 'None'
[1.003s] Level 5:colcon.colcon_core.verb:set package 'me130_wheel' build argument 'catkin_skip_building_tests' from command line to 'False'
[1.003s] DEBUG:colcon.colcon_core.verb:Building package 'me130_wheel' with the following arguments: {'ament_cmake_args': None, 'build_base': '/home/pontryagin/me130_lab/ros2_ws/build/me130_wheel', 'catkin_cmake_args': None, 'catkin_skip_building_tests': False, 'cmake_args': None, 'cmake_clean_cache': False, 'cmake_clean_first': False, 'cmake_force_configure': False, 'cmake_target': None, 'cmake_target_skip_unavailable': False, 'install_base': '/home/pontryagin/me130_lab/ros2_ws/install/me130_wheel', 'merge_install': False, 'path': '/home/pontryagin/me130_lab/ros2_ws/src/me130_wheel', 'symlink_install': False, 'test_result_base': None}
[1.004s] INFO:colcon.colcon_core.executor:Executing jobs using 'parallel' executor
[1.007s] DEBUG:colcon.colcon_parallel_executor.executor.parallel:run_until_complete
[1.008s] INFO:colcon.colcon_ros.task.ament_cmake.build:Building ROS package in '/home/pontryagin/me130_lab/ros2_ws/src/me130_interfaces' with build type 'ament_cmake'
[1.009s] INFO:colcon.colcon_cmake.task.cmake.build:Building CMake package in '/home/pontryagin/me130_lab/ros2_ws/src/me130_interfaces'
[1.017s] INFO:colcon.colcon_core.plugin_system:Skipping extension 'colcon_core.shell.bat': Not used on non-Windows systems
[1.018s] INFO:colcon.colcon_core.shell:Skip shell extension 'powershell' for command environment: Not usable outside of PowerShell
[1.018s] DEBUG:colcon.colcon_core.shell:Skip shell extension 'dsv' for command environment
[1.064s] DEBUG:colcon.colcon_core.event_handler.log_command:Invoking command in '/home/pontryagin/me130_lab/ros2_ws/build/me130_interfaces': CMAKE_PREFIX_PATH=${CMAKE_PREFIX_PATH}:/opt/ros/jazzy DEBUGINFOD_URLS=https://debuginfod.ubuntu.com /usr/bin/cmake --build /home/pontryagin/me130_lab/ros2_ws/build/me130_interfaces -- -j4 -l4
[3.234s] DEBUG:colcon.colcon_core.event_handler.log_command:Invoked command in '/home/pontryagin/me130_lab/ros2_ws/build/me130_interfaces' returned '0': CMAKE_PREFIX_PATH=${CMAKE_PREFIX_PATH}:/opt/ros/jazzy DEBUGINFOD_URLS=https://debuginfod.ubuntu.com /usr/bin/cmake --build /home/pontryagin/me130_lab/ros2_ws/build/me130_interfaces -- -j4 -l4
[3.285s] DEBUG:colcon.colcon_core.event_handler.log_command:Invoking command in '/home/pontryagin/me130_lab/ros2_ws/build/me130_interfaces': CMAKE_PREFIX_PATH=${CMAKE_PREFIX_PATH}:/opt/ros/jazzy DEBUGINFOD_URLS=https://debuginfod.ubuntu.com /usr/bin/cmake --install /home/pontryagin/me130_lab/ros2_ws/build/me130_interfaces
[3.645s] Level 1:colcon.colcon_core.environment:create_environment_scripts_only(me130_interfaces)
[3.647s] DEBUG:colcon.colcon_core.event_handler.log_command:Invoked command in '/home/pontryagin/me130_lab/ros2_ws/build/me130_interfaces' returned '0': CMAKE_PREFIX_PATH=${CMAKE_PREFIX_PATH}:/opt/ros/jazzy DEBUGINFOD_URLS=https://debuginfod.ubuntu.com /usr/bin/cmake --install /home/pontryagin/me130_lab/ros2_ws/build/me130_interfaces
[3.656s] Level 1:colcon.colcon_core.environment:checking '/home/pontryagin/me130_lab/ros2_ws/install/me130_interfaces' for CMake module files
[3.662s] Level 1:colcon.colcon_core.environment:checking '/home/pontryagin/me130_lab/ros2_ws/install/me130_interfaces' for CMake config files
[3.668s] Level 1:colcon.colcon_core.shell:create_environment_hook('me130_interfaces', 'cmake_prefix_path')
[3.669s] INFO:colcon.colcon_core.shell:Creating environment hook '/home/pontryagin/me130_lab/ros2_ws/install/me130_interfaces/share/me130_interfaces/hook/cmake_prefix_path.ps1'
[3.673s] INFO:colcon.colcon_core.shell:Creating environment descriptor '/home/pontryagin/me130_lab/ros2_ws/install/me130_interfaces/share/me130_interfaces/hook/cmake_prefix_path.dsv'
[3.677s] INFO:colcon.colcon_core.shell:Creating environment hook '/home/pontryagin/me130_lab/ros2_ws/install/me130_interfaces/share/me130_interfaces/hook/cmake_prefix_path.sh'
[3.682s] Level 1:colcon.colcon_core.environment:checking '/home/pontryagin/me130_lab/ros2_ws/install/me130_interfaces/lib'
[3.683s] Level 1:colcon.colcon_core.shell:create_environment_hook('me130_interfaces', 'ld_library_path_lib')
[3.684s] INFO:colcon.colcon_core.shell:Creating environment hook '/home/pontryagin/me130_lab/ros2_ws/install/me130_interfaces/share/me130_interfaces/hook/ld_library_path_lib.ps1'
[3.686s] INFO:colcon.colcon_core.shell:Creating environment descriptor '/home/pontryagin/me130_lab/ros2_ws/install/me130_interfaces/share/me130_interfaces/hook/ld_library_path_lib.dsv'
[3.689s] INFO:colcon.colcon_core.shell:Creating environment hook '/home/pontryagin/me130_lab/ros2_ws/install/me130_interfaces/share/me130_interfaces/hook/ld_library_path_lib.sh'
[3.691s] Level 1:colcon.colcon_core.environment:checking '/home/pontryagin/me130_lab/ros2_ws/install/me130_interfaces/bin'
[3.691s] Level 1:colcon.colcon_core.environment:checking '/home/pontryagin/me130_lab/ros2_ws/install/me130_interfaces/lib/pkgconfig/me130_interfaces.pc'
[3.692s] Level 1:colcon.colcon_core.environment:checking '/home/pontryagin/me130_lab/ros2_ws/install/me130_interfaces/lib/python3.12/site-packages'
[3.693s] Level 1:colcon.colcon_core.shell:create_environment_hook('me130_interfaces', 'pythonpath')
[3.693s] INFO:colcon.colcon_core.shell:Creating environment hook '/home/pontryagin/me130_lab/ros2_ws/install/me130_interfaces/share/me130_interfaces/hook/pythonpath.ps1'
[3.695s] INFO:colcon.colcon_core.shell:Creating environment descriptor '/home/pontryagin/me130_lab/ros2_ws/install/me130_interfaces/share/me130_interfaces/hook/pythonpath.dsv'
[3.697s] INFO:colcon.colcon_core.shell:Creating environment hook '/home/pontryagin/me130_lab/ros2_ws/install/me130_interfaces/share/me130_interfaces/hook/pythonpath.sh'
[3.700s] Level 1:colcon.colcon_core.environment:checking '/home/pontryagin/me130_lab/ros2_ws/install/me130_interfaces/bin'
[3.702s] INFO:colcon.colcon_core.shell:Creating package script '/home/pontryagin/me130_lab/ros2_ws/install/me130_interfaces/share/me130_interfaces/package.ps1'
[3.706s] INFO:colcon.colcon_core.shell:Creating package descriptor '/home/pontryagin/me130_lab/ros2_ws/install/me130_interfaces/share/me130_interfaces/package.dsv'
[3.709s] INFO:colcon.colcon_core.shell:Creating package script '/home/pontryagin/me130_lab/ros2_ws/install/me130_interfaces/share/me130_interfaces/package.sh'
[3.712s] INFO:colcon.colcon_core.shell:Creating package script '/home/pontryagin/me130_lab/ros2_ws/install/me130_interfaces/share/me130_interfaces/package.bash'
[3.715s] INFO:colcon.colcon_core.shell:Creating package script '/home/pontryagin/me130_lab/ros2_ws/install/me130_interfaces/share/me130_interfaces/package.zsh'
[3.718s] Level 1:colcon.colcon_core.environment:create_file_with_runtime_dependencies(/home/pontryagin/me130_lab/ros2_ws/install/me130_interfaces/share/colcon-core/packages/me130_interfaces)
[3.721s] Level 1:colcon.colcon_core.environment:create_environment_scripts_only(me130_interfaces)
[3.721s] Level 1:colcon.colcon_core.environment:checking '/home/pontryagin/me130_lab/ros2_ws/install/me130_interfaces' for CMake module files
[3.727s] Level 1:colcon.colcon_core.environment:checking '/home/pontryagin/me130_lab/ros2_ws/install/me130_interfaces' for CMake config files
[3.732s] Level 1:colcon.colcon_core.shell:create_environment_hook('me130_interfaces', 'cmake_prefix_path')
[3.733s] INFO:colcon.colcon_core.shell:Creating environment hook '/home/pontryagin/me130_lab/ros2_ws/install/me130_interfaces/share/me130_interfaces/hook/cmake_prefix_path.ps1'
[3.735s] INFO:colcon.colcon_core.shell:Creating environment descriptor '/home/pontryagin/me130_lab/ros2_ws/install/me130_interfaces/share/me130_interfaces/hook/cmake_prefix_path.dsv'
[3.737s] INFO:colcon.colcon_core.shell:Creating environment hook '/home/pontryagin/me130_lab/ros2_ws/install/me130_interfaces/share/me130_interfaces/hook/cmake_prefix_path.sh'
[3.740s] Level 1:colcon.colcon_core.environment:checking '/home/pontryagin/me130_lab/ros2_ws/install/me130_interfaces/lib'
[3.740s] Level 1:colcon.colcon_core.shell:create_environment_hook('me130_interfaces', 'ld_library_path_lib')
[3.741s] INFO:colcon.colcon_core.shell:Creating environment hook '/home/pontryagin/me130_lab/ros2_ws/install/me130_interfaces/share/me130_interfaces/hook/ld_library_path_lib.ps1'
[3.743s] INFO:colcon.colcon_core.shell:Creating environment descriptor '/home/pontryagin/me130_lab/ros2_ws/install/me130_interfaces/share/me130_interfaces/hook/ld_library_path_lib.dsv'
[3.744s] INFO:colcon.colcon_core.shell:Creating environment hook '/home/pontryagin/me130_lab/ros2_ws/install/me130_interfaces/share/me130_interfaces/hook/ld_library_path_lib.sh'
[3.746s] Level 1:colcon.colcon_core.environment:checking '/home/pontryagin/me130_lab/ros2_ws/install/me130_interfaces/bin'
[3.747s] Level 1:colcon.colcon_core.environment:checking '/home/pontryagin/me130_lab/ros2_ws/install/me130_interfaces/lib/pkgconfig/me130_interfaces.pc'
[3.748s] Level 1:colcon.colcon_core.environment:checking '/home/pontryagin/me130_lab/ros2_ws/install/me130_interfaces/lib/python3.12/site-packages'
[3.748s] Level 1:colcon.colcon_core.shell:create_environment_hook('me130_interfaces', 'pythonpath')
[3.749s] INFO:colcon.colcon_core.shell:Creating environment hook '/home/pontryagin/me130_lab/ros2_ws/install/me130_interfaces/share/me130_interfaces/hook/pythonpath.ps1'
[3.751s] INFO:colcon.colcon_core.shell:Creating environment descriptor '/home/pontryagin/me130_lab/ros2_ws/install/me130_interfaces/share/me130_interfaces/hook/pythonpath.dsv'
[3.753s] INFO:colcon.colcon_core.shell:Creating environment hook '/home/pontryagin/me130_lab/ros2_ws/install/me130_interfaces/share/me130_interfaces/hook/pythonpath.sh'
[3.756s] Level 1:colcon.colcon_core.environment:checking '/home/pontryagin/me130_lab/ros2_ws/install/me130_interfaces/bin'
[3.757s] INFO:colcon.colcon_core.shell:Creating package script '/home/pontryagin/me130_lab/ros2_ws/install/me130_interfaces/share/me130_interfaces/package.ps1'
[3.760s] INFO:colcon.colcon_core.shell:Creating package descriptor '/home/pontryagin/me130_lab/ros2_ws/install/me130_interfaces/share/me130_interfaces/package.dsv'
[3.763s] INFO:colcon.colcon_core.shell:Creating package script '/home/pontryagin/me130_lab/ros2_ws/install/me130_interfaces/share/me130_interfaces/package.sh'
[3.765s] INFO:colcon.colcon_core.shell:Creating package script '/home/pontryagin/me130_lab/ros2_ws/install/me130_interfaces/share/me130_interfaces/package.bash'
[3.768s] INFO:colcon.colcon_core.shell:Creating package script '/home/pontryagin/me130_lab/ros2_ws/install/me130_interfaces/share/me130_interfaces/package.zsh'
[3.770s] Level 1:colcon.colcon_core.environment:create_file_with_runtime_dependencies(/home/pontryagin/me130_lab/ros2_ws/install/me130_interfaces/share/colcon-core/packages/me130_interfaces)
[3.772s] INFO:colcon.colcon_ros.task.ament_cmake.build:Building ROS package in '/home/pontryagin/me130_lab/ros2_ws/src/me130_pendulum' with build type 'ament_cmake'
[3.772s] INFO:colcon.colcon_cmake.task.cmake.build:Building CMake package in '/home/pontryagin/me130_lab/ros2_ws/src/me130_pendulum'
[3.774s] INFO:colcon.colcon_core.shell:Skip shell extension 'powershell' for command environment: Not usable outside of PowerShell
[3.774s] DEBUG:colcon.colcon_core.shell:Skip shell extension 'dsv' for command environment
[3.828s] DEBUG:colcon.colcon_core.event_handler.log_command:Invoking command in '/home/pontryagin/me130_lab/ros2_ws/build/me130_pendulum': CMAKE_PREFIX_PATH=/home/pontryagin/me130_lab/ros2_ws/install/me130_interfaces:/home/pontryagin/me130_lab/ros2_ws/install/me130_wheel:/home/pontryagin/me130_lab/ros2_ws/install/me130_pendulum:/opt/ros/jazzy DEBUGINFOD_URLS=https://debuginfod.ubuntu.com /usr/bin/cmake --build /home/pontryagin/me130_lab/ros2_ws/build/me130_pendulum -- -j4 -l4
[4.658s] DEBUG:colcon.colcon_core.event_handler.log_command:Invoked command in '/home/pontryagin/me130_lab/ros2_ws/build/me130_pendulum' returned '0': CMAKE_PREFIX_PATH=/home/pontryagin/me130_lab/ros2_ws/install/me130_interfaces:/home/pontryagin/me130_lab/ros2_ws/install/me130_wheel:/home/pontryagin/me130_lab/ros2_ws/install/me130_pendulum:/opt/ros/jazzy DEBUGINFOD_URLS=https://debuginfod.ubuntu.com /usr/bin/cmake --build /home/pontryagin/me130_lab/ros2_ws/build/me130_pendulum -- -j4 -l4
[4.664s] DEBUG:colcon.colcon_core.event_handler.log_command:Invoking command in '/home/pontryagin/me130_lab/ros2_ws/build/me130_pendulum': CMAKE_PREFIX_PATH=/home/pontryagin/me130_lab/ros2_ws/install/me130_interfaces:/home/pontryagin/me130_lab/ros2_ws/install/me130_wheel:/home/pontryagin/me130_lab/ros2_ws/install/me130_pendulum:/opt/ros/jazzy DEBUGINFOD_URLS=https://debuginfod.ubuntu.com /usr/bin/cmake --install /home/pontryagin/me130_lab/ros2_ws/build/me130_pendulum
[4.744s] Level 1:colcon.colcon_core.environment:create_environment_scripts_only(me130_pendulum)
[4.745s] Level 1:colcon.colcon_core.environment:checking '/home/pontryagin/me130_lab/ros2_ws/install/me130_pendulum' for CMake module files
[4.747s] DEBUG:colcon.colcon_core.event_handler.log_command:Invoked command in '/home/pontryagin/me130_lab/ros2_ws/build/me130_pendulum' returned '0': CMAKE_PREFIX_PATH=/home/pontryagin/me130_lab/ros2_ws/install/me130_interfaces:/home/pontryagin/me130_lab/ros2_ws/install/me130_wheel:/home/pontryagin/me130_lab/ros2_ws/install/me130_pendulum:/opt/ros/jazzy DEBUGINFOD_URLS=https://debuginfod.ubuntu.com /usr/bin/cmake --install /home/pontryagin/me130_lab/ros2_ws/build/me130_pendulum
[4.750s] Level 1:colcon.colcon_core.environment:checking '/home/pontryagin/me130_lab/ros2_ws/install/me130_pendulum' for CMake config files
[4.753s] Level 1:colcon.colcon_core.shell:create_environment_hook('me130_pendulum', 'cmake_prefix_path')
[4.754s] INFO:colcon.colcon_core.shell:Creating environment hook '/home/pontryagin/me130_lab/ros2_ws/install/me130_pendulum/share/me130_pendulum/hook/cmake_prefix_path.ps1'
[4.756s] INFO:colcon.colcon_core.shell:Creating environment descriptor '/home/pontryagin/me130_lab/ros2_ws/install/me130_pendulum/share/me130_pendulum/hook/cmake_prefix_path.dsv'
[4.758s] INFO:colcon.colcon_core.shell:Creating environment hook '/home/pontryagin/me130_lab/ros2_ws/install/me130_pendulum/share/me130_pendulum/hook/cmake_prefix_path.sh'
[4.761s] Level 1:colcon.colcon_core.environment:checking '/home/pontryagin/me130_lab/ros2_ws/install/me130_pendulum/lib'
[4.762s] Level 1:colcon.colcon_core.environment:checking '/home/pontryagin/me130_lab/ros2_ws/install/me130_pendulum/bin'
[4.762s] Level 1:colcon.colcon_core.environment:checking '/home/pontryagin/me130_lab/ros2_ws/install/me130_pendulum/lib/pkgconfig/me130_pendulum.pc'
[4.763s] Level 1:colcon.colcon_core.environment:checking '/home/pontryagin/me130_lab/ros2_ws/install/me130_pendulum/lib/python3.12/site-packages'
[4.764s] Level 1:colcon.colcon_core.environment:checking '/home/pontryagin/me130_lab/ros2_ws/install/me130_pendulum/bin'
[4.765s] INFO:colcon.colcon_core.shell:Creating package script '/home/pontryagin/me130_lab/ros2_ws/install/me130_pendulum/share/me130_pendulum/package.ps1'
[4.767s] INFO:colcon.colcon_core.shell:Creating package descriptor '/home/pontryagin/me130_lab/ros2_ws/install/me130_pendulum/share/me130_pendulum/package.dsv'
[4.769s] INFO:colcon.colcon_core.shell:Creating package script '/home/pontryagin/me130_lab/ros2_ws/install/me130_pendulum/share/me130_pendulum/package.sh'
[4.771s] INFO:colcon.colcon_core.shell:Creating package script '/home/pontryagin/me130_lab/ros2_ws/install/me130_pendulum/share/me130_pendulum/package.bash'
[4.773s] INFO:colcon.colcon_core.shell:Creating package script '/home/pontryagin/me130_lab/ros2_ws/install/me130_pendulum/share/me130_pendulum/package.zsh'
[4.775s] Level 1:colcon.colcon_core.environment:create_file_with_runtime_dependencies(/home/pontryagin/me130_lab/ros2_ws/install/me130_pendulum/share/colcon-core/packages/me130_pendulum)
[4.778s] Level 1:colcon.colcon_core.environment:create_environment_scripts_only(me130_pendulum)
[4.778s] Level 1:colcon.colcon_core.environment:checking '/home/pontryagin/me130_lab/ros2_ws/install/me130_pendulum' for CMake module files
[4.782s] Level 1:colcon.colcon_core.environment:checking '/home/pontryagin/me130_lab/ros2_ws/install/me130_pendulum' for CMake config files
[4.784s] Level 1:colcon.colcon_core.shell:create_environment_hook('me130_pendulum', 'cmake_prefix_path')
[4.785s] INFO:colcon.colcon_core.shell:Creating environment hook '/home/pontryagin/me130_lab/ros2_ws/install/me130_pendulum/share/me130_pendulum/hook/cmake_prefix_path.ps1'
[4.787s] INFO:colcon.colcon_core.shell:Creating environment descriptor '/home/pontryagin/me130_lab/ros2_ws/install/me130_pendulum/share/me130_pendulum/hook/cmake_prefix_path.dsv'
[4.788s] INFO:colcon.colcon_core.shell:Creating environment hook '/home/pontryagin/me130_lab/ros2_ws/install/me130_pendulum/share/me130_pendulum/hook/cmake_prefix_path.sh'
[4.791s] Level 1:colcon.colcon_core.environment:checking '/home/pontryagin/me130_lab/ros2_ws/install/me130_pendulum/lib'
[4.792s] Level 1:colcon.colcon_core.environment:checking '/home/pontryagin/me130_lab/ros2_ws/install/me130_pendulum/bin'
[4.792s] Level 1:colcon.colcon_core.environment:checking '/home/pontryagin/me130_lab/ros2_ws/install/me130_pendulum/lib/pkgconfig/me130_pendulum.pc'
[4.793s] Level 1:colcon.colcon_core.environment:checking '/home/pontryagin/me130_lab/ros2_ws/install/me130_pendulum/lib/python3.12/site-packages'
[4.794s] Level 1:colcon.colcon_core.environment:checking '/home/pontryagin/me130_lab/ros2_ws/install/me130_pendulum/bin'
[4.795s] INFO:colcon.colcon_core.shell:Creating package script '/home/pontryagin/me130_lab/ros2_ws/install/me130_pendulum/share/me130_pendulum/package.ps1'
[4.798s] INFO:colcon.colcon_core.shell:Creating package descriptor '/home/pontryagin/me130_lab/ros2_ws/install/me130_pendulum/share/me130_pendulum/package.dsv'
[4.801s] INFO:colcon.colcon_core.shell:Creating package script '/home/pontryagin/me130_lab/ros2_ws/install/me130_pendulum/share/me130_pendulum/package.sh'
[4.803s] INFO:colcon.colcon_core.shell:Creating package script '/home/pontryagin/me130_lab/ros2_ws/install/me130_pendulum/share/me130_pendulum/package.bash'
[4.805s] INFO:colcon.colcon_core.shell:Creating package script '/home/pontryagin/me130_lab/ros2_ws/install/me130_pendulum/share/me130_pendulum/package.zsh'
[4.807s] Level 1:colcon.colcon_core.environment:create_file_with_runtime_dependencies(/home/pontryagin/me130_lab/ros2_ws/install/me130_pendulum/share/colcon-core/packages/me130_pendulum)
[4.812s] INFO:colcon.colcon_ros.task.ament_cmake.build:Building ROS package in '/home/pontryagin/me130_lab/ros2_ws/src/me130_wheel' with build type 'ament_cmake'
[4.812s] INFO:colcon.colcon_cmake.task.cmake.build:Building CMake package in '/home/pontryagin/me130_lab/ros2_ws/src/me130_wheel'
[4.813s] INFO:colcon.colcon_core.shell:Skip shell extension 'powershell' for command environment: Not usable outside of PowerShell
[4.814s] DEBUG:colcon.colcon_core.shell:Skip shell extension 'dsv' for command environment
[4.876s] DEBUG:colcon.colcon_core.event_handler.log_command:Invoking command in '/home/pontryagin/me130_lab/ros2_ws/build/me130_wheel': CMAKE_PREFIX_PATH=/home/pontryagin/me130_lab/ros2_ws/install/me130_pendulum:/home/pontryagin/me130_lab/ros2_ws/install/me130_interfaces:/home/pontryagin/me130_lab/ros2_ws/install/me130_wheel:/opt/ros/jazzy DEBUGINFOD_URLS=https://debuginfod.ubuntu.com /usr/bin/cmake --build /home/pontryagin/me130_lab/ros2_ws/build/me130_wheel -- -j4 -l4
[5.068s] DEBUG:colcon.colcon_core.event_handler.log_command:Invoked command in '/home/pontryagin/me130_lab/ros2_ws/build/me130_wheel' returned '0': CMAKE_PREFIX_PATH=/home/pontryagin/me130_lab/ros2_ws/install/me130_pendulum:/home/pontryagin/me130_lab/ros2_ws/install/me130_interfaces:/home/pontryagin/me130_lab/ros2_ws/install/me130_wheel:/opt/ros/jazzy DEBUGINFOD_URLS=https://debuginfod.ubuntu.com /usr/bin/cmake --build /home/pontryagin/me130_lab/ros2_ws/build/me130_wheel -- -j4 -l4
[5.074s] DEBUG:colcon.colcon_core.event_handler.log_command:Invoking command in '/home/pontryagin/me130_lab/ros2_ws/build/me130_wheel': CMAKE_PREFIX_PATH=/home/pontryagin/me130_lab/ros2_ws/install/me130_pendulum:/home/pontryagin/me130_lab/ros2_ws/install/me130_interfaces:/home/pontryagin/me130_lab/ros2_ws/install/me130_wheel:/opt/ros/jazzy DEBUGINFOD_URLS=https://debuginfod.ubuntu.com /usr/bin/cmake --install /home/pontryagin/me130_lab/ros2_ws/build/me130_wheel
[5.128s] Level 1:colcon.colcon_core.environment:create_environment_scripts_only(me130_wheel)
[5.129s] Level 1:colcon.colcon_core.environment:checking '/home/pontryagin/me130_lab/ros2_ws/install/me130_wheel' for CMake module files
[5.130s] DEBUG:colcon.colcon_core.event_handler.log_command:Invoked command in '/home/pontryagin/me130_lab/ros2_ws/build/me130_wheel' returned '0': CMAKE_PREFIX_PATH=/home/pontryagin/me130_lab/ros2_ws/install/me130_pendulum:/home/pontryagin/me130_lab/ros2_ws/install/me130_interfaces:/home/pontryagin/me130_lab/ros2_ws/install/me130_wheel:/opt/ros/jazzy DEBUGINFOD_URLS=https://debuginfod.ubuntu.com /usr/bin/cmake --install /home/pontryagin/me130_lab/ros2_ws/build/me130_wheel
[5.133s] Level 1:colcon.colcon_core.environment:checking '/home/pontryagin/me130_lab/ros2_ws/install/me130_wheel' for CMake config files
[5.135s] Level 1:colcon.colcon_core.shell:create_environment_hook('me130_wheel', 'cmake_prefix_path')
[5.136s] INFO:colcon.colcon_core.shell:Creating environment hook '/home/pontryagin/me130_lab/ros2_ws/install/me130_wheel/share/me130_wheel/hook/cmake_prefix_path.ps1'
[5.138s] INFO:colcon.colcon_core.shell:Creating environment descriptor '/home/pontryagin/me130_lab/ros2_ws/install/me130_wheel/share/me130_wheel/hook/cmake_prefix_path.dsv'
[5.140s] INFO:colcon.colcon_core.shell:Creating environment hook '/home/pontryagin/me130_lab/ros2_ws/install/me130_wheel/share/me130_wheel/hook/cmake_prefix_path.sh'
[5.143s] Level 1:colcon.colcon_core.environment:checking '/home/pontryagin/me130_lab/ros2_ws/install/me130_wheel/lib'
[5.143s] Level 1:colcon.colcon_core.environment:checking '/home/pontryagin/me130_lab/ros2_ws/install/me130_wheel/bin'
[5.143s] Level 1:colcon.colcon_core.environment:checking '/home/pontryagin/me130_lab/ros2_ws/install/me130_wheel/lib/pkgconfig/me130_wheel.pc'
[5.144s] Level 1:colcon.colcon_core.environment:checking '/home/pontryagin/me130_lab/ros2_ws/install/me130_wheel/lib/python3.12/site-packages'
[5.146s] Level 1:colcon.colcon_core.environment:checking '/home/pontryagin/me130_lab/ros2_ws/install/me130_wheel/bin'
[5.147s] INFO:colcon.colcon_core.shell:Creating package script '/home/pontryagin/me130_lab/ros2_ws/install/me130_wheel/share/me130_wheel/package.ps1'
[5.150s] INFO:colcon.colcon_core.shell:Creating package descriptor '/home/pontryagin/me130_lab/ros2_ws/install/me130_wheel/share/me130_wheel/package.dsv'
[5.154s] INFO:colcon.colcon_core.shell:Creating package script '/home/pontryagin/me130_lab/ros2_ws/install/me130_wheel/share/me130_wheel/package.sh'
[5.156s] INFO:colcon.colcon_core.shell:Creating package script '/home/pontryagin/me130_lab/ros2_ws/install/me130_wheel/share/me130_wheel/package.bash'
[5.157s] INFO:colcon.colcon_core.shell:Creating package script '/home/pontryagin/me130_lab/ros2_ws/install/me130_wheel/share/me130_wheel/package.zsh'
[5.159s] Level 1:colcon.colcon_core.environment:create_file_with_runtime_dependencies(/home/pontryagin/me130_lab/ros2_ws/install/me130_wheel/share/colcon-core/packages/me130_wheel)
[5.161s] Level 1:colcon.colcon_core.environment:create_environment_scripts_only(me130_wheel)
[5.162s] Level 1:colcon.colcon_core.environment:checking '/home/pontryagin/me130_lab/ros2_ws/install/me130_wheel' for CMake module files
[5.165s] Level 1:colcon.colcon_core.environment:checking '/home/pontryagin/me130_lab/ros2_ws/install/me130_wheel' for CMake config files
[5.167s] Level 1:colcon.colcon_core.shell:create_environment_hook('me130_wheel', 'cmake_prefix_path')
[5.168s] INFO:colcon.colcon_core.shell:Creating environment hook '/home/pontryagin/me130_lab/ros2_ws/install/me130_wheel/share/me130_wheel/hook/cmake_prefix_path.ps1'
[5.170s] INFO:colcon.colcon_core.shell:Creating environment descriptor '/home/pontryagin/me130_lab/ros2_ws/install/me130_wheel/share/me130_wheel/hook/cmake_prefix_path.dsv'
[5.172s] INFO:colcon.colcon_core.shell:Creating environment hook '/home/pontryagin/me130_lab/ros2_ws/install/me130_wheel/share/me130_wheel/hook/cmake_prefix_path.sh'
[5.175s] Level 1:colcon.colcon_core.environment:checking '/home/pontryagin/me130_lab/ros2_ws/install/me130_wheel/lib'
[5.176s] Level 1:colcon.colcon_core.environment:checking '/home/pontryagin/me130_lab/ros2_ws/install/me130_wheel/bin'
[5.176s] Level 1:colcon.colcon_core.environment:checking '/home/pontryagin/me130_lab/ros2_ws/install/me130_wheel/lib/pkgconfig/me130_wheel.pc'
[5.177s] Level 1:colcon.colcon_core.environment:checking '/home/pontryagin/me130_lab/ros2_ws/install/me130_wheel/lib/python3.12/site-packages'
[5.178s] Level 1:colcon.colcon_core.environment:checking '/home/pontryagin/me130_lab/ros2_ws/install/me130_wheel/bin'
[5.179s] INFO:colcon.colcon_core.shell:Creating package script '/home/pontryagin/me130_lab/ros2_ws/install/me130_wheel/share/me130_wheel/package.ps1'
[5.182s] INFO:colcon.colcon_core.shell:Creating package descriptor '/home/pontryagin/me130_lab/ros2_ws/install/me130_wheel/share/me130_wheel/package.dsv'
[5.184s] INFO:colcon.colcon_core.shell:Creating package script '/home/pontryagin/me130_lab/ros2_ws/install/me130_wheel/share/me130_wheel/package.sh'
[5.186s] INFO:colcon.colcon_core.shell:Creating package script '/home/pontryagin/me130_lab/ros2_ws/install/me130_wheel/share/me130_wheel/package.bash'
[5.188s] INFO:colcon.colcon_core.shell:Creating package script '/home/pontryagin/me130_lab/ros2_ws/install/me130_wheel/share/me130_wheel/package.zsh'
[5.190s] Level 1:colcon.colcon_core.environment:create_file_with_runtime_dependencies(/home/pontryagin/me130_lab/ros2_ws/install/me130_wheel/share/colcon-core/packages/me130_wheel)
[5.191s] DEBUG:colcon.colcon_parallel_executor.executor.parallel:closing loop
[5.192s] DEBUG:colcon.colcon_parallel_executor.executor.parallel:loop closed
[5.193s] DEBUG:colcon.colcon_parallel_executor.executor.parallel:run_until_complete finished with '0'
[5.193s] DEBUG:colcon.colcon_core.event_reactor:joining thread
[5.195s] DEBUG:colcon.colcon_core.event_reactor:joined thread
[5.195s] INFO:colcon.colcon_core.shell:Creating prefix script '/home/pontryagin/me130_lab/ros2_ws/install/local_setup.ps1'
[5.199s] INFO:colcon.colcon_core.shell:Creating prefix util module '/home/pontryagin/me130_lab/ros2_ws/install/_local_setup_util_ps1.py'
[5.204s] INFO:colcon.colcon_core.shell:Creating prefix chain script '/home/pontryagin/me130_lab/ros2_ws/install/setup.ps1'
[5.210s] INFO:colcon.colcon_core.shell:Creating prefix script '/home/pontryagin/me130_lab/ros2_ws/install/local_setup.sh'
[5.213s] INFO:colcon.colcon_core.shell:Creating prefix util module '/home/pontryagin/me130_lab/ros2_ws/install/_local_setup_util_sh.py'
[5.216s] INFO:colcon.colcon_core.shell:Creating prefix chain script '/home/pontryagin/me130_lab/ros2_ws/install/setup.sh'
[5.220s] INFO:colcon.colcon_core.shell:Creating prefix script '/home/pontryagin/me130_lab/ros2_ws/install/local_setup.bash'
[5.223s] INFO:colcon.colcon_core.shell:Creating prefix chain script '/home/pontryagin/me130_lab/ros2_ws/install/setup.bash'
[5.227s] INFO:colcon.colcon_core.shell:Creating prefix script '/home/pontryagin/me130_lab/ros2_ws/install/local_setup.zsh'
[5.229s] INFO:colcon.colcon_core.shell:Creating prefix chain script '/home/pontryagin/me130_lab/ros2_ws/install/setup.zsh'
