[0.069s] Invoking command in '/home/pontryagin/me130_lab/ros2_ws/build/me130_interfaces': CMAKE_PREFIX_PATH=${CMAKE_PREFIX_PATH}:/opt/ros/jazzy DEBUGINFOD_URLS=https://debuginfod.ubuntu.com /usr/bin/cmake --build /home/pontryagin/me130_lab/ros2_ws/build/me130_interfaces -- -j4 -l4
[0.697s] [  1%] Built target me130_interfaces__rs
[0.701s] [  3%] Built target me130_interfaces__rosidl_generator_type_description
[0.761s] [  3%] Built target ament_cmake_python_copy_me130_interfaces
[0.831s] [  5%] Built target me130_interfaces__cpp
[0.878s] [ 25%] Built target me130_interfaces__rosidl_generator_c
[1.055s] [ 34%] Built target me130_interfaces__rosidl_typesupport_introspection_c
[1.063s] [ 43%] Built target me130_interfaces__rosidl_typesupport_fastrtps_c
[1.083s] [ 52%] Built target me130_interfaces__rosidl_typesupport_cpp
[1.228s] [ 61%] Built target me130_interfaces__rosidl_typesupport_c
[1.235s] [ 70%] Built target me130_interfaces__rosidl_typesupport_fastrtps_cpp
[1.257s] [ 80%] Built target me130_interfaces__rosidl_typesupport_introspection_cpp
[1.367s] [ 80%] Built target me130_interfaces
[1.488s] [ 81%] Built target me130_interfaces__py
[1.631s] [ 89%] Built target me130_interfaces__rosidl_generator_py
[1.786s] [ 92%] Built target me130_interfaces_s__rosidl_typesupport_c
[1.790s] [ 96%] Built target me130_interfaces_s__rosidl_typesupport_fastrtps_c
[1.798s] [100%] Built target me130_interfaces_s__rosidl_typesupport_introspection_c
[1.996s] running egg_info
[2.084s] writing me130_interfaces.egg-info/PKG-INFO
[2.085s] writing dependency_links to me130_interfaces.egg-info/dependency_links.txt
[2.086s] writing top-level names to me130_interfaces.egg-info/top_level.txt
[2.338s] reading manifest file 'me130_interfaces.egg-info/SOURCES.txt'
[2.342s] writing manifest file 'me130_interfaces.egg-info/SOURCES.txt'
[2.489s] [100%] Built target ament_cmake_python_build_me130_interfaces_egg
[2.550s] Invoked command in '/home/pontryagin/me130_lab/ros2_ws/build/me130_interfaces' returned '0': CMAKE_PREFIX_PATH=${CMAKE_PREFIX_PATH}:/opt/ros/jazzy DEBUGINFOD_URLS=https://debuginfod.ubuntu.com /usr/bin/cmake --build /home/pontryagin/me130_lab/ros2_ws/build/me130_interfaces -- -j4 -l4
[2.606s] Invoking command in '/home/pontryagin/me130_lab/ros2_ws/build/me130_interfaces': CMAKE_PREFIX_PATH=${CMAKE_PREFIX_PATH}:/opt/ros/jazzy DEBUGINFOD_URLS=https://debuginfod.ubuntu.com /usr/bin/cmake --install /home/pontryagin/me130_lab/ros2_ws/build/me130_interfaces
[2.647s] -- Install configuration: ""
[2.647s] -- Up-to-date: /home/pontryagin/me130_lab/ros2_ws/install/me130_interfaces/share/ament_index/resource_index/rosidl_interfaces/me130_interfaces
[2.648s] -- Up-to-date: /home/pontryagin/me130_lab/ros2_ws/install/me130_interfaces/share/me130_interfaces/msg/PendulumAngle.json
[2.649s] -- Up-to-date: /home/pontryagin/me130_lab/ros2_ws/install/me130_interfaces/share/me130_interfaces/msg/EncoderState.json
[2.649s] -- Up-to-date: /home/pontryagin/me130_lab/ros2_ws/install/me130_interfaces/share/me130_interfaces/msg/MotorCommand.json
[2.650s] -- Up-to-date: /home/pontryagin/me130_lab/ros2_ws/install/me130_interfaces/include/me130_interfaces/me130_interfaces
[2.650s] -- Up-to-date: /home/pontryagin/me130_lab/ros2_ws/install/me130_interfaces/include/me130_interfaces/me130_interfaces/msg
[2.651s] -- Up-to-date: /home/pontryagin/me130_lab/ros2_ws/install/me130_interfaces/include/me130_interfaces/me130_interfaces/msg/detail
[2.652s] -- Up-to-date: /home/pontryagin/me130_lab/ros2_ws/install/me130_interfaces/include/me130_interfaces/me130_interfaces/msg/detail/pendulum_angle__description.c
[2.652s] -- Up-to-date: /home/pontryagin/me130_lab/ros2_ws/install/me130_interfaces/include/me130_interfaces/me130_interfaces/msg/detail/encoder_state__functions.h
[2.653s] -- Up-to-date: /home/pontryagin/me130_lab/ros2_ws/install/me130_interfaces/include/me130_interfaces/me130_interfaces/msg/detail/motor_command__functions.c
[2.653s] -- Up-to-date: /home/pontryagin/me130_lab/ros2_ws/install/me130_interfaces/include/me130_interfaces/me130_interfaces/msg/detail/pendulum_angle__functions.c
[2.654s] -- Up-to-date: /home/pontryagin/me130_lab/ros2_ws/install/me130_interfaces/include/me130_interfaces/me130_interfaces/msg/detail/pendulum_angle__type_support.h
[2.656s] -- Installing: /home/pontryagin/me130_lab/ros2_ws/install/me130_interfaces/include/me130_interfaces/me130_interfaces/msg/detail/motor_command__type_support.c
[2.656s] -- Up-to-date: /home/pontryagin/me130_lab/ros2_ws/install/me130_interfaces/include/me130_interfaces/me130_interfaces/msg/detail/motor_command__description.c
[2.657s] -- Up-to-date: /home/pontryagin/me130_lab/ros2_ws/install/me130_interfaces/include/me130_interfaces/me130_interfaces/msg/detail/motor_command__struct.h
[2.657s] -- Up-to-date: /home/pontryagin/me130_lab/ros2_ws/install/me130_interfaces/include/me130_interfaces/me130_interfaces/msg/detail/encoder_state__functions.c
[2.658s] -- Up-to-date: /home/pontryagin/me130_lab/ros2_ws/install/me130_interfaces/include/me130_interfaces/me130_interfaces/msg/detail/motor_command__type_support.h
[2.658s] -- Up-to-date: /home/pontryagin/me130_lab/ros2_ws/install/me130_interfaces/include/me130_interfaces/me130_interfaces/msg/detail/pendulum_angle__functions.h
[2.659s] -- Installing: /home/pontryagin/me130_lab/ros2_ws/install/me130_interfaces/include/me130_interfaces/me130_interfaces/msg/detail/encoder_state__type_support.c
[2.660s] -- Installing: /home/pontryagin/me130_lab/ros2_ws/install/me130_interfaces/include/me130_interfaces/me130_interfaces/msg/detail/pendulum_angle__type_support.c
[2.662s] -- Up-to-date: /home/pontryagin/me130_lab/ros2_ws/install/me130_interfaces/include/me130_interfaces/me130_interfaces/msg/detail/pendulum_angle__struct.h
[2.663s] -- Up-to-date: /home/pontryagin/me130_lab/ros2_ws/install/me130_interfaces/include/me130_interfaces/me130_interfaces/msg/detail/motor_command__functions.h
[2.663s] -- Up-to-date: /home/pontryagin/me130_lab/ros2_ws/install/me130_interfaces/include/me130_interfaces/me130_interfaces/msg/detail/encoder_state__struct.h
[2.664s] -- Up-to-date: /home/pontryagin/me130_lab/ros2_ws/install/me130_interfaces/include/me130_interfaces/me130_interfaces/msg/detail/encoder_state__description.c
[2.664s] -- Up-to-date: /home/pontryagin/me130_lab/ros2_ws/install/me130_interfaces/include/me130_interfaces/me130_interfaces/msg/detail/encoder_state__type_support.h
[2.666s] -- Up-to-date: /home/pontryagin/me130_lab/ros2_ws/install/me130_interfaces/include/me130_interfaces/me130_interfaces/msg/motor_command.h
[2.666s] -- Up-to-date: /home/pontryagin/me130_lab/ros2_ws/install/me130_interfaces/include/me130_interfaces/me130_interfaces/msg/rosidl_generator_c__visibility_control.h
[2.667s] -- Up-to-date: /home/pontryagin/me130_lab/ros2_ws/install/me130_interfaces/include/me130_interfaces/me130_interfaces/msg/encoder_state.h
[2.667s] -- Up-to-date: /home/pontryagin/me130_lab/ros2_ws/install/me130_interfaces/include/me130_interfaces/me130_interfaces/msg/pendulum_angle.h
[2.667s] -- Up-to-date: /home/pontryagin/me130_lab/ros2_ws/install/me130_interfaces/share/me130_interfaces/environment/library_path.sh
[2.668s] -- Up-to-date: /home/pontryagin/me130_lab/ros2_ws/install/me130_interfaces/share/me130_interfaces/environment/library_path.dsv
[2.669s] -- Up-to-date: /home/pontryagin/me130_lab/ros2_ws/install/me130_interfaces/lib/libme130_interfaces__rosidl_generator_c.so
[2.670s] -- Up-to-date: /home/pontryagin/me130_lab/ros2_ws/install/me130_interfaces/include/me130_interfaces/me130_interfaces
[2.670s] -- Up-to-date: /home/pontryagin/me130_lab/ros2_ws/install/me130_interfaces/include/me130_interfaces/me130_interfaces/msg
[2.671s] -- Up-to-date: /home/pontryagin/me130_lab/ros2_ws/install/me130_interfaces/include/me130_interfaces/me130_interfaces/msg/detail
[2.672s] -- Up-to-date: /home/pontryagin/me130_lab/ros2_ws/install/me130_interfaces/include/me130_interfaces/me130_interfaces/msg/detail/encoder_state__rosidl_typesupport_fastrtps_c.h
[2.673s] -- Up-to-date: /home/pontryagin/me130_lab/ros2_ws/install/me130_interfaces/include/me130_interfaces/me130_interfaces/msg/detail/pendulum_angle__rosidl_typesupport_fastrtps_c.h
[2.674s] -- Up-to-date: /home/pontryagin/me130_lab/ros2_ws/install/me130_interfaces/include/me130_interfaces/me130_interfaces/msg/detail/motor_command__rosidl_typesupport_fastrtps_c.h
[2.675s] -- Up-to-date: /home/pontryagin/me130_lab/ros2_ws/install/me130_interfaces/include/me130_interfaces/me130_interfaces/msg/rosidl_typesupport_fastrtps_c__visibility_control.h
[2.676s] -- Up-to-date: /home/pontryagin/me130_lab/ros2_ws/install/me130_interfaces/lib/libme130_interfaces__rosidl_typesupport_fastrtps_c.so
[2.678s] -- Up-to-date: /home/pontryagin/me130_lab/ros2_ws/install/me130_interfaces/include/me130_interfaces/me130_interfaces
[2.679s] -- Up-to-date: /home/pontryagin/me130_lab/ros2_ws/install/me130_interfaces/include/me130_interfaces/me130_interfaces/msg
[2.679s] -- Up-to-date: /home/pontryagin/me130_lab/ros2_ws/install/me130_interfaces/include/me130_interfaces/me130_interfaces/msg/detail
[2.680s] -- Up-to-date: /home/pontryagin/me130_lab/ros2_ws/install/me130_interfaces/include/me130_interfaces/me130_interfaces/msg/detail/motor_command__rosidl_typesupport_introspection_c.h
[2.680s] -- Up-to-date: /home/pontryagin/me130_lab/ros2_ws/install/me130_interfaces/include/me130_interfaces/me130_interfaces/msg/detail/pendulum_angle__rosidl_typesupport_introspection_c.h
[2.681s] -- Up-to-date: /home/pontryagin/me130_lab/ros2_ws/install/me130_interfaces/include/me130_interfaces/me130_interfaces/msg/detail/encoder_state__rosidl_typesupport_introspection_c.h
[2.681s] -- Installing: /home/pontryagin/me130_lab/ros2_ws/install/me130_interfaces/include/me130_interfaces/me130_interfaces/msg/detail/motor_command__type_support.c
[2.683s] -- Installing: /home/pontryagin/me130_lab/ros2_ws/install/me130_interfaces/include/me130_interfaces/me130_interfaces/msg/detail/encoder_state__type_support.c
[2.686s] -- Installing: /home/pontryagin/me130_lab/ros2_ws/install/me130_interfaces/include/me130_interfaces/me130_interfaces/msg/detail/pendulum_angle__type_support.c
[2.688s] -- Up-to-date: /home/pontryagin/me130_lab/ros2_ws/install/me130_interfaces/include/me130_interfaces/me130_interfaces/msg/rosidl_typesupport_introspection_c__visibility_control.h
[2.691s] -- Up-to-date: /home/pontryagin/me130_lab/ros2_ws/install/me130_interfaces/lib/libme130_interfaces__rosidl_typesupport_introspection_c.so
[2.694s] -- Up-to-date: /home/pontryagin/me130_lab/ros2_ws/install/me130_interfaces/lib/libme130_interfaces__rosidl_typesupport_c.so
[2.696s] -- Up-to-date: /home/pontryagin/me130_lab/ros2_ws/install/me130_interfaces/include/me130_interfaces/me130_interfaces
[2.697s] -- Up-to-date: /home/pontryagin/me130_lab/ros2_ws/install/me130_interfaces/include/me130_interfaces/me130_interfaces/msg
[2.698s] -- Up-to-date: /home/pontryagin/me130_lab/ros2_ws/install/me130_interfaces/include/me130_interfaces/me130_interfaces/msg/detail
[2.698s] -- Up-to-date: /home/pontryagin/me130_lab/ros2_ws/install/me130_interfaces/include/me130_interfaces/me130_interfaces/msg/detail/motor_command__struct.hpp
[2.699s] -- Up-to-date: /home/pontryagin/me130_lab/ros2_ws/install/me130_interfaces/include/me130_interfaces/me130_interfaces/msg/detail/motor_command__builder.hpp
[2.700s] -- Up-to-date: /home/pontryagin/me130_lab/ros2_ws/install/me130_interfaces/include/me130_interfaces/me130_interfaces/msg/detail/motor_command__type_support.hpp
[2.701s] -- Up-to-date: /home/pontryagin/me130_lab/ros2_ws/install/me130_interfaces/include/me130_interfaces/me130_interfaces/msg/detail/motor_command__traits.hpp
[2.702s] -- Up-to-date: /home/pontryagin/me130_lab/ros2_ws/install/me130_interfaces/include/me130_interfaces/me130_interfaces/msg/detail/pendulum_angle__struct.hpp
[2.703s] -- Up-to-date: /home/pontryagin/me130_lab/ros2_ws/install/me130_interfaces/include/me130_interfaces/me130_interfaces/msg/detail/encoder_state__traits.hpp
[2.703s] -- Up-to-date: /home/pontryagin/me130_lab/ros2_ws/install/me130_interfaces/include/me130_interfaces/me130_interfaces/msg/detail/pendulum_angle__traits.hpp
[2.704s] -- Up-to-date: /home/pontryagin/me130_lab/ros2_ws/install/me130_interfaces/include/me130_interfaces/me130_interfaces/msg/detail/pendulum_angle__type_support.hpp
[2.705s] -- Up-to-date: /home/pontryagin/me130_lab/ros2_ws/install/me130_interfaces/include/me130_interfaces/me130_interfaces/msg/detail/pendulum_angle__builder.hpp
[2.705s] -- Up-to-date: /home/pontryagin/me130_lab/ros2_ws/install/me130_interfaces/include/me130_interfaces/me130_interfaces/msg/detail/encoder_state__builder.hpp
[2.706s] -- Up-to-date: /home/pontryagin/me130_lab/ros2_ws/install/me130_interfaces/include/me130_interfaces/me130_interfaces/msg/detail/encoder_state__struct.hpp
[2.706s] -- Up-to-date: /home/pontryagin/me130_lab/ros2_ws/install/me130_interfaces/include/me130_interfaces/me130_interfaces/msg/detail/encoder_state__type_support.hpp
[2.707s] -- Up-to-date: /home/pontryagin/me130_lab/ros2_ws/install/me130_interfaces/include/me130_interfaces/me130_interfaces/msg/pendulum_angle.hpp
[2.707s] -- Up-to-date: /home/pontryagin/me130_lab/ros2_ws/install/me130_interfaces/include/me130_interfaces/me130_interfaces/msg/encoder_state.hpp
[2.708s] -- Up-to-date: /home/pontryagin/me130_lab/ros2_ws/install/me130_interfaces/include/me130_interfaces/me130_interfaces/msg/rosidl_generator_cpp__visibility_control.hpp
[2.708s] -- Up-to-date: /home/pontryagin/me130_lab/ros2_ws/install/me130_interfaces/include/me130_interfaces/me130_interfaces/msg/motor_command.hpp
[2.709s] -- Up-to-date: /home/pontryagin/me130_lab/ros2_ws/install/me130_interfaces/include/me130_interfaces/me130_interfaces
[2.709s] -- Up-to-date: /home/pontryagin/me130_lab/ros2_ws/install/me130_interfaces/include/me130_interfaces/me130_interfaces/msg
[2.710s] -- Up-to-date: /home/pontryagin/me130_lab/ros2_ws/install/me130_interfaces/include/me130_interfaces/me130_interfaces/msg/detail
[2.711s] -- Up-to-date: /home/pontryagin/me130_lab/ros2_ws/install/me130_interfaces/include/me130_interfaces/me130_interfaces/msg/detail/motor_command__rosidl_typesupport_fastrtps_cpp.hpp
[2.711s] -- Up-to-date: /home/pontryagin/me130_lab/ros2_ws/install/me130_interfaces/include/me130_interfaces/me130_interfaces/msg/detail/pendulum_angle__rosidl_typesupport_fastrtps_cpp.hpp
[2.712s] -- Up-to-date: /home/pontryagin/me130_lab/ros2_ws/install/me130_interfaces/include/me130_interfaces/me130_interfaces/msg/detail/dds_fastrtps
[2.712s] -- Up-to-date: /home/pontryagin/me130_lab/ros2_ws/install/me130_interfaces/include/me130_interfaces/me130_interfaces/msg/detail/encoder_state__rosidl_typesupport_fastrtps_cpp.hpp
[2.713s] -- Up-to-date: /home/pontryagin/me130_lab/ros2_ws/install/me130_interfaces/include/me130_interfaces/me130_interfaces/msg/rosidl_typesupport_fastrtps_cpp__visibility_control.h
[2.713s] -- Up-to-date: /home/pontryagin/me130_lab/ros2_ws/install/me130_interfaces/lib/libme130_interfaces__rosidl_typesupport_fastrtps_cpp.so
[2.714s] -- Up-to-date: /home/pontryagin/me130_lab/ros2_ws/install/me130_interfaces/include/me130_interfaces/me130_interfaces
[2.714s] -- Up-to-date: /home/pontryagin/me130_lab/ros2_ws/install/me130_interfaces/include/me130_interfaces/me130_interfaces/msg
[2.715s] -- Up-to-date: /home/pontryagin/me130_lab/ros2_ws/install/me130_interfaces/include/me130_interfaces/me130_interfaces/msg/detail
[2.716s] -- Up-to-date: /home/pontryagin/me130_lab/ros2_ws/install/me130_interfaces/include/me130_interfaces/me130_interfaces/msg/detail/encoder_state__rosidl_typesupport_introspection_cpp.hpp
[2.716s] -- Up-to-date: /home/pontryagin/me130_lab/ros2_ws/install/me130_interfaces/include/me130_interfaces/me130_interfaces/msg/detail/motor_command__type_support.cpp
[2.716s] -- Up-to-date: /home/pontryagin/me130_lab/ros2_ws/install/me130_interfaces/include/me130_interfaces/me130_interfaces/msg/detail/pendulum_angle__type_support.cpp
[2.717s] -- Up-to-date: /home/pontryagin/me130_lab/ros2_ws/install/me130_interfaces/include/me130_interfaces/me130_interfaces/msg/detail/pendulum_angle__rosidl_typesupport_introspection_cpp.hpp
[2.717s] -- Up-to-date: /home/pontryagin/me130_lab/ros2_ws/install/me130_interfaces/include/me130_interfaces/me130_interfaces/msg/detail/motor_command__rosidl_typesupport_introspection_cpp.hpp
[2.718s] -- Up-to-date: /home/pontryagin/me130_lab/ros2_ws/install/me130_interfaces/include/me130_interfaces/me130_interfaces/msg/detail/encoder_state__type_support.cpp
[2.718s] -- Up-to-date: /home/pontryagin/me130_lab/ros2_ws/install/me130_interfaces/lib/libme130_interfaces__rosidl_typesupport_introspection_cpp.so
[2.719s] -- Up-to-date: /home/pontryagin/me130_lab/ros2_ws/install/me130_interfaces/lib/libme130_interfaces__rosidl_typesupport_cpp.so
[2.719s] -- Up-to-date: /home/pontryagin/me130_lab/ros2_ws/install/me130_interfaces/share/me130_interfaces/environment/pythonpath.sh
[2.720s] -- Up-to-date: /home/pontryagin/me130_lab/ros2_ws/install/me130_interfaces/share/me130_interfaces/environment/pythonpath.dsv
[2.721s] -- Up-to-date: /home/pontryagin/me130_lab/ros2_ws/install/me130_interfaces/lib/python3.12/site-packages/me130_interfaces-1.0.0-py3.12.egg-info
[2.721s] -- Installing: /home/pontryagin/me130_lab/ros2_ws/install/me130_interfaces/lib/python3.12/site-packages/me130_interfaces-1.0.0-py3.12.egg-info/dependency_links.txt
[2.722s] -- Installing: /home/pontryagin/me130_lab/ros2_ws/install/me130_interfaces/lib/python3.12/site-packages/me130_interfaces-1.0.0-py3.12.egg-info/top_level.txt
[2.724s] -- Installing: /home/pontryagin/me130_lab/ros2_ws/install/me130_interfaces/lib/python3.12/site-packages/me130_interfaces-1.0.0-py3.12.egg-info/SOURCES.txt
[2.725s] -- Installing: /home/pontryagin/me130_lab/ros2_ws/install/me130_interfaces/lib/python3.12/site-packages/me130_interfaces-1.0.0-py3.12.egg-info/PKG-INFO
[2.726s] -- Up-to-date: /home/pontryagin/me130_lab/ros2_ws/install/me130_interfaces/lib/python3.12/site-packages/me130_interfaces
[2.727s] -- Up-to-date: /home/pontryagin/me130_lab/ros2_ws/install/me130_interfaces/lib/python3.12/site-packages/me130_interfaces/me130_interfaces_s__rosidl_typesupport_fastrtps_c.so
[2.728s] -- Up-to-date: /home/pontryagin/me130_lab/ros2_ws/install/me130_interfaces/lib/python3.12/site-packages/me130_interfaces/me130_interfaces_s__rosidl_typesupport_c.so
[2.728s] -- Up-to-date: /home/pontryagin/me130_lab/ros2_ws/install/me130_interfaces/lib/python3.12/site-packages/me130_interfaces/me130_interfaces_s__rosidl_typesupport_introspection_c.so
[2.729s] -- Up-to-date: /home/pontryagin/me130_lab/ros2_ws/install/me130_interfaces/lib/python3.12/site-packages/me130_interfaces/_me130_interfaces_s.ep.rosidl_typesupport_introspection_c.c
[2.729s] -- Up-to-date: /home/pontryagin/me130_lab/ros2_ws/install/me130_interfaces/lib/python3.12/site-packages/me130_interfaces/_me130_interfaces_s.ep.rosidl_typesupport_c.c
[2.730s] -- Up-to-date: /home/pontryagin/me130_lab/ros2_ws/install/me130_interfaces/lib/python3.12/site-packages/me130_interfaces/__init__.py
[2.730s] -- Up-to-date: /home/pontryagin/me130_lab/ros2_ws/install/me130_interfaces/lib/python3.12/site-packages/me130_interfaces/msg
[2.730s] -- Up-to-date: /home/pontryagin/me130_lab/ros2_ws/install/me130_interfaces/lib/python3.12/site-packages/me130_interfaces/msg/_encoder_state_s.c
[2.731s] -- Up-to-date: /home/pontryagin/me130_lab/ros2_ws/install/me130_interfaces/lib/python3.12/site-packages/me130_interfaces/msg/_pendulum_angle.py
[2.732s] -- Up-to-date: /home/pontryagin/me130_lab/ros2_ws/install/me130_interfaces/lib/python3.12/site-packages/me130_interfaces/msg/__init__.py
[2.732s] -- Up-to-date: /home/pontryagin/me130_lab/ros2_ws/install/me130_interfaces/lib/python3.12/site-packages/me130_interfaces/msg/_pendulum_angle_s.c
[2.732s] -- Up-to-date: /home/pontryagin/me130_lab/ros2_ws/install/me130_interfaces/lib/python3.12/site-packages/me130_interfaces/msg/_motor_command.py
[2.733s] -- Up-to-date: /home/pontryagin/me130_lab/ros2_ws/install/me130_interfaces/lib/python3.12/site-packages/me130_interfaces/msg/_motor_command_s.c
[2.733s] -- Up-to-date: /home/pontryagin/me130_lab/ros2_ws/install/me130_interfaces/lib/python3.12/site-packages/me130_interfaces/msg/_encoder_state.py
[2.734s] -- Up-to-date: /home/pontryagin/me130_lab/ros2_ws/install/me130_interfaces/lib/python3.12/site-packages/me130_interfaces/_me130_interfaces_s.ep.rosidl_typesupport_fastrtps_c.c
[2.911s] Listing '/home/pontryagin/me130_lab/ros2_ws/install/me130_interfaces/lib/python3.12/site-packages/me130_interfaces'...
[2.913s] Listing '/home/pontryagin/me130_lab/ros2_ws/install/me130_interfaces/lib/python3.12/site-packages/me130_interfaces/msg'...
[2.949s] -- Up-to-date: /home/pontryagin/me130_lab/ros2_ws/install/me130_interfaces/lib/python3.12/site-packages/me130_interfaces/me130_interfaces_s__rosidl_typesupport_fastrtps_c.so
[2.953s] -- Up-to-date: /home/pontryagin/me130_lab/ros2_ws/install/me130_interfaces/lib/python3.12/site-packages/me130_interfaces/me130_interfaces_s__rosidl_typesupport_introspection_c.so
[2.957s] -- Up-to-date: /home/pontryagin/me130_lab/ros2_ws/install/me130_interfaces/lib/python3.12/site-packages/me130_interfaces/me130_interfaces_s__rosidl_typesupport_c.so
[2.961s] -- Up-to-date: /home/pontryagin/me130_lab/ros2_ws/install/me130_interfaces/lib/libme130_interfaces__rosidl_generator_py.so
[2.963s] -- Up-to-date: /home/pontryagin/me130_lab/ros2_ws/install/me130_interfaces/share/me130_interfaces/rust
[2.964s] -- Up-to-date: /home/pontryagin/me130_lab/ros2_ws/install/me130_interfaces/share/me130_interfaces/rust/src
[2.965s] -- Up-to-date: /home/pontryagin/me130_lab/ros2_ws/install/me130_interfaces/share/me130_interfaces/rust/src/msg
[2.965s] -- Up-to-date: /home/pontryagin/me130_lab/ros2_ws/install/me130_interfaces/share/me130_interfaces/rust/src/msg/rmw.rs
[2.968s] -- Up-to-date: /home/pontryagin/me130_lab/ros2_ws/install/me130_interfaces/share/me130_interfaces/rust/src/lib.rs
[2.969s] -- Up-to-date: /home/pontryagin/me130_lab/ros2_ws/install/me130_interfaces/share/me130_interfaces/rust/src/msg.rs
[2.970s] -- Up-to-date: /home/pontryagin/me130_lab/ros2_ws/install/me130_interfaces/share/me130_interfaces/rust/Cargo.toml
[2.970s] -- Up-to-date: /home/pontryagin/me130_lab/ros2_ws/install/me130_interfaces/share/me130_interfaces/rust/build.rs
[2.971s] -- Up-to-date: /home/pontryagin/me130_lab/ros2_ws/install/me130_interfaces/share/me130_interfaces/msg/PendulumAngle.idl
[2.972s] -- Up-to-date: /home/pontryagin/me130_lab/ros2_ws/install/me130_interfaces/share/me130_interfaces/msg/EncoderState.idl
[2.972s] -- Up-to-date: /home/pontryagin/me130_lab/ros2_ws/install/me130_interfaces/share/me130_interfaces/msg/MotorCommand.idl
[2.973s] -- Up-to-date: /home/pontryagin/me130_lab/ros2_ws/install/me130_interfaces/share/me130_interfaces/msg/PendulumAngle.msg
[2.974s] -- Up-to-date: /home/pontryagin/me130_lab/ros2_ws/install/me130_interfaces/share/me130_interfaces/msg/EncoderState.msg
[2.974s] -- Up-to-date: /home/pontryagin/me130_lab/ros2_ws/install/me130_interfaces/share/me130_interfaces/msg/MotorCommand.msg
[2.975s] -- Up-to-date: /home/pontryagin/me130_lab/ros2_ws/install/me130_interfaces/share/ament_index/resource_index/package_run_dependencies/me130_interfaces
[2.975s] -- Up-to-date: /home/pontryagin/me130_lab/ros2_ws/install/me130_interfaces/share/ament_index/resource_index/parent_prefix_path/me130_interfaces
[2.975s] -- Up-to-date: /home/pontryagin/me130_lab/ros2_ws/install/me130_interfaces/share/me130_interfaces/environment/ament_prefix_path.sh
[2.976s] -- Up-to-date: /home/pontryagin/me130_lab/ros2_ws/install/me130_interfaces/share/me130_interfaces/environment/ament_prefix_path.dsv
[2.977s] -- Up-to-date: /home/pontryagin/me130_lab/ros2_ws/install/me130_interfaces/share/me130_interfaces/environment/path.sh
[2.977s] -- Up-to-date: /home/pontryagin/me130_lab/ros2_ws/install/me130_interfaces/share/me130_interfaces/environment/path.dsv
[2.977s] -- Up-to-date: /home/pontryagin/me130_lab/ros2_ws/install/me130_interfaces/share/me130_interfaces/local_setup.bash
[2.978s] -- Up-to-date: /home/pontryagin/me130_lab/ros2_ws/install/me130_interfaces/share/me130_interfaces/local_setup.sh
[2.979s] -- Up-to-date: /home/pontryagin/me130_lab/ros2_ws/install/me130_interfaces/share/me130_interfaces/local_setup.zsh
[2.979s] -- Up-to-date: /home/pontryagin/me130_lab/ros2_ws/install/me130_interfaces/share/me130_interfaces/local_setup.dsv
[2.979s] -- Installing: /home/pontryagin/me130_lab/ros2_ws/install/me130_interfaces/share/me130_interfaces/package.dsv
[2.980s] -- Up-to-date: /home/pontryagin/me130_lab/ros2_ws/install/me130_interfaces/share/ament_index/resource_index/packages/me130_interfaces
[2.980s] -- Up-to-date: /home/pontryagin/me130_lab/ros2_ws/install/me130_interfaces/share/me130_interfaces/cmake/export_me130_interfaces__rosidl_generator_cExport.cmake
[2.981s] -- Up-to-date: /home/pontryagin/me130_lab/ros2_ws/install/me130_interfaces/share/me130_interfaces/cmake/export_me130_interfaces__rosidl_generator_cExport-noconfig.cmake
[2.982s] -- Up-to-date: /home/pontryagin/me130_lab/ros2_ws/install/me130_interfaces/share/me130_interfaces/cmake/export_me130_interfaces__rosidl_typesupport_fastrtps_cExport.cmake
[2.982s] -- Up-to-date: /home/pontryagin/me130_lab/ros2_ws/install/me130_interfaces/share/me130_interfaces/cmake/export_me130_interfaces__rosidl_typesupport_fastrtps_cExport-noconfig.cmake
[2.983s] -- Up-to-date: /home/pontryagin/me130_lab/ros2_ws/install/me130_interfaces/share/me130_interfaces/cmake/me130_interfaces__rosidl_typesupport_introspection_cExport.cmake
[2.984s] -- Up-to-date: /home/pontryagin/me130_lab/ros2_ws/install/me130_interfaces/share/me130_interfaces/cmake/me130_interfaces__rosidl_typesupport_introspection_cExport-noconfig.cmake
[2.986s] -- Up-to-date: /home/pontryagin/me130_lab/ros2_ws/install/me130_interfaces/share/me130_interfaces/cmake/me130_interfaces__rosidl_typesupport_cExport.cmake
[2.986s] -- Up-to-date: /home/pontryagin/me130_lab/ros2_ws/install/me130_interfaces/share/me130_interfaces/cmake/me130_interfaces__rosidl_typesupport_cExport-noconfig.cmake
[2.988s] -- Up-to-date: /home/pontryagin/me130_lab/ros2_ws/install/me130_interfaces/share/me130_interfaces/cmake/export_me130_interfaces__rosidl_generator_cppExport.cmake
[2.990s] -- Up-to-date: /home/pontryagin/me130_lab/ros2_ws/install/me130_interfaces/share/me130_interfaces/cmake/export_me130_interfaces__rosidl_typesupport_fastrtps_cppExport.cmake
[2.991s] -- Up-to-date: /home/pontryagin/me130_lab/ros2_ws/install/me130_interfaces/share/me130_interfaces/cmake/export_me130_interfaces__rosidl_typesupport_fastrtps_cppExport-noconfig.cmake
[2.993s] -- Up-to-date: /home/pontryagin/me130_lab/ros2_ws/install/me130_interfaces/share/me130_interfaces/cmake/me130_interfaces__rosidl_typesupport_introspection_cppExport.cmake
[2.994s] -- Up-to-date: /home/pontryagin/me130_lab/ros2_ws/install/me130_interfaces/share/me130_interfaces/cmake/me130_interfaces__rosidl_typesupport_introspection_cppExport-noconfig.cmake
[2.996s] -- Up-to-date: /home/pontryagin/me130_lab/ros2_ws/install/me130_interfaces/share/me130_interfaces/cmake/me130_interfaces__rosidl_typesupport_cppExport.cmake
[2.997s] -- Up-to-date: /home/pontryagin/me130_lab/ros2_ws/install/me130_interfaces/share/me130_interfaces/cmake/me130_interfaces__rosidl_typesupport_cppExport-noconfig.cmake
[2.999s] -- Up-to-date: /home/pontryagin/me130_lab/ros2_ws/install/me130_interfaces/share/me130_interfaces/cmake/export_me130_interfaces__rosidl_generator_pyExport.cmake
[2.999s] -- Up-to-date: /home/pontryagin/me130_lab/ros2_ws/install/me130_interfaces/share/me130_interfaces/cmake/export_me130_interfaces__rosidl_generator_pyExport-noconfig.cmake
[3.000s] -- Up-to-date: /home/pontryagin/me130_lab/ros2_ws/install/me130_interfaces/share/me130_interfaces/cmake/rosidl_cmake-extras.cmake
[3.001s] -- Up-to-date: /home/pontryagin/me130_lab/ros2_ws/install/me130_interfaces/share/me130_interfaces/cmake/ament_cmake_export_dependencies-extras.cmake
[3.001s] -- Up-to-date: /home/pontryagin/me130_lab/ros2_ws/install/me130_interfaces/share/me130_interfaces/cmake/ament_cmake_export_include_directories-extras.cmake
[3.002s] -- Up-to-date: /home/pontryagin/me130_lab/ros2_ws/install/me130_interfaces/share/me130_interfaces/cmake/ament_cmake_export_libraries-extras.cmake
[3.003s] -- Up-to-date: /home/pontryagin/me130_lab/ros2_ws/install/me130_interfaces/share/me130_interfaces/cmake/ament_cmake_export_targets-extras.cmake
[3.004s] -- Up-to-date: /home/pontryagin/me130_lab/ros2_ws/install/me130_interfaces/share/me130_interfaces/cmake/rosidl_cmake_export_typesupport_targets-extras.cmake
[3.004s] -- Up-to-date: /home/pontryagin/me130_lab/ros2_ws/install/me130_interfaces/share/me130_interfaces/cmake/rosidl_cmake_export_typesupport_libraries-extras.cmake
[3.005s] -- Up-to-date: /home/pontryagin/me130_lab/ros2_ws/install/me130_interfaces/share/me130_interfaces/cmake/rosidl_cmake_aggregate_target-extras.cmake
[3.006s] -- Up-to-date: /home/pontryagin/me130_lab/ros2_ws/install/me130_interfaces/share/me130_interfaces/cmake/me130_interfacesConfig.cmake
[3.006s] -- Up-to-date: /home/pontryagin/me130_lab/ros2_ws/install/me130_interfaces/share/me130_interfaces/cmake/me130_interfacesConfig-version.cmake
[3.007s] -- Up-to-date: /home/pontryagin/me130_lab/ros2_ws/install/me130_interfaces/share/me130_interfaces/package.xml
[3.014s] Invoked command in '/home/pontryagin/me130_lab/ros2_ws/build/me130_interfaces' returned '0': CMAKE_PREFIX_PATH=${CMAKE_PREFIX_PATH}:/opt/ros/jazzy DEBUGINFOD_URLS=https://debuginfod.ubuntu.com /usr/bin/cmake --install /home/pontryagin/me130_lab/ros2_ws/build/me130_interfaces
