[0.442s] DEBUG:colcon:Command line arguments: ['/usr/bin/colcon', 'build']
[0.443s] DEBUG:colcon:Parsed command line arguments: Namespace(log_base=None, log_level=None, verb_name='build', build_base='build', install_base='install', merge_install=False, symlink_install=False, test_result_base=None, continue_on_error=False, executor='parallel', parallel_workers=4, event_handlers=None, ignore_user_meta=False, metas=['./colcon.meta'], base_paths=['.'], packages_ignore=None, packages_ignore_regex=None, paths=None, packages_up_to=None, packages_up_to_regex=None, packages_above=None, packages_above_and_dependencies=None, packages_above_depth=None, packages_select_by_dep=None, packages_skip_by_dep=None, packages_skip_up_to=None, packages_select_build_failed=False, packages_skip_build_finished=False, packages_select_test_failures=False, packages_skip_test_passed=False, packages_select=None, packages_skip=None, packages_select_regex=None, packages_skip_regex=None, packages_start=None, packages_end=None, allow_overriding=[], cmake_args=None, cmake_target=None, cmake_target_skip_unavailable=False, cmake_clean_cache=False, cmake_clean_first=False, cmake_force_configure=False, ament_cmake_args=None, catkin_cmake_args=None, catkin_skip_building_tests=False, mixin_files=None, mixin=None, verb_parser=<colcon_mixin.mixin.mixin_argument.MixinArgumentDecorator object at 0xffffb2b36000>, verb_extension=<colcon_core.verb.build.BuildVerb object at 0xffffb2ce6b70>, main=<bound method BuildVerb.main of <colcon_core.verb.build.BuildVerb object at 0xffffb2ce6b70>>, mixin_verb=('build',))
[0.611s] Level 1:colcon.colcon_core.package_discovery:discover_packages(colcon_meta) check parameters
[0.611s] Level 1:colcon.colcon_core.package_discovery:discover_packages(recursive) check parameters
[0.612s] Level 1:colcon.colcon_core.package_discovery:discover_packages(ignore) check parameters
[0.612s] Level 1:colcon.colcon_core.package_discovery:discover_packages(path) check parameters
[0.612s] Level 1:colcon.colcon_core.package_discovery:discover_packages(colcon_meta) discover
[0.612s] Level 1:colcon.colcon_core.package_discovery:discover_packages(recursive) discover
[0.612s] INFO:colcon.colcon_core.package_discovery:Crawling recursively for packages in '/home/pontryagin/me130_lab/ros2_ws'
[0.613s] Level 1:colcon.colcon_core.package_identification:_identify(.) by extensions ['ignore', 'ignore_ament_install']
[0.613s] Level 1:colcon.colcon_core.package_identification:_identify(.) by extension 'ignore'
[0.613s] Level 1:colcon.colcon_core.package_identification:_identify(.) by extension 'ignore_ament_install'
[0.614s] Level 1:colcon.colcon_core.package_identification:_identify(.) by extensions ['colcon_pkg']
[0.614s] Level 1:colcon.colcon_core.package_identification:_identify(.) by extension 'colcon_pkg'
[0.614s] Level 1:colcon.colcon_core.package_identification:_identify(.) by extensions ['colcon_meta']
[0.614s] Level 1:colcon.colcon_core.package_identification:_identify(.) by extension 'colcon_meta'
[0.614s] Level 1:colcon.colcon_core.package_identification:_identify(.) by extensions ['ros']
[0.614s] Level 1:colcon.colcon_core.package_identification:_identify(.) by extension 'ros'
[0.720s] Level 1:colcon.colcon_core.package_identification:_identify(.) by extensions ['cmake', 'python']
[0.720s] Level 1:colcon.colcon_core.package_identification:_identify(.) by extension 'cmake'
[0.720s] Level 1:colcon.colcon_core.package_identification:_identify(.) by extension 'python'
[0.721s] Level 1:colcon.colcon_core.package_identification:_identify(.) by extensions ['python_setup_py']
[0.721s] Level 1:colcon.colcon_core.package_identification:_identify(.) by extension 'python_setup_py'
[0.721s] Level 1:colcon.colcon_core.package_identification:_identify(build) by extensions ['ignore', 'ignore_ament_install']
[0.722s] Level 1:colcon.colcon_core.package_identification:_identify(build) by extension 'ignore'
[0.722s] Level 1:colcon.colcon_core.package_identification:_identify(build) ignored
[0.723s] Level 1:colcon.colcon_core.package_identification:_identify(install) by extensions ['ignore', 'ignore_ament_install']
[0.723s] Level 1:colcon.colcon_core.package_identification:_identify(install) by extension 'ignore'
[0.723s] Level 1:colcon.colcon_core.package_identification:_identify(install) ignored
[0.724s] Level 1:colcon.colcon_core.package_identification:_identify(log) by extensions ['ignore', 'ignore_ament_install']
[0.724s] Level 1:colcon.colcon_core.package_identification:_identify(log) by extension 'ignore'
[0.724s] Level 1:colcon.colcon_core.package_identification:_identify(log) ignored
[0.725s] Level 1:colcon.colcon_core.package_identification:_identify(src) by extensions ['ignore', 'ignore_ament_install']
[0.725s] Level 1:colcon.colcon_core.package_identification:_identify(src) by extension 'ignore'
[0.725s] Level 1:colcon.colcon_core.package_identification:_identify(src) by extension 'ignore_ament_install'
[0.725s] Level 1:colcon.colcon_core.package_identification:_identify(src) by extensions ['colcon_pkg']
[0.725s] Level 1:colcon.colcon_core.package_identification:_identify(src) by extension 'colcon_pkg'
[0.726s] Level 1:colcon.colcon_core.package_identification:_identify(src) by extensions ['colcon_meta']
[0.726s] Level 1:colcon.colcon_core.package_identification:_identify(src) by extension 'colcon_meta'
[0.726s] Level 1:colcon.colcon_core.package_identification:_identify(src) by extensions ['ros']
[0.726s] Level 1:colcon.colcon_core.package_identification:_identify(src) by extension 'ros'
[0.726s] Level 1:colcon.colcon_core.package_identification:_identify(src) by extensions ['cmake', 'python']
[0.727s] Level 1:colcon.colcon_core.package_identification:_identify(src) by extension 'cmake'
[0.727s] Level 1:colcon.colcon_core.package_identification:_identify(src) by extension 'python'
[0.727s] Level 1:colcon.colcon_core.package_identification:_identify(src) by extensions ['python_setup_py']
[0.727s] Level 1:colcon.colcon_core.package_identification:_identify(src) by extension 'python_setup_py'
[0.727s] Level 1:colcon.colcon_core.package_identification:_identify(src/me130_interfaces) by extensions ['ignore', 'ignore_ament_install']
[0.728s] Level 1:colcon.colcon_core.package_identification:_identify(src/me130_interfaces) by extension 'ignore'
[0.728s] Level 1:colcon.colcon_core.package_identification:_identify(src/me130_interfaces) by extension 'ignore_ament_install'
[0.728s] Level 1:colcon.colcon_core.package_identification:_identify(src/me130_interfaces) by extensions ['colcon_pkg']
[0.728s] Level 1:colcon.colcon_core.package_identification:_identify(src/me130_interfaces) by extension 'colcon_pkg'
[0.729s] Level 1:colcon.colcon_core.package_identification:_identify(src/me130_interfaces) by extensions ['colcon_meta']
[0.729s] Level 1:colcon.colcon_core.package_identification:_identify(src/me130_interfaces) by extension 'colcon_meta'
[0.729s] Level 1:colcon.colcon_core.package_identification:_identify(src/me130_interfaces) by extensions ['ros']
[0.729s] Level 1:colcon.colcon_core.package_identification:_identify(src/me130_interfaces) by extension 'ros'
[0.737s] DEBUG:colcon.colcon_core.package_identification:Package 'src/me130_interfaces' with type 'ros.ament_cmake' and name 'me130_interfaces'
[0.738s] Level 1:colcon.colcon_core.package_identification:_identify(src/me130_pendulum) by extensions ['ignore', 'ignore_ament_install']
[0.738s] Level 1:colcon.colcon_core.package_identification:_identify(src/me130_pendulum) by extension 'ignore'
[0.739s] Level 1:colcon.colcon_core.package_identification:_identify(src/me130_pendulum) by extension 'ignore_ament_install'
[0.739s] Level 1:colcon.colcon_core.package_identification:_identify(src/me130_pendulum) by extensions ['colcon_pkg']
[0.739s] Level 1:colcon.colcon_core.package_identification:_identify(src/me130_pendulum) by extension 'colcon_pkg'
[0.739s] Level 1:colcon.colcon_core.package_identification:_identify(src/me130_pendulum) by extensions ['colcon_meta']
[0.739s] Level 1:colcon.colcon_core.package_identification:_identify(src/me130_pendulum) by extension 'colcon_meta'
[0.740s] Level 1:colcon.colcon_core.package_identification:_identify(src/me130_pendulum) by extensions ['ros']
[0.740s] Level 1:colcon.colcon_core.package_identification:_identify(src/me130_pendulum) by extension 'ros'
[0.743s] DEBUG:colcon.colcon_core.package_identification:Package 'src/me130_pendulum' with type 'ros.ament_cmake' and name 'me130_pendulum'
[0.743s] Level 1:colcon.colcon_core.package_identification:_identify(src/me130_wheel) by extensions ['ignore', 'ignore_ament_install']
[0.744s] Level 1:colcon.colcon_core.package_identification:_identify(src/me130_wheel) by extension 'ignore'
[0.744s] Level 1:colcon.colcon_core.package_identification:_identify(src/me130_wheel) by extension 'ignore_ament_install'
[0.744s] Level 1:colcon.colcon_core.package_identification:_identify(src/me130_wheel) by extensions ['colcon_pkg']
[0.744s] Level 1:colcon.colcon_core.package_identification:_identify(src/me130_wheel) by extension 'colcon_pkg'
[0.744s] Level 1:colcon.colcon_core.package_identification:_identify(src/me130_wheel) by extensions ['colcon_meta']
[0.745s] Level 1:colcon.colcon_core.package_identification:_identify(src/me130_wheel) by extension 'colcon_meta'
[0.745s] Level 1:colcon.colcon_core.package_identification:_identify(src/me130_wheel) by extensions ['ros']
[0.745s] Level 1:colcon.colcon_core.package_identification:_identify(src/me130_wheel) by extension 'ros'
[0.747s] DEBUG:colcon.colcon_core.package_identification:Package 'src/me130_wheel' with type 'ros.ament_cmake' and name 'me130_wheel'
[0.747s] Level 1:colcon.colcon_core.package_discovery:discover_packages(recursive) using defaults
[0.747s] Level 1:colcon.colcon_core.package_discovery:discover_packages(ignore) discover
[0.747s] Level 1:colcon.colcon_core.package_discovery:discover_packages(ignore) using defaults
[0.747s] Level 1:colcon.colcon_core.package_discovery:discover_packages(path) discover
[0.747s] Level 1:colcon.colcon_core.package_discovery:discover_packages(path) using defaults
[0.822s] Level 1:colcon.colcon_core.package_discovery:discover_packages(prefix_path) check parameters
[0.822s] Level 1:colcon.colcon_core.package_discovery:discover_packages(prefix_path) discover
[0.831s] DEBUG:colcon.colcon_installed_package_information.package_discovery:Found 3 installed packages in /home/pontryagin/me130_lab/ros2_ws/install
[0.839s] DEBUG:colcon.colcon_installed_package_information.package_discovery:Found 194 installed packages in /opt/ros/jazzy
[0.841s] Level 1:colcon.colcon_core.package_discovery:discover_packages(prefix_path) using defaults
[0.978s] Level 5:colcon.colcon_core.verb:set package 'me130_interfaces' build argument 'cmake_args' from command line to 'None'
[0.979s] Level 5:colcon.colcon_core.verb:set package 'me130_interfaces' build argument 'cmake_target' from command line to 'None'
[0.979s] Level 5:colcon.colcon_core.verb:set package 'me130_interfaces' build argument 'cmake_target_skip_unavailable' from command line to 'False'
[0.979s] Level 5:colcon.colcon_core.verb:set package 'me130_interfaces' build argument 'cmake_clean_cache' from command line to 'False'
[0.979s] Level 5:colcon.colcon_core.verb:set package 'me130_interfaces' build argument 'cmake_clean_first' from command line to 'False'
[0.979s] Level 5:colcon.colcon_core.verb:set package 'me130_interfaces' build argument 'cmake_force_configure' from command line to 'False'
[0.979s] Level 5:colcon.colcon_core.verb:set package 'me130_interfaces' build argument 'ament_cmake_args' from command line to 'None'
[0.979s] Level 5:colcon.colcon_core.verb:set package 'me130_interfaces' build argument 'catkin_cmake_args' from command line to 'None'
[0.979s] Level 5:colcon.colcon_core.verb:set package 'me130_interfaces' build argument 'catkin_skip_building_tests' from command line to 'False'
[0.980s] DEBUG:colcon.colcon_core.verb:Building package 'me130_interfaces' with the following arguments: {'ament_cmake_args': None, 'build_base': '/home/pontryagin/me130_lab/ros2_ws/build/me130_interfaces', 'catkin_cmake_args': None, 'catkin_skip_building_tests': False, 'cmake_args': None, 'cmake_clean_cache': False, 'cmake_clean_first': False, 'cmake_force_configure': False, 'cmake_target': None, 'cmake_target_skip_unavailable': False, 'install_base': '/home/pontryagin/me130_lab/ros2_ws/install/me130_interfaces', 'merge_install': False, 'path': '/home/pontryagin/me130_lab/ros2_ws/src/me130_interfaces', 'symlink_install': False, 'test_result_base': None}
[0.981s] Level 5:colcon.colcon_core.verb:set package 'me130_pendulum' build argument 'cmake_args' from command line to 'None'
[0.981s] Level 5:colcon.colcon_core.verb:set package 'me130_pendulum' build argument 'cmake_target' from command line to 'None'
[0.981s] Level 5:colcon.colcon_core.verb:set package 'me130_pendulum' build argument 'cmake_target_skip_unavailable' from command line to 'False'
[0.981s] Level 5:colcon.colcon_core.verb:set package 'me130_pendulum' build argument 'cmake_clean_cache' from command line to 'False'
[0.982s] Level 5:colcon.colcon_core.verb:set package 'me130_pendulum' build argument 'cmake_clean_first' from command line to 'False'
[0.982s] Level 5:colcon.colcon_core.verb:set package 'me130_pendulum' build argument 'cmake_force_configure' from command line to 'False'
[0.982s] Level 5:colcon.colcon_core.verb:set package 'me130_pendulum' build argument 'ament_cmake_args' from command line to 'None'
[0.982s] Level 5:colcon.colcon_core.verb:set package 'me130_pendulum' build argument 'catkin_cmake_args' from command line to 'None'
[0.982s] Level 5:colcon.colcon_core.verb:set package 'me130_pendulum' build argument 'catkin_skip_building_tests' from command line to 'False'
[0.982s] DEBUG:colcon.colcon_core.verb:Building package 'me130_pendulum' with the following arguments: {'ament_cmake_args': None, 'build_base': '/home/pontryagin/me130_lab/ros2_ws/build/me130_pendulum', 'catkin_cmake_args': None, 'catkin_skip_building_tests': False, 'cmake_args': None, 'cmake_clean_cache': False, 'cmake_clean_first': False, 'cmake_force_configure': False, 'cmake_target': None, 'cmake_target_skip_unavailable': False, 'install_base': '/home/pontryagin/me130_lab/ros2_ws/install/me130_pendulum', 'merge_install': False, 'path': '/home/pontryagin/me130_lab/ros2_ws/src/me130_pendulum', 'symlink_install': False, 'test_result_base': None}
[0.983s] Level 5:colcon.colcon_core.verb:set package 'me130_wheel' build argument 'cmake_args' from command line to 'None'
[0.984s] Level 5:colcon.colcon_core.verb:set package 'me130_wheel' build argument 'cmake_target' from command line to 'None'
[0.984s] Level 5:colcon.colcon_core.verb:set package 'me130_wheel' build argument 'cmake_target_skip_unavailable' from command line to 'False'
[0.984s] Level 5:colcon.colcon_core.verb:set package 'me130_wheel' build argument 'cmake_clean_cache' from command line to 'False'
[0.984s] Level 5:colcon.colcon_core.verb:set package 'me130_wheel' build argument 'cmake_clean_first' from command line to 'False'
[0.984s] Level 5:colcon.colcon_core.verb:set package 'me130_wheel' build argument 'cmake_force_configure' from command line to 'False'
[0.984s] Level 5:colcon.colcon_core.verb:set package 'me130_wheel' build argument 'ament_cmake_args' from command line to 'None'
[0.984s] Level 5:colcon.colcon_core.verb:set package 'me130_wheel' build argument 'catkin_cmake_args' from command line to 'None'
[0.985s] Level 5:colcon.colcon_core.verb:set package 'me130_wheel' build argument 'catkin_skip_building_tests' from command line to 'False'
[0.985s] DEBUG:colcon.colcon_core.verb:Building package 'me130_wheel' with the following arguments: {'ament_cmake_args': None, 'build_base': '/home/pontryagin/me130_lab/ros2_ws/build/me130_wheel', 'catkin_cmake_args': None, 'catkin_skip_building_tests': False, 'cmake_args': None, 'cmake_clean_cache': False, 'cmake_clean_first': False, 'cmake_force_configure': False, 'cmake_target': None, 'cmake_target_skip_unavailable': False, 'install_base': '/home/pontryagin/me130_lab/ros2_ws/install/me130_wheel', 'merge_install': False, 'path': '/home/pontryagin/me130_lab/ros2_ws/src/me130_wheel', 'symlink_install': False, 'test_result_base': None}
[0.985s] INFO:colcon.colcon_core.executor:Executing jobs using 'parallel' executor
[0.989s] DEBUG:colcon.colcon_parallel_executor.executor.parallel:run_until_complete
[0.990s] INFO:colcon.colcon_ros.task.ament_cmake.build:Building ROS package in '/home/pontryagin/me130_lab/ros2_ws/src/me130_interfaces' with build type 'ament_cmake'
[0.990s] INFO:colcon.colcon_cmake.task.cmake.build:Building CMake package in '/home/pontryagin/me130_lab/ros2_ws/src/me130_interfaces'
[0.999s] INFO:colcon.colcon_core.plugin_system:Skipping extension 'colcon_core.shell.bat': Not used on non-Windows systems
[1.000s] INFO:colcon.colcon_core.shell:Skip shell extension 'powershell' for command environment: Not usable outside of PowerShell
[1.000s] DEBUG:colcon.colcon_core.shell:Skip shell extension 'dsv' for command environment
[1.042s] DEBUG:colcon.colcon_core.event_handler.log_command:Invoking command in '/home/pontryagin/me130_lab/ros2_ws/build/me130_interfaces': CMAKE_PREFIX_PATH=${CMAKE_PREFIX_PATH}:/opt/ros/jazzy DEBUGINFOD_URLS=https://debuginfod.ubuntu.com /usr/bin/cmake --build /home/pontryagin/me130_lab/ros2_ws/build/me130_interfaces -- -j4 -l4
[3.128s] DEBUG:colcon.colcon_core.event_handler.log_command:Invoked command in '/home/pontryagin/me130_lab/ros2_ws/build/me130_interfaces' returned '0': CMAKE_PREFIX_PATH=${CMAKE_PREFIX_PATH}:/opt/ros/jazzy DEBUGINFOD_URLS=https://debuginfod.ubuntu.com /usr/bin/cmake --build /home/pontryagin/me130_lab/ros2_ws/build/me130_interfaces -- -j4 -l4
[3.176s] DEBUG:colcon.colcon_core.event_handler.log_command:Invoking command in '/home/pontryagin/me130_lab/ros2_ws/build/me130_interfaces': CMAKE_PREFIX_PATH=${CMAKE_PREFIX_PATH}:/opt/ros/jazzy DEBUGINFOD_URLS=https://debuginfod.ubuntu.com /usr/bin/cmake --install /home/pontryagin/me130_lab/ros2_ws/build/me130_interfaces
[3.534s] Level 1:colcon.colcon_core.environment:create_environment_scripts_only(me130_interfaces)
[3.542s] DEBUG:colcon.colcon_core.event_handler.log_command:Invoked command in '/home/pontryagin/me130_lab/ros2_ws/build/me130_interfaces' returned '0': CMAKE_PREFIX_PATH=${CMAKE_PREFIX_PATH}:/opt/ros/jazzy DEBUGINFOD_URLS=https://debuginfod.ubuntu.com /usr/bin/cmake --install /home/pontryagin/me130_lab/ros2_ws/build/me130_interfaces
[3.549s] Level 1:colcon.colcon_core.environment:checking '/home/pontryagin/me130_lab/ros2_ws/install/me130_interfaces' for CMake module files
[3.555s] Level 1:colcon.colcon_core.environment:checking '/home/pontryagin/me130_lab/ros2_ws/install/me130_interfaces' for CMake config files
[3.561s] Level 1:colcon.colcon_core.shell:create_environment_hook('me130_interfaces', 'cmake_prefix_path')
[3.562s] INFO:colcon.colcon_core.shell:Creating environment hook '/home/pontryagin/me130_lab/ros2_ws/install/me130_interfaces/share/me130_interfaces/hook/cmake_prefix_path.ps1'
[3.565s] INFO:colcon.colcon_core.shell:Creating environment descriptor '/home/pontryagin/me130_lab/ros2_ws/install/me130_interfaces/share/me130_interfaces/hook/cmake_prefix_path.dsv'
[3.568s] INFO:colcon.colcon_core.shell:Creating environment hook '/home/pontryagin/me130_lab/ros2_ws/install/me130_interfaces/share/me130_interfaces/hook/cmake_prefix_path.sh'
[3.572s] Level 1:colcon.colcon_core.environment:checking '/home/pontryagin/me130_lab/ros2_ws/install/me130_interfaces/lib'
[3.573s] Level 1:colcon.colcon_core.shell:create_environment_hook('me130_interfaces', 'ld_library_path_lib')
[3.574s] INFO:colcon.colcon_core.shell:Creating environment hook '/home/pontryagin/me130_lab/ros2_ws/install/me130_interfaces/share/me130_interfaces/hook/ld_library_path_lib.ps1'
[3.576s] INFO:colcon.colcon_core.shell:Creating environment descriptor '/home/pontryagin/me130_lab/ros2_ws/install/me130_interfaces/share/me130_interfaces/hook/ld_library_path_lib.dsv'
[3.577s] INFO:colcon.colcon_core.shell:Creating environment hook '/home/pontryagin/me130_lab/ros2_ws/install/me130_interfaces/share/me130_interfaces/hook/ld_library_path_lib.sh'
[3.579s] Level 1:colcon.colcon_core.environment:checking '/home/pontryagin/me130_lab/ros2_ws/install/me130_interfaces/bin'
[3.579s] Level 1:colcon.colcon_core.environment:checking '/home/pontryagin/me130_lab/ros2_ws/install/me130_interfaces/lib/pkgconfig/me130_interfaces.pc'
[3.580s] Level 1:colcon.colcon_core.environment:checking '/home/pontryagin/me130_lab/ros2_ws/install/me130_interfaces/lib/python3.12/site-packages'
[3.581s] Level 1:colcon.colcon_core.shell:create_environment_hook('me130_interfaces', 'pythonpath')
[3.582s] INFO:colcon.colcon_core.shell:Creating environment hook '/home/pontryagin/me130_lab/ros2_ws/install/me130_interfaces/share/me130_interfaces/hook/pythonpath.ps1'
[3.584s] INFO:colcon.colcon_core.shell:Creating environment descriptor '/home/pontryagin/me130_lab/ros2_ws/install/me130_interfaces/share/me130_interfaces/hook/pythonpath.dsv'
[3.585s] INFO:colcon.colcon_core.shell:Creating environment hook '/home/pontryagin/me130_lab/ros2_ws/install/me130_interfaces/share/me130_interfaces/hook/pythonpath.sh'
[3.589s] Level 1:colcon.colcon_core.environment:checking '/home/pontryagin/me130_lab/ros2_ws/install/me130_interfaces/bin'
[3.590s] INFO:colcon.colcon_core.shell:Creating package script '/home/pontryagin/me130_lab/ros2_ws/install/me130_interfaces/share/me130_interfaces/package.ps1'
[3.594s] INFO:colcon.colcon_core.shell:Creating package descriptor '/home/pontryagin/me130_lab/ros2_ws/install/me130_interfaces/share/me130_interfaces/package.dsv'
[3.597s] INFO:colcon.colcon_core.shell:Creating package script '/home/pontryagin/me130_lab/ros2_ws/install/me130_interfaces/share/me130_interfaces/package.sh'
[3.600s] INFO:colcon.colcon_core.shell:Creating package script '/home/pontryagin/me130_lab/ros2_ws/install/me130_interfaces/share/me130_interfaces/package.bash'
[3.603s] INFO:colcon.colcon_core.shell:Creating package script '/home/pontryagin/me130_lab/ros2_ws/install/me130_interfaces/share/me130_interfaces/package.zsh'
[3.605s] Level 1:colcon.colcon_core.environment:create_file_with_runtime_dependencies(/home/pontryagin/me130_lab/ros2_ws/install/me130_interfaces/share/colcon-core/packages/me130_interfaces)
[3.608s] Level 1:colcon.colcon_core.environment:create_environment_scripts_only(me130_interfaces)
[3.609s] Level 1:colcon.colcon_core.environment:checking '/home/pontryagin/me130_lab/ros2_ws/install/me130_interfaces' for CMake module files
[3.614s] Level 1:colcon.colcon_core.environment:checking '/home/pontryagin/me130_lab/ros2_ws/install/me130_interfaces' for CMake config files
[3.619s] Level 1:colcon.colcon_core.shell:create_environment_hook('me130_interfaces', 'cmake_prefix_path')
[3.620s] INFO:colcon.colcon_core.shell:Creating environment hook '/home/pontryagin/me130_lab/ros2_ws/install/me130_interfaces/share/me130_interfaces/hook/cmake_prefix_path.ps1'
[3.622s] INFO:colcon.colcon_core.shell:Creating environment descriptor '/home/pontryagin/me130_lab/ros2_ws/install/me130_interfaces/share/me130_interfaces/hook/cmake_prefix_path.dsv'
[3.623s] INFO:colcon.colcon_core.shell:Creating environment hook '/home/pontryagin/me130_lab/ros2_ws/install/me130_interfaces/share/me130_interfaces/hook/cmake_prefix_path.sh'
[3.626s] Level 1:colcon.colcon_core.environment:checking '/home/pontryagin/me130_lab/ros2_ws/install/me130_interfaces/lib'
[3.626s] Level 1:colcon.colcon_core.shell:create_environment_hook('me130_interfaces', 'ld_library_path_lib')
[3.627s] INFO:colcon.colcon_core.shell:Creating environment hook '/home/pontryagin/me130_lab/ros2_ws/install/me130_interfaces/share/me130_interfaces/hook/ld_library_path_lib.ps1'
[3.629s] INFO:colcon.colcon_core.shell:Creating environment descriptor '/home/pontryagin/me130_lab/ros2_ws/install/me130_interfaces/share/me130_interfaces/hook/ld_library_path_lib.dsv'
[3.633s] INFO:colcon.colcon_core.shell:Creating environment hook '/home/pontryagin/me130_lab/ros2_ws/install/me130_interfaces/share/me130_interfaces/hook/ld_library_path_lib.sh'
[3.635s] Level 1:colcon.colcon_core.environment:checking '/home/pontryagin/me130_lab/ros2_ws/install/me130_interfaces/bin'
[3.635s] Level 1:colcon.colcon_core.environment:checking '/home/pontryagin/me130_lab/ros2_ws/install/me130_interfaces/lib/pkgconfig/me130_interfaces.pc'
[3.636s] Level 1:colcon.colcon_core.environment:checking '/home/pontryagin/me130_lab/ros2_ws/install/me130_interfaces/lib/python3.12/site-packages'
[3.637s] Level 1:colcon.colcon_core.shell:create_environment_hook('me130_interfaces', 'pythonpath')
[3.638s] INFO:colcon.colcon_core.shell:Creating environment hook '/home/pontryagin/me130_lab/ros2_ws/install/me130_interfaces/share/me130_interfaces/hook/pythonpath.ps1'
[3.640s] INFO:colcon.colcon_core.shell:Creating environment descriptor '/home/pontryagin/me130_lab/ros2_ws/install/me130_interfaces/share/me130_interfaces/hook/pythonpath.dsv'
[3.641s] INFO:colcon.colcon_core.shell:Creating environment hook '/home/pontryagin/me130_lab/ros2_ws/install/me130_interfaces/share/me130_interfaces/hook/pythonpath.sh'
[3.645s] Level 1:colcon.colcon_core.environment:checking '/home/pontryagin/me130_lab/ros2_ws/install/me130_interfaces/bin'
[3.646s] INFO:colcon.colcon_core.shell:Creating package script '/home/pontryagin/me130_lab/ros2_ws/install/me130_interfaces/share/me130_interfaces/package.ps1'
[3.649s] INFO:colcon.colcon_core.shell:Creating package descriptor '/home/pontryagin/me130_lab/ros2_ws/install/me130_interfaces/share/me130_interfaces/package.dsv'
[3.652s] INFO:colcon.colcon_core.shell:Creating package script '/home/pontryagin/me130_lab/ros2_ws/install/me130_interfaces/share/me130_interfaces/package.sh'
[3.654s] INFO:colcon.colcon_core.shell:Creating package script '/home/pontryagin/me130_lab/ros2_ws/install/me130_interfaces/share/me130_interfaces/package.bash'
[3.656s] INFO:colcon.colcon_core.shell:Creating package script '/home/pontryagin/me130_lab/ros2_ws/install/me130_interfaces/share/me130_interfaces/package.zsh'
[3.658s] Level 1:colcon.colcon_core.environment:create_file_with_runtime_dependencies(/home/pontryagin/me130_lab/ros2_ws/install/me130_interfaces/share/colcon-core/packages/me130_interfaces)
[3.660s] INFO:colcon.colcon_ros.task.ament_cmake.build:Building ROS package in '/home/pontryagin/me130_lab/ros2_ws/src/me130_pendulum' with build type 'ament_cmake'
[3.660s] INFO:colcon.colcon_cmake.task.cmake.build:Building CMake package in '/home/pontryagin/me130_lab/ros2_ws/src/me130_pendulum'
[3.661s] INFO:colcon.colcon_core.shell:Skip shell extension 'powershell' for command environment: Not usable outside of PowerShell
[3.662s] DEBUG:colcon.colcon_core.shell:Skip shell extension 'dsv' for command environment
[3.717s] DEBUG:colcon.colcon_core.event_handler.log_command:Invoking command in '/home/pontryagin/me130_lab/ros2_ws/build/me130_pendulum': CMAKE_PREFIX_PATH=/home/pontryagin/me130_lab/ros2_ws/install/me130_interfaces:/home/pontryagin/me130_lab/ros2_ws/install/me130_wheel:/home/pontryagin/me130_lab/ros2_ws/install/me130_pendulum:/opt/ros/jazzy DEBUGINFOD_URLS=https://debuginfod.ubuntu.com /usr/bin/cmake --build /home/pontryagin/me130_lab/ros2_ws/build/me130_pendulum -- -j4 -l4
[4.507s] DEBUG:colcon.colcon_core.event_handler.log_command:Invoked command in '/home/pontryagin/me130_lab/ros2_ws/build/me130_pendulum' returned '0': CMAKE_PREFIX_PATH=/home/pontryagin/me130_lab/ros2_ws/install/me130_interfaces:/home/pontryagin/me130_lab/ros2_ws/install/me130_wheel:/home/pontryagin/me130_lab/ros2_ws/install/me130_pendulum:/opt/ros/jazzy DEBUGINFOD_URLS=https://debuginfod.ubuntu.com /usr/bin/cmake --build /home/pontryagin/me130_lab/ros2_ws/build/me130_pendulum -- -j4 -l4
[4.512s] DEBUG:colcon.colcon_core.event_handler.log_command:Invoking command in '/home/pontryagin/me130_lab/ros2_ws/build/me130_pendulum': CMAKE_PREFIX_PATH=/home/pontryagin/me130_lab/ros2_ws/install/me130_interfaces:/home/pontryagin/me130_lab/ros2_ws/install/me130_wheel:/home/pontryagin/me130_lab/ros2_ws/install/me130_pendulum:/opt/ros/jazzy DEBUGINFOD_URLS=https://debuginfod.ubuntu.com /usr/bin/cmake --install /home/pontryagin/me130_lab/ros2_ws/build/me130_pendulum
[4.591s] Level 1:colcon.colcon_core.environment:create_environment_scripts_only(me130_pendulum)
[4.592s] Level 1:colcon.colcon_core.environment:checking '/home/pontryagin/me130_lab/ros2_ws/install/me130_pendulum' for CMake module files
[4.594s] DEBUG:colcon.colcon_core.event_handler.log_command:Invoked command in '/home/pontryagin/me130_lab/ros2_ws/build/me130_pendulum' returned '0': CMAKE_PREFIX_PATH=/home/pontryagin/me130_lab/ros2_ws/install/me130_interfaces:/home/pontryagin/me130_lab/ros2_ws/install/me130_wheel:/home/pontryagin/me130_lab/ros2_ws/install/me130_pendulum:/opt/ros/jazzy DEBUGINFOD_URLS=https://debuginfod.ubuntu.com /usr/bin/cmake --install /home/pontryagin/me130_lab/ros2_ws/build/me130_pendulum
[4.598s] Level 1:colcon.colcon_core.environment:checking '/home/pontryagin/me130_lab/ros2_ws/install/me130_pendulum' for CMake config files
[4.600s] Level 1:colcon.colcon_core.shell:create_environment_hook('me130_pendulum', 'cmake_prefix_path')
[4.601s] INFO:colcon.colcon_core.shell:Creating environment hook '/home/pontryagin/me130_lab/ros2_ws/install/me130_pendulum/share/me130_pendulum/hook/cmake_prefix_path.ps1'
[4.603s] INFO:colcon.colcon_core.shell:Creating environment descriptor '/home/pontryagin/me130_lab/ros2_ws/install/me130_pendulum/share/me130_pendulum/hook/cmake_prefix_path.dsv'
[4.605s] INFO:colcon.colcon_core.shell:Creating environment hook '/home/pontryagin/me130_lab/ros2_ws/install/me130_pendulum/share/me130_pendulum/hook/cmake_prefix_path.sh'
[4.607s] Level 1:colcon.colcon_core.environment:checking '/home/pontryagin/me130_lab/ros2_ws/install/me130_pendulum/lib'
[4.608s] Level 1:colcon.colcon_core.environment:checking '/home/pontryagin/me130_lab/ros2_ws/install/me130_pendulum/bin'
[4.608s] Level 1:colcon.colcon_core.environment:checking '/home/pontryagin/me130_lab/ros2_ws/install/me130_pendulum/lib/pkgconfig/me130_pendulum.pc'
[4.609s] Level 1:colcon.colcon_core.environment:checking '/home/pontryagin/me130_lab/ros2_ws/install/me130_pendulum/lib/python3.12/site-packages'
[4.610s] Level 1:colcon.colcon_core.environment:checking '/home/pontryagin/me130_lab/ros2_ws/install/me130_pendulum/bin'
[4.611s] INFO:colcon.colcon_core.shell:Creating package script '/home/pontryagin/me130_lab/ros2_ws/install/me130_pendulum/share/me130_pendulum/package.ps1'
[4.614s] INFO:colcon.colcon_core.shell:Creating package descriptor '/home/pontryagin/me130_lab/ros2_ws/install/me130_pendulum/share/me130_pendulum/package.dsv'
[4.616s] INFO:colcon.colcon_core.shell:Creating package script '/home/pontryagin/me130_lab/ros2_ws/install/me130_pendulum/share/me130_pendulum/package.sh'
[4.618s] INFO:colcon.colcon_core.shell:Creating package script '/home/pontryagin/me130_lab/ros2_ws/install/me130_pendulum/share/me130_pendulum/package.bash'
[4.620s] INFO:colcon.colcon_core.shell:Creating package script '/home/pontryagin/me130_lab/ros2_ws/install/me130_pendulum/share/me130_pendulum/package.zsh'
[4.622s] Level 1:colcon.colcon_core.environment:create_file_with_runtime_dependencies(/home/pontryagin/me130_lab/ros2_ws/install/me130_pendulum/share/colcon-core/packages/me130_pendulum)
[4.624s] Level 1:colcon.colcon_core.environment:create_environment_scripts_only(me130_pendulum)
[4.625s] Level 1:colcon.colcon_core.environment:checking '/home/pontryagin/me130_lab/ros2_ws/install/me130_pendulum' for CMake module files
[4.629s] Level 1:colcon.colcon_core.environment:checking '/home/pontryagin/me130_lab/ros2_ws/install/me130_pendulum' for CMake config files
[4.631s] Level 1:colcon.colcon_core.shell:create_environment_hook('me130_pendulum', 'cmake_prefix_path')
[4.632s] INFO:colcon.colcon_core.shell:Creating environment hook '/home/pontryagin/me130_lab/ros2_ws/install/me130_pendulum/share/me130_pendulum/hook/cmake_prefix_path.ps1'
[4.633s] INFO:colcon.colcon_core.shell:Creating environment descriptor '/home/pontryagin/me130_lab/ros2_ws/install/me130_pendulum/share/me130_pendulum/hook/cmake_prefix_path.dsv'
[4.635s] INFO:colcon.colcon_core.shell:Creating environment hook '/home/pontryagin/me130_lab/ros2_ws/install/me130_pendulum/share/me130_pendulum/hook/cmake_prefix_path.sh'
[4.638s] Level 1:colcon.colcon_core.environment:checking '/home/pontryagin/me130_lab/ros2_ws/install/me130_pendulum/lib'
[4.638s] Level 1:colcon.colcon_core.environment:checking '/home/pontryagin/me130_lab/ros2_ws/install/me130_pendulum/bin'
[4.638s] Level 1:colcon.colcon_core.environment:checking '/home/pontryagin/me130_lab/ros2_ws/install/me130_pendulum/lib/pkgconfig/me130_pendulum.pc'
[4.639s] Level 1:colcon.colcon_core.environment:checking '/home/pontryagin/me130_lab/ros2_ws/install/me130_pendulum/lib/python3.12/site-packages'
[4.641s] Level 1:colcon.colcon_core.environment:checking '/home/pontryagin/me130_lab/ros2_ws/install/me130_pendulum/bin'
[4.642s] INFO:colcon.colcon_core.shell:Creating package script '/home/pontryagin/me130_lab/ros2_ws/install/me130_pendulum/share/me130_pendulum/package.ps1'
[4.644s] INFO:colcon.colcon_core.shell:Creating package descriptor '/home/pontryagin/me130_lab/ros2_ws/install/me130_pendulum/share/me130_pendulum/package.dsv'
[4.646s] INFO:colcon.colcon_core.shell:Creating package script '/home/pontryagin/me130_lab/ros2_ws/install/me130_pendulum/share/me130_pendulum/package.sh'
[4.648s] INFO:colcon.colcon_core.shell:Creating package script '/home/pontryagin/me130_lab/ros2_ws/install/me130_pendulum/share/me130_pendulum/package.bash'
[4.650s] INFO:colcon.colcon_core.shell:Creating package script '/home/pontryagin/me130_lab/ros2_ws/install/me130_pendulum/share/me130_pendulum/package.zsh'
[4.652s] Level 1:colcon.colcon_core.environment:create_file_with_runtime_dependencies(/home/pontryagin/me130_lab/ros2_ws/install/me130_pendulum/share/colcon-core/packages/me130_pendulum)
[4.653s] INFO:colcon.colcon_ros.task.ament_cmake.build:Building ROS package in '/home/pontryagin/me130_lab/ros2_ws/src/me130_wheel' with build type 'ament_cmake'
[4.654s] INFO:colcon.colcon_cmake.task.cmake.build:Building CMake package in '/home/pontryagin/me130_lab/ros2_ws/src/me130_wheel'
[4.655s] INFO:colcon.colcon_core.shell:Skip shell extension 'powershell' for command environment: Not usable outside of PowerShell
[4.656s] DEBUG:colcon.colcon_core.shell:Skip shell extension 'dsv' for command environment
[4.716s] DEBUG:colcon.colcon_core.event_handler.log_command:Invoking command in '/home/pontryagin/me130_lab/ros2_ws/build/me130_wheel': CMAKE_PREFIX_PATH=/home/pontryagin/me130_lab/ros2_ws/install/me130_pendulum:/home/pontryagin/me130_lab/ros2_ws/install/me130_interfaces:/home/pontryagin/me130_lab/ros2_ws/install/me130_wheel:/opt/ros/jazzy DEBUGINFOD_URLS=https://debuginfod.ubuntu.com /usr/bin/cmake --build /home/pontryagin/me130_lab/ros2_ws/build/me130_wheel -- -j4 -l4
[4.902s] DEBUG:colcon.colcon_core.event_handler.log_command:Invoked command in '/home/pontryagin/me130_lab/ros2_ws/build/me130_wheel' returned '0': CMAKE_PREFIX_PATH=/home/pontryagin/me130_lab/ros2_ws/install/me130_pendulum:/home/pontryagin/me130_lab/ros2_ws/install/me130_interfaces:/home/pontryagin/me130_lab/ros2_ws/install/me130_wheel:/opt/ros/jazzy DEBUGINFOD_URLS=https://debuginfod.ubuntu.com /usr/bin/cmake --build /home/pontryagin/me130_lab/ros2_ws/build/me130_wheel -- -j4 -l4
[4.907s] DEBUG:colcon.colcon_core.event_handler.log_command:Invoking command in '/home/pontryagin/me130_lab/ros2_ws/build/me130_wheel': CMAKE_PREFIX_PATH=/home/pontryagin/me130_lab/ros2_ws/install/me130_pendulum:/home/pontryagin/me130_lab/ros2_ws/install/me130_interfaces:/home/pontryagin/me130_lab/ros2_ws/install/me130_wheel:/opt/ros/jazzy DEBUGINFOD_URLS=https://debuginfod.ubuntu.com /usr/bin/cmake --install /home/pontryagin/me130_lab/ros2_ws/build/me130_wheel
[4.964s] Level 1:colcon.colcon_core.environment:create_environment_scripts_only(me130_wheel)
[4.965s] Level 1:colcon.colcon_core.environment:checking '/home/pontryagin/me130_lab/ros2_ws/install/me130_wheel' for CMake module files
[4.966s] DEBUG:colcon.colcon_core.event_handler.log_command:Invoked command in '/home/pontryagin/me130_lab/ros2_ws/build/me130_wheel' returned '0': CMAKE_PREFIX_PATH=/home/pontryagin/me130_lab/ros2_ws/install/me130_pendulum:/home/pontryagin/me130_lab/ros2_ws/install/me130_interfaces:/home/pontryagin/me130_lab/ros2_ws/install/me130_wheel:/opt/ros/jazzy DEBUGINFOD_URLS=https://debuginfod.ubuntu.com /usr/bin/cmake --install /home/pontryagin/me130_lab/ros2_ws/build/me130_wheel
[4.969s] Level 1:colcon.colcon_core.environment:checking '/home/pontryagin/me130_lab/ros2_ws/install/me130_wheel' for CMake config files
[4.971s] Level 1:colcon.colcon_core.shell:create_environment_hook('me130_wheel', 'cmake_prefix_path')
[4.971s] INFO:colcon.colcon_core.shell:Creating environment hook '/home/pontryagin/me130_lab/ros2_ws/install/me130_wheel/share/me130_wheel/hook/cmake_prefix_path.ps1'
[4.973s] INFO:colcon.colcon_core.shell:Creating environment descriptor '/home/pontryagin/me130_lab/ros2_ws/install/me130_wheel/share/me130_wheel/hook/cmake_prefix_path.dsv'
[4.975s] INFO:colcon.colcon_core.shell:Creating environment hook '/home/pontryagin/me130_lab/ros2_ws/install/me130_wheel/share/me130_wheel/hook/cmake_prefix_path.sh'
[4.978s] Level 1:colcon.colcon_core.environment:checking '/home/pontryagin/me130_lab/ros2_ws/install/me130_wheel/lib'
[4.978s] Level 1:colcon.colcon_core.environment:checking '/home/pontryagin/me130_lab/ros2_ws/install/me130_wheel/bin'
[4.978s] Level 1:colcon.colcon_core.environment:checking '/home/pontryagin/me130_lab/ros2_ws/install/me130_wheel/lib/pkgconfig/me130_wheel.pc'
[4.979s] Level 1:colcon.colcon_core.environment:checking '/home/pontryagin/me130_lab/ros2_ws/install/me130_wheel/lib/python3.12/site-packages'
[4.981s] Level 1:colcon.colcon_core.environment:checking '/home/pontryagin/me130_lab/ros2_ws/install/me130_wheel/bin'
[4.981s] INFO:colcon.colcon_core.shell:Creating package script '/home/pontryagin/me130_lab/ros2_ws/install/me130_wheel/share/me130_wheel/package.ps1'
[4.984s] INFO:colcon.colcon_core.shell:Creating package descriptor '/home/pontryagin/me130_lab/ros2_ws/install/me130_wheel/share/me130_wheel/package.dsv'
[4.986s] INFO:colcon.colcon_core.shell:Creating package script '/home/pontryagin/me130_lab/ros2_ws/install/me130_wheel/share/me130_wheel/package.sh'
[4.988s] INFO:colcon.colcon_core.shell:Creating package script '/home/pontryagin/me130_lab/ros2_ws/install/me130_wheel/share/me130_wheel/package.bash'
[4.989s] INFO:colcon.colcon_core.shell:Creating package script '/home/pontryagin/me130_lab/ros2_ws/install/me130_wheel/share/me130_wheel/package.zsh'
[4.991s] Level 1:colcon.colcon_core.environment:create_file_with_runtime_dependencies(/home/pontryagin/me130_lab/ros2_ws/install/me130_wheel/share/colcon-core/packages/me130_wheel)
[4.994s] Level 1:colcon.colcon_core.environment:create_environment_scripts_only(me130_wheel)
[4.994s] Level 1:colcon.colcon_core.environment:checking '/home/pontryagin/me130_lab/ros2_ws/install/me130_wheel' for CMake module files
[4.998s] Level 1:colcon.colcon_core.environment:checking '/home/pontryagin/me130_lab/ros2_ws/install/me130_wheel' for CMake config files
[4.999s] Level 1:colcon.colcon_core.shell:create_environment_hook('me130_wheel', 'cmake_prefix_path')
[5.000s] INFO:colcon.colcon_core.shell:Creating environment hook '/home/pontryagin/me130_lab/ros2_ws/install/me130_wheel/share/me130_wheel/hook/cmake_prefix_path.ps1'
[5.002s] INFO:colcon.colcon_core.shell:Creating environment descriptor '/home/pontryagin/me130_lab/ros2_ws/install/me130_wheel/share/me130_wheel/hook/cmake_prefix_path.dsv'
[5.004s] INFO:colcon.colcon_core.shell:Creating environment hook '/home/pontryagin/me130_lab/ros2_ws/install/me130_wheel/share/me130_wheel/hook/cmake_prefix_path.sh'
[5.006s] Level 1:colcon.colcon_core.environment:checking '/home/pontryagin/me130_lab/ros2_ws/install/me130_wheel/lib'
[5.007s] Level 1:colcon.colcon_core.environment:checking '/home/pontryagin/me130_lab/ros2_ws/install/me130_wheel/bin'
[5.007s] Level 1:colcon.colcon_core.environment:checking '/home/pontryagin/me130_lab/ros2_ws/install/me130_wheel/lib/pkgconfig/me130_wheel.pc'
[5.008s] Level 1:colcon.colcon_core.environment:checking '/home/pontryagin/me130_lab/ros2_ws/install/me130_wheel/lib/python3.12/site-packages'
[5.010s] Level 1:colcon.colcon_core.environment:checking '/home/pontryagin/me130_lab/ros2_ws/install/me130_wheel/bin'
[5.011s] INFO:colcon.colcon_core.shell:Creating package script '/home/pontryagin/me130_lab/ros2_ws/install/me130_wheel/share/me130_wheel/package.ps1'
[5.014s] INFO:colcon.colcon_core.shell:Creating package descriptor '/home/pontryagin/me130_lab/ros2_ws/install/me130_wheel/share/me130_wheel/package.dsv'
[5.016s] INFO:colcon.colcon_core.shell:Creating package script '/home/pontryagin/me130_lab/ros2_ws/install/me130_wheel/share/me130_wheel/package.sh'
[5.018s] INFO:colcon.colcon_core.shell:Creating package script '/home/pontryagin/me130_lab/ros2_ws/install/me130_wheel/share/me130_wheel/package.bash'
[5.020s] INFO:colcon.colcon_core.shell:Creating package script '/home/pontryagin/me130_lab/ros2_ws/install/me130_wheel/share/me130_wheel/package.zsh'
[5.022s] Level 1:colcon.colcon_core.environment:create_file_with_runtime_dependencies(/home/pontryagin/me130_lab/ros2_ws/install/me130_wheel/share/colcon-core/packages/me130_wheel)
[5.023s] DEBUG:colcon.colcon_parallel_executor.executor.parallel:closing loop
[5.025s] DEBUG:colcon.colcon_parallel_executor.executor.parallel:loop closed
[5.025s] DEBUG:colcon.colcon_parallel_executor.executor.parallel:run_until_complete finished with '0'
[5.025s] DEBUG:colcon.colcon_core.event_reactor:joining thread
[5.027s] DEBUG:colcon.colcon_core.event_reactor:joined thread
[5.028s] INFO:colcon.colcon_core.shell:Creating prefix script '/home/pontryagin/me130_lab/ros2_ws/install/local_setup.ps1'
[5.032s] INFO:colcon.colcon_core.shell:Creating prefix util module '/home/pontryagin/me130_lab/ros2_ws/install/_local_setup_util_ps1.py'
[5.036s] INFO:colcon.colcon_core.shell:Creating prefix chain script '/home/pontryagin/me130_lab/ros2_ws/install/setup.ps1'
[5.041s] INFO:colcon.colcon_core.shell:Creating prefix script '/home/pontryagin/me130_lab/ros2_ws/install/local_setup.sh'
[5.043s] INFO:colcon.colcon_core.shell:Creating prefix util module '/home/pontryagin/me130_lab/ros2_ws/install/_local_setup_util_sh.py'
[5.046s] INFO:colcon.colcon_core.shell:Creating prefix chain script '/home/pontryagin/me130_lab/ros2_ws/install/setup.sh'
[5.051s] INFO:colcon.colcon_core.shell:Creating prefix script '/home/pontryagin/me130_lab/ros2_ws/install/local_setup.bash'
[5.053s] INFO:colcon.colcon_core.shell:Creating prefix chain script '/home/pontryagin/me130_lab/ros2_ws/install/setup.bash'
[5.057s] INFO:colcon.colcon_core.shell:Creating prefix script '/home/pontryagin/me130_lab/ros2_ws/install/local_setup.zsh'
[5.060s] INFO:colcon.colcon_core.shell:Creating prefix chain script '/home/pontryagin/me130_lab/ros2_ws/install/setup.zsh'
