[0.051s] Invoking command in '/home/pontryagin/me130_lab/ros2_ws/build/me130_wheel': CMAKE_PREFIX_PATH=/home/pontryagin/me130_lab/ros2_ws/install/me130_pendulum:/home/pontryagin/me130_lab/ros2_ws/install/me130_interfaces:/home/pontryagin/me130_lab/ros2_ws/install/me130_wheel:/opt/ros/jazzy DEBUGINFOD_URLS=https://debuginfod.ubuntu.com /usr/bin/cmake --build /home/pontryagin/me130_lab/ros2_ws/build/me130_wheel -- -j4 -l4
[0.238s] Invoked command in '/home/pontryagin/me130_lab/ros2_ws/build/me130_wheel' returned '0': CMAKE_PREFIX_PATH=/home/pontryagin/me130_lab/ros2_ws/install/me130_pendulum:/home/pontryagin/me130_lab/ros2_ws/install/me130_interfaces:/home/pontryagin/me130_lab/ros2_ws/install/me130_wheel:/opt/ros/jazzy DEBUGINFOD_URLS=https://debuginfod.ubuntu.com /usr/bin/cmake --build /home/pontryagin/me130_lab/ros2_ws/build/me130_wheel -- -j4 -l4
[0.244s] Invoking command in '/home/pontryagin/me130_lab/ros2_ws/build/me130_wheel': CMAKE_PREFIX_PATH=/home/pontryagin/me130_lab/ros2_ws/install/me130_pendulum:/home/pontryagin/me130_lab/ros2_ws/install/me130_interfaces:/home/pontryagin/me130_lab/ros2_ws/install/me130_wheel:/opt/ros/jazzy DEBUGINFOD_URLS=https://debuginfod.ubuntu.com /usr/bin/cmake --install /home/pontryagin/me130_lab/ros2_ws/build/me130_wheel
[0.288s] -- Install configuration: ""
[0.290s] -- Installing: /home/pontryagin/me130_lab/ros2_ws/install/me130_wheel/lib/me130_wheel/wheel_speed_pi.py
[0.291s] -- Up-to-date: /home/pontryagin/me130_lab/ros2_ws/install/me130_wheel/share/me130_wheel/launch
[0.292s] -- Up-to-date: /home/pontryagin/me130_lab/ros2_ws/install/me130_wheel/share/me130_wheel/launch/wheel_pi.launch.py
[0.293s] -- Up-to-date: /home/pontryagin/me130_lab/ros2_ws/install/me130_wheel/share/ament_index/resource_index/package_run_dependencies/me130_wheel
[0.293s] -- Up-to-date: /home/pontryagin/me130_lab/ros2_ws/install/me130_wheel/share/ament_index/resource_index/parent_prefix_path/me130_wheel
[0.295s] -- Up-to-date: /home/pontryagin/me130_lab/ros2_ws/install/me130_wheel/share/me130_wheel/environment/ament_prefix_path.sh
[0.296s] -- Up-to-date: /home/pontryagin/me130_lab/ros2_ws/install/me130_wheel/share/me130_wheel/environment/ament_prefix_path.dsv
[0.296s] -- Up-to-date: /home/pontryagin/me130_lab/ros2_ws/install/me130_wheel/share/me130_wheel/environment/path.sh
[0.298s] -- Up-to-date: /home/pontryagin/me130_lab/ros2_ws/install/me130_wheel/share/me130_wheel/environment/path.dsv
[0.298s] -- Up-to-date: /home/pontryagin/me130_lab/ros2_ws/install/me130_wheel/share/me130_wheel/local_setup.bash
[0.299s] -- Up-to-date: /home/pontryagin/me130_lab/ros2_ws/install/me130_wheel/share/me130_wheel/local_setup.sh
[0.300s] -- Up-to-date: /home/pontryagin/me130_lab/ros2_ws/install/me130_wheel/share/me130_wheel/local_setup.zsh
[0.301s] -- Up-to-date: /home/pontryagin/me130_lab/ros2_ws/install/me130_wheel/share/me130_wheel/local_setup.dsv
[0.302s] -- Up-to-date: /home/pontryagin/me130_lab/ros2_ws/install/me130_wheel/share/me130_wheel/package.dsv
[0.302s] -- Up-to-date: /home/pontryagin/me130_lab/ros2_ws/install/me130_wheel/share/ament_index/resource_index/packages/me130_wheel
[0.303s] -- Up-to-date: /home/pontryagin/me130_lab/ros2_ws/install/me130_wheel/share/me130_wheel/cmake/me130_wheelConfig.cmake
[0.304s] -- Up-to-date: /home/pontryagin/me130_lab/ros2_ws/install/me130_wheel/share/me130_wheel/cmake/me130_wheelConfig-version.cmake
[0.304s] -- Up-to-date: /home/pontryagin/me130_lab/ros2_ws/install/me130_wheel/share/me130_wheel/package.xml
[0.313s] Invoked command in '/home/pontryagin/me130_lab/ros2_ws/build/me130_wheel' returned '0': CMAKE_PREFIX_PATH=/home/pontryagin/me130_lab/ros2_ws/install/me130_pendulum:/home/pontryagin/me130_lab/ros2_ws/install/me130_interfaces:/home/pontryagin/me130_lab/ros2_ws/install/me130_wheel:/opt/ros/jazzy DEBUGINFOD_URLS=https://debuginfod.ubuntu.com /usr/bin/cmake --install /home/pontryagin/me130_lab/ros2_ws/build/me130_wheel
