[0.054s] Invoking command in '/home/pontryagin/me130_lab/ros2_ws/build/me130_pendulum': CMAKE_PREFIX_PATH=/home/pontryagin/me130_lab/ros2_ws/install/me130_interfaces:/home/pontryagin/me130_lab/ros2_ws/install/me130_wheel:/home/pontryagin/me130_lab/ros2_ws/install/me130_pendulum:/opt/ros/jazzy DEBUGINFOD_URLS=https://debuginfod.ubuntu.com /usr/bin/cmake --build /home/pontryagin/me130_lab/ros2_ws/build/me130_pendulum -- -j4 -l4
[0.339s] [ 10%] Built target me130_hardware
[0.535s] [ 20%] Built target encoder_node
[0.543s] [ 30%] Built target imu_node
[0.551s] [ 40%] Built target controller_node
[0.569s] [ 50%] Built target motor_node
[0.714s] [ 60%] Built target step_sequence_node
[0.758s] [ 70%] Built target sine_sweep_node
[0.760s] [ 80%] Built target motor_characterization_node
[0.786s] [ 90%] Built target logger_node
[0.889s] [100%] Built target keyboard_node
[0.944s] Invoked command in '/home/pontryagin/me130_lab/ros2_ws/build/me130_pendulum' returned '0': CMAKE_PREFIX_PATH=/home/pontryagin/me130_lab/ros2_ws/install/me130_interfaces:/home/pontryagin/me130_lab/ros2_ws/install/me130_wheel:/home/pontryagin/me130_lab/ros2_ws/install/me130_pendulum:/opt/ros/jazzy DEBUGINFOD_URLS=https://debuginfod.ubuntu.com /usr/bin/cmake --build /home/pontryagin/me130_lab/ros2_ws/build/me130_pendulum -- -j4 -l4
[0.951s] Invoking command in '/home/pontryagin/me130_lab/ros2_ws/build/me130_pendulum': CMAKE_PREFIX_PATH=/home/pontryagin/me130_lab/ros2_ws/install/me130_interfaces:/home/pontryagin/me130_lab/ros2_ws/install/me130_wheel:/home/pontryagin/me130_lab/ros2_ws/install/me130_pendulum:/opt/ros/jazzy DEBUGINFOD_URLS=https://debuginfod.ubuntu.com /usr/bin/cmake --install /home/pontryagin/me130_lab/ros2_ws/build/me130_pendulum
[0.991s] -- Install configuration: ""
[0.991s] -- Up-to-date: /home/pontryagin/me130_lab/ros2_ws/install/me130_pendulum/lib/libme130_hardware.a
[0.992s] -- Up-to-date: /home/pontryagin/me130_lab/ros2_ws/install/me130_pendulum/lib/me130_pendulum/imu_node
[0.995s] -- Up-to-date: /home/pontryagin/me130_lab/ros2_ws/install/me130_pendulum/lib/me130_pendulum/encoder_node
[0.997s] -- Up-to-date: /home/pontryagin/me130_lab/ros2_ws/install/me130_pendulum/lib/me130_pendulum/motor_node
[1.000s] -- Up-to-date: /home/pontryagin/me130_lab/ros2_ws/install/me130_pendulum/lib/me130_pendulum/controller_node
[1.002s] -- Up-to-date: /home/pontryagin/me130_lab/ros2_ws/install/me130_pendulum/lib/me130_pendulum/step_sequence_node
[1.004s] -- Up-to-date: /home/pontryagin/me130_lab/ros2_ws/install/me130_pendulum/lib/me130_pendulum/sine_sweep_node
[1.007s] -- Up-to-date: /home/pontryagin/me130_lab/ros2_ws/install/me130_pendulum/lib/me130_pendulum/motor_characterization_node
[1.009s] -- Up-to-date: /home/pontryagin/me130_lab/ros2_ws/install/me130_pendulum/lib/me130_pendulum/logger_node
[1.011s] -- Up-to-date: /home/pontryagin/me130_lab/ros2_ws/install/me130_pendulum/lib/me130_pendulum/keyboard_node
[1.013s] -- Up-to-date: /home/pontryagin/me130_lab/ros2_ws/install/me130_pendulum/share/me130_pendulum/launch
[1.013s] -- Up-to-date: /home/pontryagin/me130_lab/ros2_ws/install/me130_pendulum/share/me130_pendulum/launch/step_response.launch.py
[1.014s] -- Up-to-date: /home/pontryagin/me130_lab/ros2_ws/install/me130_pendulum/share/me130_pendulum/launch/motor_characterization.launch.py
[1.015s] -- Up-to-date: /home/pontryagin/me130_lab/ros2_ws/install/me130_pendulum/share/me130_pendulum/launch/balance.launch.py
[1.015s] -- Up-to-date: /home/pontryagin/me130_lab/ros2_ws/install/me130_pendulum/share/me130_pendulum/launch/frequency_response.launch.py
[1.016s] -- Up-to-date: /home/pontryagin/me130_lab/ros2_ws/install/me130_pendulum/lib/me130_pendulum/step_response.py
[1.016s] -- Up-to-date: /home/pontryagin/me130_lab/ros2_ws/install/me130_pendulum/lib/me130_pendulum/freq_response.py
[1.017s] -- Up-to-date: /home/pontryagin/me130_lab/ros2_ws/install/me130_pendulum/lib/me130_pendulum/plot_characterization.py
[1.018s] -- Up-to-date: /home/pontryagin/me130_lab/ros2_ws/install/me130_pendulum/include
[1.018s] -- Up-to-date: /home/pontryagin/me130_lab/ros2_ws/install/me130_pendulum/include/me130_pendulum
[1.019s] -- Up-to-date: /home/pontryagin/me130_lab/ros2_ws/install/me130_pendulum/include/me130_pendulum/hardware.hpp
[1.019s] -- Up-to-date: /home/pontryagin/me130_lab/ros2_ws/install/me130_pendulum/share/ament_index/resource_index/package_run_dependencies/me130_pendulum
[1.020s] -- Up-to-date: /home/pontryagin/me130_lab/ros2_ws/install/me130_pendulum/share/ament_index/resource_index/parent_prefix_path/me130_pendulum
[1.021s] -- Up-to-date: /home/pontryagin/me130_lab/ros2_ws/install/me130_pendulum/share/me130_pendulum/environment/ament_prefix_path.sh
[1.021s] -- Up-to-date: /home/pontryagin/me130_lab/ros2_ws/install/me130_pendulum/share/me130_pendulum/environment/ament_prefix_path.dsv
[1.021s] -- Up-to-date: /home/pontryagin/me130_lab/ros2_ws/install/me130_pendulum/share/me130_pendulum/environment/path.sh
[1.022s] -- Up-to-date: /home/pontryagin/me130_lab/ros2_ws/install/me130_pendulum/share/me130_pendulum/environment/path.dsv
[1.023s] -- Up-to-date: /home/pontryagin/me130_lab/ros2_ws/install/me130_pendulum/share/me130_pendulum/local_setup.bash
[1.023s] -- Up-to-date: /home/pontryagin/me130_lab/ros2_ws/install/me130_pendulum/share/me130_pendulum/local_setup.sh
[1.024s] -- Up-to-date: /home/pontryagin/me130_lab/ros2_ws/install/me130_pendulum/share/me130_pendulum/local_setup.zsh
[1.024s] -- Up-to-date: /home/pontryagin/me130_lab/ros2_ws/install/me130_pendulum/share/me130_pendulum/local_setup.dsv
[1.025s] -- Installing: /home/pontryagin/me130_lab/ros2_ws/install/me130_pendulum/share/me130_pendulum/package.dsv
[1.025s] -- Up-to-date: /home/pontryagin/me130_lab/ros2_ws/install/me130_pendulum/share/ament_index/resource_index/packages/me130_pendulum
[1.026s] -- Up-to-date: /home/pontryagin/me130_lab/ros2_ws/install/me130_pendulum/share/me130_pendulum/cmake/me130_pendulumConfig.cmake
[1.027s] -- Up-to-date: /home/pontryagin/me130_lab/ros2_ws/install/me130_pendulum/share/me130_pendulum/cmake/me130_pendulumConfig-version.cmake
[1.027s] -- Up-to-date: /home/pontryagin/me130_lab/ros2_ws/install/me130_pendulum/share/me130_pendulum/package.xml
[1.031s] Invoked command in '/home/pontryagin/me130_lab/ros2_ws/build/me130_pendulum' returned '0': CMAKE_PREFIX_PATH=/home/pontryagin/me130_lab/ros2_ws/install/me130_interfaces:/home/pontryagin/me130_lab/ros2_ws/install/me130_wheel:/home/pontryagin/me130_lab/ros2_ws/install/me130_pendulum:/opt/ros/jazzy DEBUGINFOD_URLS=https://debuginfod.ubuntu.com /usr/bin/cmake --install /home/pontryagin/me130_lab/ros2_ws/build/me130_pendulum
