[0.543s] DEBUG:colcon:Command line arguments: ['/usr/bin/colcon', 'build']
[0.543s] DEBUG:colcon:Parsed command line arguments: Namespace(log_base=None, log_level=None, verb_name='build', build_base='build', install_base='install', merge_install=False, symlink_install=False, test_result_base=None, continue_on_error=False, executor='parallel', parallel_workers=4, event_handlers=None, ignore_user_meta=False, metas=['./colcon.meta'], base_paths=['.'], packages_ignore=None, packages_ignore_regex=None, paths=None, packages_up_to=None, packages_up_to_regex=None, packages_above=None, packages_above_and_dependencies=None, packages_above_depth=None, packages_select_by_dep=None, packages_skip_by_dep=None, packages_skip_up_to=None, packages_select_build_failed=False, packages_skip_build_finished=False, packages_select_test_failures=False, packages_skip_test_passed=False, packages_select=None, packages_skip=None, packages_select_regex=None, packages_skip_regex=None, packages_start=None, packages_end=None, allow_overriding=[], cmake_args=None, cmake_target=None, cmake_target_skip_unavailable=False, cmake_clean_cache=False, cmake_clean_first=False, cmake_force_configure=False, ament_cmake_args=None, catkin_cmake_args=None, catkin_skip_building_tests=False, mixin_files=None, mixin=None, verb_parser=<colcon_mixin.mixin.mixin_argument.MixinArgumentDecorator object at 0xffff9efadeb0>, verb_extension=<colcon_core.verb.build.BuildVerb object at 0xffff9f162720>, main=<bound method BuildVerb.main of <colcon_core.verb.build.BuildVerb object at 0xffff9f162720>>, mixin_verb=('build',))
[0.744s] Level 1:colcon.colcon_core.package_discovery:discover_packages(colcon_meta) check parameters
[0.744s] Level 1:colcon.colcon_core.package_discovery:discover_packages(recursive) check parameters
[0.744s] Level 1:colcon.colcon_core.package_discovery:discover_packages(ignore) check parameters
[0.744s] Level 1:colcon.colcon_core.package_discovery:discover_packages(path) check parameters
[0.745s] Level 1:colcon.colcon_core.package_discovery:discover_packages(colcon_meta) discover
[0.745s] Level 1:colcon.colcon_core.package_discovery:discover_packages(recursive) discover
[0.745s] INFO:colcon.colcon_core.package_discovery:Crawling recursively for packages in '/home/pontryagin/me130_lab/ros2_ws'
[0.746s] Level 1:colcon.colcon_core.package_identification:_identify(.) by extensions ['ignore', 'ignore_ament_install']
[0.747s] Level 1:colcon.colcon_core.package_identification:_identify(.) by extension 'ignore'
[0.747s] Level 1:colcon.colcon_core.package_identification:_identify(.) by extension 'ignore_ament_install'
[0.748s] Level 1:colcon.colcon_core.package_identification:_identify(.) by extensions ['colcon_pkg']
[0.748s] Level 1:colcon.colcon_core.package_identification:_identify(.) by extension 'colcon_pkg'
[0.748s] Level 1:colcon.colcon_core.package_identification:_identify(.) by extensions ['colcon_meta']
[0.749s] Level 1:colcon.colcon_core.package_identification:_identify(.) by extension 'colcon_meta'
[0.749s] Level 1:colcon.colcon_core.package_identification:_identify(.) by extensions ['ros']
[0.750s] Level 1:colcon.colcon_core.package_identification:_identify(.) by extension 'ros'
[0.871s] Level 1:colcon.colcon_core.package_identification:_identify(.) by extensions ['cmake', 'python']
[0.871s] Level 1:colcon.colcon_core.package_identification:_identify(.) by extension 'cmake'
[0.872s] Level 1:colcon.colcon_core.package_identification:_identify(.) by extension 'python'
[0.872s] Level 1:colcon.colcon_core.package_identification:_identify(.) by extensions ['python_setup_py']
[0.872s] Level 1:colcon.colcon_core.package_identification:_identify(.) by extension 'python_setup_py'
[0.873s] Level 1:colcon.colcon_core.package_identification:_identify(build) by extensions ['ignore', 'ignore_ament_install']
[0.873s] Level 1:colcon.colcon_core.package_identification:_identify(build) by extension 'ignore'
[0.874s] Level 1:colcon.colcon_core.package_identification:_identify(build) ignored
[0.875s] Level 1:colcon.colcon_core.package_identification:_identify(install) by extensions ['ignore', 'ignore_ament_install']
[0.875s] Level 1:colcon.colcon_core.package_identification:_identify(install) by extension 'ignore'
[0.875s] Level 1:colcon.colcon_core.package_identification:_identify(install) ignored
[0.876s] Level 1:colcon.colcon_core.package_identification:_identify(log) by extensions ['ignore', 'ignore_ament_install']
[0.876s] Level 1:colcon.colcon_core.package_identification:_identify(log) by extension 'ignore'
[0.877s] Level 1:colcon.colcon_core.package_identification:_identify(log) ignored
[0.877s] Level 1:colcon.colcon_core.package_identification:_identify(src) by extensions ['ignore', 'ignore_ament_install']
[0.878s] Level 1:colcon.colcon_core.package_identification:_identify(src) by extension 'ignore'
[0.879s] Level 1:colcon.colcon_core.package_identification:_identify(src) by extension 'ignore_ament_install'
[0.879s] Level 1:colcon.colcon_core.package_identification:_identify(src) by extensions ['colcon_pkg']
[0.879s] Level 1:colcon.colcon_core.package_identification:_identify(src) by extension 'colcon_pkg'
[0.879s] Level 1:colcon.colcon_core.package_identification:_identify(src) by extensions ['colcon_meta']
[0.880s] Level 1:colcon.colcon_core.package_identification:_identify(src) by extension 'colcon_meta'
[0.880s] Level 1:colcon.colcon_core.package_identification:_identify(src) by extensions ['ros']
[0.880s] Level 1:colcon.colcon_core.package_identification:_identify(src) by extension 'ros'
[0.881s] Level 1:colcon.colcon_core.package_identification:_identify(src) by extensions ['cmake', 'python']
[0.881s] Level 1:colcon.colcon_core.package_identification:_identify(src) by extension 'cmake'
[0.881s] Level 1:colcon.colcon_core.package_identification:_identify(src) by extension 'python'
[0.881s] Level 1:colcon.colcon_core.package_identification:_identify(src) by extensions ['python_setup_py']
[0.881s] Level 1:colcon.colcon_core.package_identification:_identify(src) by extension 'python_setup_py'
[0.882s] Level 1:colcon.colcon_core.package_identification:_identify(src/me130_interfaces) by extensions ['ignore', 'ignore_ament_install']
[0.882s] Level 1:colcon.colcon_core.package_identification:_identify(src/me130_interfaces) by extension 'ignore'
[0.883s] Level 1:colcon.colcon_core.package_identification:_identify(src/me130_interfaces) by extension 'ignore_ament_install'
[0.883s] Level 1:colcon.colcon_core.package_identification:_identify(src/me130_interfaces) by extensions ['colcon_pkg']
[0.883s] Level 1:colcon.colcon_core.package_identification:_identify(src/me130_interfaces) by extension 'colcon_pkg'
[0.884s] Level 1:colcon.colcon_core.package_identification:_identify(src/me130_interfaces) by extensions ['colcon_meta']
[0.884s] Level 1:colcon.colcon_core.package_identification:_identify(src/me130_interfaces) by extension 'colcon_meta'
[0.884s] Level 1:colcon.colcon_core.package_identification:_identify(src/me130_interfaces) by extensions ['ros']
[0.884s] Level 1:colcon.colcon_core.package_identification:_identify(src/me130_interfaces) by extension 'ros'
[0.894s] DEBUG:colcon.colcon_core.package_identification:Package 'src/me130_interfaces' with type 'ros.ament_cmake' and name 'me130_interfaces'
[0.895s] Level 1:colcon.colcon_core.package_identification:_identify(src/me130_pendulum) by extensions ['ignore', 'ignore_ament_install']
[0.896s] Level 1:colcon.colcon_core.package_identification:_identify(src/me130_pendulum) by extension 'ignore'
[0.896s] Level 1:colcon.colcon_core.package_identification:_identify(src/me130_pendulum) by extension 'ignore_ament_install'
[0.896s] Level 1:colcon.colcon_core.package_identification:_identify(src/me130_pendulum) by extensions ['colcon_pkg']
[0.897s] Level 1:colcon.colcon_core.package_identification:_identify(src/me130_pendulum) by extension 'colcon_pkg'
[0.897s] Level 1:colcon.colcon_core.package_identification:_identify(src/me130_pendulum) by extensions ['colcon_meta']
[0.897s] Level 1:colcon.colcon_core.package_identification:_identify(src/me130_pendulum) by extension 'colcon_meta'
[0.897s] Level 1:colcon.colcon_core.package_identification:_identify(src/me130_pendulum) by extensions ['ros']
[0.898s] Level 1:colcon.colcon_core.package_identification:_identify(src/me130_pendulum) by extension 'ros'
[0.901s] DEBUG:colcon.colcon_core.package_identification:Package 'src/me130_pendulum' with type 'ros.ament_cmake' and name 'me130_pendulum'
[0.901s] Level 1:colcon.colcon_core.package_discovery:discover_packages(recursive) using defaults
[0.901s] Level 1:colcon.colcon_core.package_discovery:discover_packages(ignore) discover
[0.901s] Level 1:colcon.colcon_core.package_discovery:discover_packages(ignore) using defaults
[0.901s] Level 1:colcon.colcon_core.package_discovery:discover_packages(path) discover
[0.902s] Level 1:colcon.colcon_core.package_discovery:discover_packages(path) using defaults
[0.981s] Level 1:colcon.colcon_core.package_discovery:discover_packages(prefix_path) check parameters
[0.981s] Level 1:colcon.colcon_core.package_discovery:discover_packages(prefix_path) discover
[0.991s] DEBUG:colcon.colcon_installed_package_information.package_discovery:Found 2 installed packages in /home/pontryagin/me130_lab/ros2_ws/install
[0.999s] DEBUG:colcon.colcon_installed_package_information.package_discovery:Found 194 installed packages in /opt/ros/jazzy
[1.002s] Level 1:colcon.colcon_core.package_discovery:discover_packages(prefix_path) using defaults
[1.172s] Level 5:colcon.colcon_core.verb:set package 'me130_interfaces' build argument 'cmake_args' from command line to 'None'
[1.172s] Level 5:colcon.colcon_core.verb:set package 'me130_interfaces' build argument 'cmake_target' from command line to 'None'
[1.172s] Level 5:colcon.colcon_core.verb:set package 'me130_interfaces' build argument 'cmake_target_skip_unavailable' from command line to 'False'
[1.172s] Level 5:colcon.colcon_core.verb:set package 'me130_interfaces' build argument 'cmake_clean_cache' from command line to 'False'
[1.172s] Level 5:colcon.colcon_core.verb:set package 'me130_interfaces' build argument 'cmake_clean_first' from command line to 'False'
[1.173s] Level 5:colcon.colcon_core.verb:set package 'me130_interfaces' build argument 'cmake_force_configure' from command line to 'False'
[1.173s] Level 5:colcon.colcon_core.verb:set package 'me130_interfaces' build argument 'ament_cmake_args' from command line to 'None'
[1.173s] Level 5:colcon.colcon_core.verb:set package 'me130_interfaces' build argument 'catkin_cmake_args' from command line to 'None'
[1.173s] Level 5:colcon.colcon_core.verb:set package 'me130_interfaces' build argument 'catkin_skip_building_tests' from command line to 'False'
[1.173s] DEBUG:colcon.colcon_core.verb:Building package 'me130_interfaces' with the following arguments: {'ament_cmake_args': None, 'build_base': '/home/pontryagin/me130_lab/ros2_ws/build/me130_interfaces', 'catkin_cmake_args': None, 'catkin_skip_building_tests': False, 'cmake_args': None, 'cmake_clean_cache': False, 'cmake_clean_first': False, 'cmake_force_configure': False, 'cmake_target': None, 'cmake_target_skip_unavailable': False, 'install_base': '/home/pontryagin/me130_lab/ros2_ws/install/me130_interfaces', 'merge_install': False, 'path': '/home/pontryagin/me130_lab/ros2_ws/src/me130_interfaces', 'symlink_install': False, 'test_result_base': None}
[1.175s] Level 5:colcon.colcon_core.verb:set package 'me130_pendulum' build argument 'cmake_args' from command line to 'None'
[1.175s] Level 5:colcon.colcon_core.verb:set package 'me130_pendulum' build argument 'cmake_target' from command line to 'None'
[1.175s] Level 5:colcon.colcon_core.verb:set package 'me130_pendulum' build argument 'cmake_target_skip_unavailable' from command line to 'False'
[1.175s] Level 5:colcon.colcon_core.verb:set package 'me130_pendulum' build argument 'cmake_clean_cache' from command line to 'False'
[1.176s] Level 5:colcon.colcon_core.verb:set package 'me130_pendulum' build argument 'cmake_clean_first' from command line to 'False'
[1.176s] Level 5:colcon.colcon_core.verb:set package 'me130_pendulum' build argument 'cmake_force_configure' from command line to 'False'
[1.176s] Level 5:colcon.colcon_core.verb:set package 'me130_pendulum' build argument 'ament_cmake_args' from command line to 'None'
[1.176s] Level 5:colcon.colcon_core.verb:set package 'me130_pendulum' build argument 'catkin_cmake_args' from command line to 'None'
[1.176s] Level 5:colcon.colcon_core.verb:set package 'me130_pendulum' build argument 'catkin_skip_building_tests' from command line to 'False'
[1.176s] DEBUG:colcon.colcon_core.verb:Building package 'me130_pendulum' with the following arguments: {'ament_cmake_args': None, 'build_base': '/home/pontryagin/me130_lab/ros2_ws/build/me130_pendulum', 'catkin_cmake_args': None, 'catkin_skip_building_tests': False, 'cmake_args': None, 'cmake_clean_cache': False, 'cmake_clean_first': False, 'cmake_force_configure': False, 'cmake_target': None, 'cmake_target_skip_unavailable': False, 'install_base': '/home/pontryagin/me130_lab/ros2_ws/install/me130_pendulum', 'merge_install': False, 'path': '/home/pontryagin/me130_lab/ros2_ws/src/me130_pendulum', 'symlink_install': False, 'test_result_base': None}
[1.177s] INFO:colcon.colcon_core.executor:Executing jobs using 'parallel' executor
[1.180s] DEBUG:colcon.colcon_parallel_executor.executor.parallel:run_until_complete
[1.181s] INFO:colcon.colcon_ros.task.ament_cmake.build:Building ROS package in '/home/pontryagin/me130_lab/ros2_ws/src/me130_interfaces' with build type 'ament_cmake'
[1.182s] INFO:colcon.colcon_cmake.task.cmake.build:Building CMake package in '/home/pontryagin/me130_lab/ros2_ws/src/me130_interfaces'
[1.192s] INFO:colcon.colcon_core.plugin_system:Skipping extension 'colcon_core.shell.bat': Not used on non-Windows systems
[1.193s] INFO:colcon.colcon_core.shell:Skip shell extension 'powershell' for command environment: Not usable outside of PowerShell
[1.194s] DEBUG:colcon.colcon_core.shell:Skip shell extension 'dsv' for command environment
[1.241s] DEBUG:colcon.colcon_core.event_handler.log_command:Invoking command in '/home/pontryagin/me130_lab/ros2_ws/build/me130_interfaces': CMAKE_PREFIX_PATH=${CMAKE_PREFIX_PATH}:/opt/ros/jazzy DEBUGINFOD_URLS=https://debuginfod.ubuntu.com /usr/bin/cmake --build /home/pontryagin/me130_lab/ros2_ws/build/me130_interfaces -- -j4 -l4
[3.761s] DEBUG:colcon.colcon_core.event_handler.log_command:Invoked command in '/home/pontryagin/me130_lab/ros2_ws/build/me130_interfaces' returned '0': CMAKE_PREFIX_PATH=${CMAKE_PREFIX_PATH}:/opt/ros/jazzy DEBUGINFOD_URLS=https://debuginfod.ubuntu.com /usr/bin/cmake --build /home/pontryagin/me130_lab/ros2_ws/build/me130_interfaces -- -j4 -l4
[3.813s] DEBUG:colcon.colcon_core.event_handler.log_command:Invoking command in '/home/pontryagin/me130_lab/ros2_ws/build/me130_interfaces': CMAKE_PREFIX_PATH=${CMAKE_PREFIX_PATH}:/opt/ros/jazzy DEBUGINFOD_URLS=https://debuginfod.ubuntu.com /usr/bin/cmake --install /home/pontryagin/me130_lab/ros2_ws/build/me130_interfaces
[4.244s] Level 1:colcon.colcon_core.environment:create_environment_scripts_only(me130_interfaces)
[4.257s] DEBUG:colcon.colcon_core.event_handler.log_command:Invoked command in '/home/pontryagin/me130_lab/ros2_ws/build/me130_interfaces' returned '0': CMAKE_PREFIX_PATH=${CMAKE_PREFIX_PATH}:/opt/ros/jazzy DEBUGINFOD_URLS=https://debuginfod.ubuntu.com /usr/bin/cmake --install /home/pontryagin/me130_lab/ros2_ws/build/me130_interfaces
[4.268s] Level 1:colcon.colcon_core.environment:checking '/home/pontryagin/me130_lab/ros2_ws/install/me130_interfaces' for CMake module files
[4.273s] Level 1:colcon.colcon_core.environment:checking '/home/pontryagin/me130_lab/ros2_ws/install/me130_interfaces' for CMake config files
[4.279s] Level 1:colcon.colcon_core.shell:create_environment_hook('me130_interfaces', 'cmake_prefix_path')
[4.280s] INFO:colcon.colcon_core.shell:Creating environment hook '/home/pontryagin/me130_lab/ros2_ws/install/me130_interfaces/share/me130_interfaces/hook/cmake_prefix_path.ps1'
[4.283s] INFO:colcon.colcon_core.shell:Creating environment descriptor '/home/pontryagin/me130_lab/ros2_ws/install/me130_interfaces/share/me130_interfaces/hook/cmake_prefix_path.dsv'
[4.285s] INFO:colcon.colcon_core.shell:Creating environment hook '/home/pontryagin/me130_lab/ros2_ws/install/me130_interfaces/share/me130_interfaces/hook/cmake_prefix_path.sh'
[4.290s] Level 1:colcon.colcon_core.environment:checking '/home/pontryagin/me130_lab/ros2_ws/install/me130_interfaces/lib'
[4.291s] Level 1:colcon.colcon_core.shell:create_environment_hook('me130_interfaces', 'ld_library_path_lib')
[4.292s] INFO:colcon.colcon_core.shell:Creating environment hook '/home/pontryagin/me130_lab/ros2_ws/install/me130_interfaces/share/me130_interfaces/hook/ld_library_path_lib.ps1'
[4.294s] INFO:colcon.colcon_core.shell:Creating environment descriptor '/home/pontryagin/me130_lab/ros2_ws/install/me130_interfaces/share/me130_interfaces/hook/ld_library_path_lib.dsv'
[4.296s] INFO:colcon.colcon_core.shell:Creating environment hook '/home/pontryagin/me130_lab/ros2_ws/install/me130_interfaces/share/me130_interfaces/hook/ld_library_path_lib.sh'
[4.298s] Level 1:colcon.colcon_core.environment:checking '/home/pontryagin/me130_lab/ros2_ws/install/me130_interfaces/bin'
[4.299s] Level 1:colcon.colcon_core.environment:checking '/home/pontryagin/me130_lab/ros2_ws/install/me130_interfaces/lib/pkgconfig/me130_interfaces.pc'
[4.300s] Level 1:colcon.colcon_core.environment:checking '/home/pontryagin/me130_lab/ros2_ws/install/me130_interfaces/lib/python3.12/site-packages'
[4.300s] Level 1:colcon.colcon_core.shell:create_environment_hook('me130_interfaces', 'pythonpath')
[4.301s] INFO:colcon.colcon_core.shell:Creating environment hook '/home/pontryagin/me130_lab/ros2_ws/install/me130_interfaces/share/me130_interfaces/hook/pythonpath.ps1'
[4.304s] INFO:colcon.colcon_core.shell:Creating environment descriptor '/home/pontryagin/me130_lab/ros2_ws/install/me130_interfaces/share/me130_interfaces/hook/pythonpath.dsv'
[4.306s] INFO:colcon.colcon_core.shell:Creating environment hook '/home/pontryagin/me130_lab/ros2_ws/install/me130_interfaces/share/me130_interfaces/hook/pythonpath.sh'
[4.310s] Level 1:colcon.colcon_core.environment:checking '/home/pontryagin/me130_lab/ros2_ws/install/me130_interfaces/bin'
[4.312s] INFO:colcon.colcon_core.shell:Creating package script '/home/pontryagin/me130_lab/ros2_ws/install/me130_interfaces/share/me130_interfaces/package.ps1'
[4.316s] INFO:colcon.colcon_core.shell:Creating package descriptor '/home/pontryagin/me130_lab/ros2_ws/install/me130_interfaces/share/me130_interfaces/package.dsv'
[4.319s] INFO:colcon.colcon_core.shell:Creating package script '/home/pontryagin/me130_lab/ros2_ws/install/me130_interfaces/share/me130_interfaces/package.sh'
[4.323s] INFO:colcon.colcon_core.shell:Creating package script '/home/pontryagin/me130_lab/ros2_ws/install/me130_interfaces/share/me130_interfaces/package.bash'
[4.326s] INFO:colcon.colcon_core.shell:Creating package script '/home/pontryagin/me130_lab/ros2_ws/install/me130_interfaces/share/me130_interfaces/package.zsh'
[4.329s] Level 1:colcon.colcon_core.environment:create_file_with_runtime_dependencies(/home/pontryagin/me130_lab/ros2_ws/install/me130_interfaces/share/colcon-core/packages/me130_interfaces)
[4.332s] Level 1:colcon.colcon_core.environment:create_environment_scripts_only(me130_interfaces)
[4.333s] Level 1:colcon.colcon_core.environment:checking '/home/pontryagin/me130_lab/ros2_ws/install/me130_interfaces' for CMake module files
[4.339s] Level 1:colcon.colcon_core.environment:checking '/home/pontryagin/me130_lab/ros2_ws/install/me130_interfaces' for CMake config files
[4.344s] Level 1:colcon.colcon_core.shell:create_environment_hook('me130_interfaces', 'cmake_prefix_path')
[4.345s] INFO:colcon.colcon_core.shell:Creating environment hook '/home/pontryagin/me130_lab/ros2_ws/install/me130_interfaces/share/me130_interfaces/hook/cmake_prefix_path.ps1'
[4.347s] INFO:colcon.colcon_core.shell:Creating environment descriptor '/home/pontryagin/me130_lab/ros2_ws/install/me130_interfaces/share/me130_interfaces/hook/cmake_prefix_path.dsv'
[4.350s] INFO:colcon.colcon_core.shell:Creating environment hook '/home/pontryagin/me130_lab/ros2_ws/install/me130_interfaces/share/me130_interfaces/hook/cmake_prefix_path.sh'
[4.353s] Level 1:colcon.colcon_core.environment:checking '/home/pontryagin/me130_lab/ros2_ws/install/me130_interfaces/lib'
[4.354s] Level 1:colcon.colcon_core.shell:create_environment_hook('me130_interfaces', 'ld_library_path_lib')
[4.355s] INFO:colcon.colcon_core.shell:Creating environment hook '/home/pontryagin/me130_lab/ros2_ws/install/me130_interfaces/share/me130_interfaces/hook/ld_library_path_lib.ps1'
[4.357s] INFO:colcon.colcon_core.shell:Creating environment descriptor '/home/pontryagin/me130_lab/ros2_ws/install/me130_interfaces/share/me130_interfaces/hook/ld_library_path_lib.dsv'
[4.359s] INFO:colcon.colcon_core.shell:Creating environment hook '/home/pontryagin/me130_lab/ros2_ws/install/me130_interfaces/share/me130_interfaces/hook/ld_library_path_lib.sh'
[4.362s] Level 1:colcon.colcon_core.environment:checking '/home/pontryagin/me130_lab/ros2_ws/install/me130_interfaces/bin'
[4.362s] Level 1:colcon.colcon_core.environment:checking '/home/pontryagin/me130_lab/ros2_ws/install/me130_interfaces/lib/pkgconfig/me130_interfaces.pc'
[4.363s] Level 1:colcon.colcon_core.environment:checking '/home/pontryagin/me130_lab/ros2_ws/install/me130_interfaces/lib/python3.12/site-packages'
[4.364s] Level 1:colcon.colcon_core.shell:create_environment_hook('me130_interfaces', 'pythonpath')
[4.365s] INFO:colcon.colcon_core.shell:Creating environment hook '/home/pontryagin/me130_lab/ros2_ws/install/me130_interfaces/share/me130_interfaces/hook/pythonpath.ps1'
[4.367s] INFO:colcon.colcon_core.shell:Creating environment descriptor '/home/pontryagin/me130_lab/ros2_ws/install/me130_interfaces/share/me130_interfaces/hook/pythonpath.dsv'
[4.370s] INFO:colcon.colcon_core.shell:Creating environment hook '/home/pontryagin/me130_lab/ros2_ws/install/me130_interfaces/share/me130_interfaces/hook/pythonpath.sh'
[4.373s] Level 1:colcon.colcon_core.environment:checking '/home/pontryagin/me130_lab/ros2_ws/install/me130_interfaces/bin'
[4.375s] INFO:colcon.colcon_core.shell:Creating package script '/home/pontryagin/me130_lab/ros2_ws/install/me130_interfaces/share/me130_interfaces/package.ps1'
[4.379s] INFO:colcon.colcon_core.shell:Creating package descriptor '/home/pontryagin/me130_lab/ros2_ws/install/me130_interfaces/share/me130_interfaces/package.dsv'
[4.382s] INFO:colcon.colcon_core.shell:Creating package script '/home/pontryagin/me130_lab/ros2_ws/install/me130_interfaces/share/me130_interfaces/package.sh'
[4.384s] INFO:colcon.colcon_core.shell:Creating package script '/home/pontryagin/me130_lab/ros2_ws/install/me130_interfaces/share/me130_interfaces/package.bash'
[4.386s] INFO:colcon.colcon_core.shell:Creating package script '/home/pontryagin/me130_lab/ros2_ws/install/me130_interfaces/share/me130_interfaces/package.zsh'
[4.389s] Level 1:colcon.colcon_core.environment:create_file_with_runtime_dependencies(/home/pontryagin/me130_lab/ros2_ws/install/me130_interfaces/share/colcon-core/packages/me130_interfaces)
[4.391s] INFO:colcon.colcon_ros.task.ament_cmake.build:Building ROS package in '/home/pontryagin/me130_lab/ros2_ws/src/me130_pendulum' with build type 'ament_cmake'
[4.392s] INFO:colcon.colcon_cmake.task.cmake.build:Building CMake package in '/home/pontryagin/me130_lab/ros2_ws/src/me130_pendulum'
[4.393s] INFO:colcon.colcon_core.shell:Skip shell extension 'powershell' for command environment: Not usable outside of PowerShell
[4.393s] DEBUG:colcon.colcon_core.shell:Skip shell extension 'dsv' for command environment
[4.456s] DEBUG:colcon.colcon_core.event_handler.log_command:Invoking command in '/home/pontryagin/me130_lab/ros2_ws/build/me130_pendulum': CMAKE_PREFIX_PATH=/home/pontryagin/me130_lab/ros2_ws/install/me130_interfaces:/home/pontryagin/me130_lab/ros2_ws/install/me130_pendulum:/opt/ros/jazzy DEBUGINFOD_URLS=https://debuginfod.ubuntu.com /usr/bin/cmake --build /home/pontryagin/me130_lab/ros2_ws/build/me130_pendulum -- -j4 -l4
[5.402s] DEBUG:colcon.colcon_core.event_handler.log_command:Invoked command in '/home/pontryagin/me130_lab/ros2_ws/build/me130_pendulum' returned '0': CMAKE_PREFIX_PATH=/home/pontryagin/me130_lab/ros2_ws/install/me130_interfaces:/home/pontryagin/me130_lab/ros2_ws/install/me130_pendulum:/opt/ros/jazzy DEBUGINFOD_URLS=https://debuginfod.ubuntu.com /usr/bin/cmake --build /home/pontryagin/me130_lab/ros2_ws/build/me130_pendulum -- -j4 -l4
[5.409s] DEBUG:colcon.colcon_core.event_handler.log_command:Invoking command in '/home/pontryagin/me130_lab/ros2_ws/build/me130_pendulum': CMAKE_PREFIX_PATH=/home/pontryagin/me130_lab/ros2_ws/install/me130_interfaces:/home/pontryagin/me130_lab/ros2_ws/install/me130_pendulum:/opt/ros/jazzy DEBUGINFOD_URLS=https://debuginfod.ubuntu.com /usr/bin/cmake --install /home/pontryagin/me130_lab/ros2_ws/build/me130_pendulum
[5.498s] Level 1:colcon.colcon_core.environment:create_environment_scripts_only(me130_pendulum)
[5.499s] Level 1:colcon.colcon_core.environment:checking '/home/pontryagin/me130_lab/ros2_ws/install/me130_pendulum' for CMake module files
[5.502s] DEBUG:colcon.colcon_core.event_handler.log_command:Invoked command in '/home/pontryagin/me130_lab/ros2_ws/build/me130_pendulum' returned '0': CMAKE_PREFIX_PATH=/home/pontryagin/me130_lab/ros2_ws/install/me130_interfaces:/home/pontryagin/me130_lab/ros2_ws/install/me130_pendulum:/opt/ros/jazzy DEBUGINFOD_URLS=https://debuginfod.ubuntu.com /usr/bin/cmake --install /home/pontryagin/me130_lab/ros2_ws/build/me130_pendulum
[5.506s] Level 1:colcon.colcon_core.environment:checking '/home/pontryagin/me130_lab/ros2_ws/install/me130_pendulum' for CMake config files
[5.509s] Level 1:colcon.colcon_core.shell:create_environment_hook('me130_pendulum', 'cmake_prefix_path')
[5.509s] INFO:colcon.colcon_core.shell:Creating environment hook '/home/pontryagin/me130_lab/ros2_ws/install/me130_pendulum/share/me130_pendulum/hook/cmake_prefix_path.ps1'
[5.512s] INFO:colcon.colcon_core.shell:Creating environment descriptor '/home/pontryagin/me130_lab/ros2_ws/install/me130_pendulum/share/me130_pendulum/hook/cmake_prefix_path.dsv'
[5.514s] INFO:colcon.colcon_core.shell:Creating environment hook '/home/pontryagin/me130_lab/ros2_ws/install/me130_pendulum/share/me130_pendulum/hook/cmake_prefix_path.sh'
[5.518s] Level 1:colcon.colcon_core.environment:checking '/home/pontryagin/me130_lab/ros2_ws/install/me130_pendulum/lib'
[5.518s] Level 1:colcon.colcon_core.environment:checking '/home/pontryagin/me130_lab/ros2_ws/install/me130_pendulum/bin'
[5.518s] Level 1:colcon.colcon_core.environment:checking '/home/pontryagin/me130_lab/ros2_ws/install/me130_pendulum/lib/pkgconfig/me130_pendulum.pc'
[5.519s] Level 1:colcon.colcon_core.environment:checking '/home/pontryagin/me130_lab/ros2_ws/install/me130_pendulum/lib/python3.12/site-packages'
[5.521s] Level 1:colcon.colcon_core.environment:checking '/home/pontryagin/me130_lab/ros2_ws/install/me130_pendulum/bin'
[5.523s] INFO:colcon.colcon_core.shell:Creating package script '/home/pontryagin/me130_lab/ros2_ws/install/me130_pendulum/share/me130_pendulum/package.ps1'
[5.525s] INFO:colcon.colcon_core.shell:Creating package descriptor '/home/pontryagin/me130_lab/ros2_ws/install/me130_pendulum/share/me130_pendulum/package.dsv'
[5.528s] INFO:colcon.colcon_core.shell:Creating package script '/home/pontryagin/me130_lab/ros2_ws/install/me130_pendulum/share/me130_pendulum/package.sh'
[5.530s] INFO:colcon.colcon_core.shell:Creating package script '/home/pontryagin/me130_lab/ros2_ws/install/me130_pendulum/share/me130_pendulum/package.bash'
[5.532s] INFO:colcon.colcon_core.shell:Creating package script '/home/pontryagin/me130_lab/ros2_ws/install/me130_pendulum/share/me130_pendulum/package.zsh'
[5.534s] Level 1:colcon.colcon_core.environment:create_file_with_runtime_dependencies(/home/pontryagin/me130_lab/ros2_ws/install/me130_pendulum/share/colcon-core/packages/me130_pendulum)
[5.537s] Level 1:colcon.colcon_core.environment:create_environment_scripts_only(me130_pendulum)
[5.538s] Level 1:colcon.colcon_core.environment:checking '/home/pontryagin/me130_lab/ros2_ws/install/me130_pendulum' for CMake module files
[5.542s] Level 1:colcon.colcon_core.environment:checking '/home/pontryagin/me130_lab/ros2_ws/install/me130_pendulum' for CMake config files
[5.545s] Level 1:colcon.colcon_core.shell:create_environment_hook('me130_pendulum', 'cmake_prefix_path')
[5.546s] INFO:colcon.colcon_core.shell:Creating environment hook '/home/pontryagin/me130_lab/ros2_ws/install/me130_pendulum/share/me130_pendulum/hook/cmake_prefix_path.ps1'
[5.548s] INFO:colcon.colcon_core.shell:Creating environment descriptor '/home/pontryagin/me130_lab/ros2_ws/install/me130_pendulum/share/me130_pendulum/hook/cmake_prefix_path.dsv'
[5.550s] INFO:colcon.colcon_core.shell:Creating environment hook '/home/pontryagin/me130_lab/ros2_ws/install/me130_pendulum/share/me130_pendulum/hook/cmake_prefix_path.sh'
[5.553s] Level 1:colcon.colcon_core.environment:checking '/home/pontryagin/me130_lab/ros2_ws/install/me130_pendulum/lib'
[5.553s] Level 1:colcon.colcon_core.environment:checking '/home/pontryagin/me130_lab/ros2_ws/install/me130_pendulum/bin'
[5.554s] Level 1:colcon.colcon_core.environment:checking '/home/pontryagin/me130_lab/ros2_ws/install/me130_pendulum/lib/pkgconfig/me130_pendulum.pc'
[5.555s] Level 1:colcon.colcon_core.environment:checking '/home/pontryagin/me130_lab/ros2_ws/install/me130_pendulum/lib/python3.12/site-packages'
[5.556s] Level 1:colcon.colcon_core.environment:checking '/home/pontryagin/me130_lab/ros2_ws/install/me130_pendulum/bin'
[5.557s] INFO:colcon.colcon_core.shell:Creating package script '/home/pontryagin/me130_lab/ros2_ws/install/me130_pendulum/share/me130_pendulum/package.ps1'
[5.561s] INFO:colcon.colcon_core.shell:Creating package descriptor '/home/pontryagin/me130_lab/ros2_ws/install/me130_pendulum/share/me130_pendulum/package.dsv'
[5.563s] INFO:colcon.colcon_core.shell:Creating package script '/home/pontryagin/me130_lab/ros2_ws/install/me130_pendulum/share/me130_pendulum/package.sh'
[5.566s] INFO:colcon.colcon_core.shell:Creating package script '/home/pontryagin/me130_lab/ros2_ws/install/me130_pendulum/share/me130_pendulum/package.bash'
[5.568s] INFO:colcon.colcon_core.shell:Creating package script '/home/pontryagin/me130_lab/ros2_ws/install/me130_pendulum/share/me130_pendulum/package.zsh'
[5.571s] Level 1:colcon.colcon_core.environment:create_file_with_runtime_dependencies(/home/pontryagin/me130_lab/ros2_ws/install/me130_pendulum/share/colcon-core/packages/me130_pendulum)
[5.572s] DEBUG:colcon.colcon_parallel_executor.executor.parallel:closing loop
[5.574s] DEBUG:colcon.colcon_parallel_executor.executor.parallel:loop closed
[5.574s] DEBUG:colcon.colcon_parallel_executor.executor.parallel:run_until_complete finished with '0'
[5.575s] DEBUG:colcon.colcon_core.event_reactor:joining thread
[5.577s] DEBUG:colcon.colcon_core.event_reactor:joined thread
[5.578s] INFO:colcon.colcon_core.shell:Creating prefix script '/home/pontryagin/me130_lab/ros2_ws/install/local_setup.ps1'
[5.581s] INFO:colcon.colcon_core.shell:Creating prefix util module '/home/pontryagin/me130_lab/ros2_ws/install/_local_setup_util_ps1.py'
[5.587s] INFO:colcon.colcon_core.shell:Creating prefix chain script '/home/pontryagin/me130_lab/ros2_ws/install/setup.ps1'
[5.593s] INFO:colcon.colcon_core.shell:Creating prefix script '/home/pontryagin/me130_lab/ros2_ws/install/local_setup.sh'
[5.595s] INFO:colcon.colcon_core.shell:Creating prefix util module '/home/pontryagin/me130_lab/ros2_ws/install/_local_setup_util_sh.py'
[5.599s] INFO:colcon.colcon_core.shell:Creating prefix chain script '/home/pontryagin/me130_lab/ros2_ws/install/setup.sh'
[5.604s] INFO:colcon.colcon_core.shell:Creating prefix script '/home/pontryagin/me130_lab/ros2_ws/install/local_setup.bash'
[5.606s] INFO:colcon.colcon_core.shell:Creating prefix chain script '/home/pontryagin/me130_lab/ros2_ws/install/setup.bash'
[5.611s] INFO:colcon.colcon_core.shell:Creating prefix script '/home/pontryagin/me130_lab/ros2_ws/install/local_setup.zsh'
[5.614s] INFO:colcon.colcon_core.shell:Creating prefix chain script '/home/pontryagin/me130_lab/ros2_ws/install/setup.zsh'
