[0.514s] DEBUG:colcon:Command line arguments: ['/usr/bin/colcon', 'build']
[0.515s] DEBUG:colcon:Parsed command line arguments: Namespace(log_base=None, log_level=None, verb_name='build', build_base='build', install_base='install', merge_install=False, symlink_install=False, test_result_base=None, continue_on_error=False, executor='parallel', parallel_workers=4, event_handlers=None, ignore_user_meta=False, metas=['./colcon.meta'], base_paths=['.'], packages_ignore=None, packages_ignore_regex=None, paths=None, packages_up_to=None, packages_up_to_regex=None, packages_above=None, packages_above_and_dependencies=None, packages_above_depth=None, packages_select_by_dep=None, packages_skip_by_dep=None, packages_skip_up_to=None, packages_select_build_failed=False, packages_skip_build_finished=False, packages_select_test_failures=False, packages_skip_test_passed=False, packages_select=None, packages_skip=None, packages_select_regex=None, packages_skip_regex=None, packages_start=None, packages_end=None, allow_overriding=[], cmake_args=None, cmake_target=None, cmake_target_skip_unavailable=False, cmake_clean_cache=False, cmake_clean_first=False, cmake_force_configure=False, ament_cmake_args=None, catkin_cmake_args=None, catkin_skip_building_tests=False, mixin_files=None, mixin=None, verb_parser=<colcon_mixin.mixin.mixin_argument.MixinArgumentDecorator object at 0xffff9a2adeb0>, verb_extension=<colcon_core.verb.build.BuildVerb object at 0xffff9a45e990>, main=<bound method BuildVerb.main of <colcon_core.verb.build.BuildVerb object at 0xffff9a45e990>>, mixin_verb=('build',))
[0.694s] Level 1:colcon.colcon_core.package_discovery:discover_packages(colcon_meta) check parameters
[0.694s] Level 1:colcon.colcon_core.package_discovery:discover_packages(recursive) check parameters
[0.695s] Level 1:colcon.colcon_core.package_discovery:discover_packages(ignore) check parameters
[0.695s] Level 1:colcon.colcon_core.package_discovery:discover_packages(path) check parameters
[0.695s] Level 1:colcon.colcon_core.package_discovery:discover_packages(colcon_meta) discover
[0.695s] Level 1:colcon.colcon_core.package_discovery:discover_packages(recursive) discover
[0.696s] INFO:colcon.colcon_core.package_discovery:Crawling recursively for packages in '/home/pontryagin/me130_lab/ros2_ws'
[0.696s] Level 1:colcon.colcon_core.package_identification:_identify(.) by extensions ['ignore', 'ignore_ament_install']
[0.697s] Level 1:colcon.colcon_core.package_identification:_identify(.) by extension 'ignore'
[0.698s] Level 1:colcon.colcon_core.package_identification:_identify(.) by extension 'ignore_ament_install'
[0.699s] Level 1:colcon.colcon_core.package_identification:_identify(.) by extensions ['colcon_pkg']
[0.699s] Level 1:colcon.colcon_core.package_identification:_identify(.) by extension 'colcon_pkg'
[0.700s] Level 1:colcon.colcon_core.package_identification:_identify(.) by extensions ['colcon_meta']
[0.700s] Level 1:colcon.colcon_core.package_identification:_identify(.) by extension 'colcon_meta'
[0.700s] Level 1:colcon.colcon_core.package_identification:_identify(.) by extensions ['ros']
[0.701s] Level 1:colcon.colcon_core.package_identification:_identify(.) by extension 'ros'
[0.823s] Level 1:colcon.colcon_core.package_identification:_identify(.) by extensions ['cmake', 'python']
[0.823s] Level 1:colcon.colcon_core.package_identification:_identify(.) by extension 'cmake'
[0.823s] Level 1:colcon.colcon_core.package_identification:_identify(.) by extension 'python'
[0.824s] Level 1:colcon.colcon_core.package_identification:_identify(.) by extensions ['python_setup_py']
[0.824s] Level 1:colcon.colcon_core.package_identification:_identify(.) by extension 'python_setup_py'
[0.824s] Level 1:colcon.colcon_core.package_identification:_identify(build) by extensions ['ignore', 'ignore_ament_install']
[0.825s] Level 1:colcon.colcon_core.package_identification:_identify(build) by extension 'ignore'
[0.825s] Level 1:colcon.colcon_core.package_identification:_identify(build) ignored
[0.826s] Level 1:colcon.colcon_core.package_identification:_identify(install) by extensions ['ignore', 'ignore_ament_install']
[0.827s] Level 1:colcon.colcon_core.package_identification:_identify(install) by extension 'ignore'
[0.827s] Level 1:colcon.colcon_core.package_identification:_identify(install) ignored
[0.828s] Level 1:colcon.colcon_core.package_identification:_identify(log) by extensions ['ignore', 'ignore_ament_install']
[0.828s] Level 1:colcon.colcon_core.package_identification:_identify(log) by extension 'ignore'
[0.829s] Level 1:colcon.colcon_core.package_identification:_identify(log) ignored
[0.829s] Level 1:colcon.colcon_core.package_identification:_identify(src) by extensions ['ignore', 'ignore_ament_install']
[0.830s] Level 1:colcon.colcon_core.package_identification:_identify(src) by extension 'ignore'
[0.831s] Level 1:colcon.colcon_core.package_identification:_identify(src) by extension 'ignore_ament_install'
[0.831s] Level 1:colcon.colcon_core.package_identification:_identify(src) by extensions ['colcon_pkg']
[0.831s] Level 1:colcon.colcon_core.package_identification:_identify(src) by extension 'colcon_pkg'
[0.832s] Level 1:colcon.colcon_core.package_identification:_identify(src) by extensions ['colcon_meta']
[0.832s] Level 1:colcon.colcon_core.package_identification:_identify(src) by extension 'colcon_meta'
[0.832s] Level 1:colcon.colcon_core.package_identification:_identify(src) by extensions ['ros']
[0.832s] Level 1:colcon.colcon_core.package_identification:_identify(src) by extension 'ros'
[0.833s] Level 1:colcon.colcon_core.package_identification:_identify(src) by extensions ['cmake', 'python']
[0.833s] Level 1:colcon.colcon_core.package_identification:_identify(src) by extension 'cmake'
[0.834s] Level 1:colcon.colcon_core.package_identification:_identify(src) by extension 'python'
[0.834s] Level 1:colcon.colcon_core.package_identification:_identify(src) by extensions ['python_setup_py']
[0.834s] Level 1:colcon.colcon_core.package_identification:_identify(src) by extension 'python_setup_py'
[0.835s] Level 1:colcon.colcon_core.package_identification:_identify(src/me130_interfaces) by extensions ['ignore', 'ignore_ament_install']
[0.835s] Level 1:colcon.colcon_core.package_identification:_identify(src/me130_interfaces) by extension 'ignore'
[0.836s] Level 1:colcon.colcon_core.package_identification:_identify(src/me130_interfaces) by extension 'ignore_ament_install'
[0.836s] Level 1:colcon.colcon_core.package_identification:_identify(src/me130_interfaces) by extensions ['colcon_pkg']
[0.836s] Level 1:colcon.colcon_core.package_identification:_identify(src/me130_interfaces) by extension 'colcon_pkg'
[0.836s] Level 1:colcon.colcon_core.package_identification:_identify(src/me130_interfaces) by extensions ['colcon_meta']
[0.837s] Level 1:colcon.colcon_core.package_identification:_identify(src/me130_interfaces) by extension 'colcon_meta'
[0.837s] Level 1:colcon.colcon_core.package_identification:_identify(src/me130_interfaces) by extensions ['ros']
[0.837s] Level 1:colcon.colcon_core.package_identification:_identify(src/me130_interfaces) by extension 'ros'
[0.847s] DEBUG:colcon.colcon_core.package_identification:Package 'src/me130_interfaces' with type 'ros.ament_cmake' and name 'me130_interfaces'
[0.848s] Level 1:colcon.colcon_core.package_identification:_identify(src/me130_pendulum) by extensions ['ignore', 'ignore_ament_install']
[0.849s] Level 1:colcon.colcon_core.package_identification:_identify(src/me130_pendulum) by extension 'ignore'
[0.849s] Level 1:colcon.colcon_core.package_identification:_identify(src/me130_pendulum) by extension 'ignore_ament_install'
[0.849s] Level 1:colcon.colcon_core.package_identification:_identify(src/me130_pendulum) by extensions ['colcon_pkg']
[0.850s] Level 1:colcon.colcon_core.package_identification:_identify(src/me130_pendulum) by extension 'colcon_pkg'
[0.850s] Level 1:colcon.colcon_core.package_identification:_identify(src/me130_pendulum) by extensions ['colcon_meta']
[0.850s] Level 1:colcon.colcon_core.package_identification:_identify(src/me130_pendulum) by extension 'colcon_meta'
[0.851s] Level 1:colcon.colcon_core.package_identification:_identify(src/me130_pendulum) by extensions ['ros']
[0.851s] Level 1:colcon.colcon_core.package_identification:_identify(src/me130_pendulum) by extension 'ros'
[0.854s] DEBUG:colcon.colcon_core.package_identification:Package 'src/me130_pendulum' with type 'ros.ament_cmake' and name 'me130_pendulum'
[0.855s] Level 1:colcon.colcon_core.package_identification:_identify(src/me130_wheel) by extensions ['ignore', 'ignore_ament_install']
[0.855s] Level 1:colcon.colcon_core.package_identification:_identify(src/me130_wheel) by extension 'ignore'
[0.856s] Level 1:colcon.colcon_core.package_identification:_identify(src/me130_wheel) by extension 'ignore_ament_install'
[0.856s] Level 1:colcon.colcon_core.package_identification:_identify(src/me130_wheel) by extensions ['colcon_pkg']
[0.856s] Level 1:colcon.colcon_core.package_identification:_identify(src/me130_wheel) by extension 'colcon_pkg'
[0.857s] Level 1:colcon.colcon_core.package_identification:_identify(src/me130_wheel) by extensions ['colcon_meta']
[0.857s] Level 1:colcon.colcon_core.package_identification:_identify(src/me130_wheel) by extension 'colcon_meta'
[0.857s] Level 1:colcon.colcon_core.package_identification:_identify(src/me130_wheel) by extensions ['ros']
[0.857s] Level 1:colcon.colcon_core.package_identification:_identify(src/me130_wheel) by extension 'ros'
[0.859s] DEBUG:colcon.colcon_core.package_identification:Package 'src/me130_wheel' with type 'ros.ament_cmake' and name 'me130_wheel'
[0.860s] Level 1:colcon.colcon_core.package_discovery:discover_packages(recursive) using defaults
[0.860s] Level 1:colcon.colcon_core.package_discovery:discover_packages(ignore) discover
[0.860s] Level 1:colcon.colcon_core.package_discovery:discover_packages(ignore) using defaults
[0.860s] Level 1:colcon.colcon_core.package_discovery:discover_packages(path) discover
[0.860s] Level 1:colcon.colcon_core.package_discovery:discover_packages(path) using defaults
[0.933s] Level 1:colcon.colcon_core.package_discovery:discover_packages(prefix_path) check parameters
[0.933s] Level 1:colcon.colcon_core.package_discovery:discover_packages(prefix_path) discover
[0.942s] DEBUG:colcon.colcon_installed_package_information.package_discovery:Found 3 installed packages in /home/pontryagin/me130_lab/ros2_ws/install
[0.949s] DEBUG:colcon.colcon_installed_package_information.package_discovery:Found 194 installed packages in /opt/ros/jazzy
[0.952s] Level 1:colcon.colcon_core.package_discovery:discover_packages(prefix_path) using defaults
[1.091s] Level 5:colcon.colcon_core.verb:set package 'me130_interfaces' build argument 'cmake_args' from command line to 'None'
[1.092s] Level 5:colcon.colcon_core.verb:set package 'me130_interfaces' build argument 'cmake_target' from command line to 'None'
[1.092s] Level 5:colcon.colcon_core.verb:set package 'me130_interfaces' build argument 'cmake_target_skip_unavailable' from command line to 'False'
[1.092s] Level 5:colcon.colcon_core.verb:set package 'me130_interfaces' build argument 'cmake_clean_cache' from command line to 'False'
[1.092s] Level 5:colcon.colcon_core.verb:set package 'me130_interfaces' build argument 'cmake_clean_first' from command line to 'False'
[1.092s] Level 5:colcon.colcon_core.verb:set package 'me130_interfaces' build argument 'cmake_force_configure' from command line to 'False'
[1.092s] Level 5:colcon.colcon_core.verb:set package 'me130_interfaces' build argument 'ament_cmake_args' from command line to 'None'
[1.092s] Level 5:colcon.colcon_core.verb:set package 'me130_interfaces' build argument 'catkin_cmake_args' from command line to 'None'
[1.093s] Level 5:colcon.colcon_core.verb:set package 'me130_interfaces' build argument 'catkin_skip_building_tests' from command line to 'False'
[1.093s] DEBUG:colcon.colcon_core.verb:Building package 'me130_interfaces' with the following arguments: {'ament_cmake_args': None, 'build_base': '/home/pontryagin/me130_lab/ros2_ws/build/me130_interfaces', 'catkin_cmake_args': None, 'catkin_skip_building_tests': False, 'cmake_args': None, 'cmake_clean_cache': False, 'cmake_clean_first': False, 'cmake_force_configure': False, 'cmake_target': None, 'cmake_target_skip_unavailable': False, 'install_base': '/home/pontryagin/me130_lab/ros2_ws/install/me130_interfaces', 'merge_install': False, 'path': '/home/pontryagin/me130_lab/ros2_ws/src/me130_interfaces', 'symlink_install': False, 'test_result_base': None}
[1.094s] Level 5:colcon.colcon_core.verb:set package 'me130_pendulum' build argument 'cmake_args' from command line to 'None'
[1.094s] Level 5:colcon.colcon_core.verb:set package 'me130_pendulum' build argument 'cmake_target' from command line to 'None'
[1.094s] Level 5:colcon.colcon_core.verb:set package 'me130_pendulum' build argument 'cmake_target_skip_unavailable' from command line to 'False'
[1.095s] Level 5:colcon.colcon_core.verb:set package 'me130_pendulum' build argument 'cmake_clean_cache' from command line to 'False'
[1.095s] Level 5:colcon.colcon_core.verb:set package 'me130_pendulum' build argument 'cmake_clean_first' from command line to 'False'
[1.095s] Level 5:colcon.colcon_core.verb:set package 'me130_pendulum' build argument 'cmake_force_configure' from command line to 'False'
[1.095s] Level 5:colcon.colcon_core.verb:set package 'me130_pendulum' build argument 'ament_cmake_args' from command line to 'None'
[1.095s] Level 5:colcon.colcon_core.verb:set package 'me130_pendulum' build argument 'catkin_cmake_args' from command line to 'None'
[1.095s] Level 5:colcon.colcon_core.verb:set package 'me130_pendulum' build argument 'catkin_skip_building_tests' from command line to 'False'
[1.095s] DEBUG:colcon.colcon_core.verb:Building package 'me130_pendulum' with the following arguments: {'ament_cmake_args': None, 'build_base': '/home/pontryagin/me130_lab/ros2_ws/build/me130_pendulum', 'catkin_cmake_args': None, 'catkin_skip_building_tests': False, 'cmake_args': None, 'cmake_clean_cache': False, 'cmake_clean_first': False, 'cmake_force_configure': False, 'cmake_target': None, 'cmake_target_skip_unavailable': False, 'install_base': '/home/pontryagin/me130_lab/ros2_ws/install/me130_pendulum', 'merge_install': False, 'path': '/home/pontryagin/me130_lab/ros2_ws/src/me130_pendulum', 'symlink_install': False, 'test_result_base': None}
[1.097s] Level 5:colcon.colcon_core.verb:set package 'me130_wheel' build argument 'cmake_args' from command line to 'None'
[1.097s] Level 5:colcon.colcon_core.verb:set package 'me130_wheel' build argument 'cmake_target' from command line to 'None'
[1.097s] Level 5:colcon.colcon_core.verb:set package 'me130_wheel' build argument 'cmake_target_skip_unavailable' from command line to 'False'
[1.097s] Level 5:colcon.colcon_core.verb:set package 'me130_wheel' build argument 'cmake_clean_cache' from command line to 'False'
[1.098s] Level 5:colcon.colcon_core.verb:set package 'me130_wheel' build argument 'cmake_clean_first' from command line to 'False'
[1.098s] Level 5:colcon.colcon_core.verb:set package 'me130_wheel' build argument 'cmake_force_configure' from command line to 'False'
[1.098s] Level 5:colcon.colcon_core.verb:set package 'me130_wheel' build argument 'ament_cmake_args' from command line to 'None'
[1.098s] Level 5:colcon.colcon_core.verb:set package 'me130_wheel' build argument 'catkin_cmake_args' from command line to 'None'
[1.098s] Level 5:colcon.colcon_core.verb:set package 'me130_wheel' build argument 'catkin_skip_building_tests' from command line to 'False'
[1.098s] DEBUG:colcon.colcon_core.verb:Building package 'me130_wheel' with the following arguments: {'ament_cmake_args': None, 'build_base': '/home/pontryagin/me130_lab/ros2_ws/build/me130_wheel', 'catkin_cmake_args': None, 'catkin_skip_building_tests': False, 'cmake_args': None, 'cmake_clean_cache': False, 'cmake_clean_first': False, 'cmake_force_configure': False, 'cmake_target': None, 'cmake_target_skip_unavailable': False, 'install_base': '/home/pontryagin/me130_lab/ros2_ws/install/me130_wheel', 'merge_install': False, 'path': '/home/pontryagin/me130_lab/ros2_ws/src/me130_wheel', 'symlink_install': False, 'test_result_base': None}
[1.099s] INFO:colcon.colcon_core.executor:Executing jobs using 'parallel' executor
[1.102s] DEBUG:colcon.colcon_parallel_executor.executor.parallel:run_until_complete
[1.103s] INFO:colcon.colcon_ros.task.ament_cmake.build:Building ROS package in '/home/pontryagin/me130_lab/ros2_ws/src/me130_interfaces' with build type 'ament_cmake'
[1.104s] INFO:colcon.colcon_cmake.task.cmake.build:Building CMake package in '/home/pontryagin/me130_lab/ros2_ws/src/me130_interfaces'
[1.113s] INFO:colcon.colcon_core.plugin_system:Skipping extension 'colcon_core.shell.bat': Not used on non-Windows systems
[1.114s] INFO:colcon.colcon_core.shell:Skip shell extension 'powershell' for command environment: Not usable outside of PowerShell
[1.114s] DEBUG:colcon.colcon_core.shell:Skip shell extension 'dsv' for command environment
[1.165s] DEBUG:colcon.colcon_core.event_handler.log_command:Invoking command in '/home/pontryagin/me130_lab/ros2_ws/build/me130_interfaces': CMAKE_PREFIX_PATH=${CMAKE_PREFIX_PATH}:/opt/ros/jazzy DEBUGINFOD_URLS=https://debuginfod.ubuntu.com /usr/bin/cmake --build /home/pontryagin/me130_lab/ros2_ws/build/me130_interfaces -- -j4 -l4
[3.233s] DEBUG:colcon.colcon_core.event_handler.log_command:Invoked command in '/home/pontryagin/me130_lab/ros2_ws/build/me130_interfaces' returned '0': CMAKE_PREFIX_PATH=${CMAKE_PREFIX_PATH}:/opt/ros/jazzy DEBUGINFOD_URLS=https://debuginfod.ubuntu.com /usr/bin/cmake --build /home/pontryagin/me130_lab/ros2_ws/build/me130_interfaces -- -j4 -l4
[3.281s] DEBUG:colcon.colcon_core.event_handler.log_command:Invoking command in '/home/pontryagin/me130_lab/ros2_ws/build/me130_interfaces': CMAKE_PREFIX_PATH=${CMAKE_PREFIX_PATH}:/opt/ros/jazzy DEBUGINFOD_URLS=https://debuginfod.ubuntu.com /usr/bin/cmake --install /home/pontryagin/me130_lab/ros2_ws/build/me130_interfaces
[3.632s] Level 1:colcon.colcon_core.environment:create_environment_scripts_only(me130_interfaces)
[3.633s] DEBUG:colcon.colcon_core.event_handler.log_command:Invoked command in '/home/pontryagin/me130_lab/ros2_ws/build/me130_interfaces' returned '0': CMAKE_PREFIX_PATH=${CMAKE_PREFIX_PATH}:/opt/ros/jazzy DEBUGINFOD_URLS=https://debuginfod.ubuntu.com /usr/bin/cmake --install /home/pontryagin/me130_lab/ros2_ws/build/me130_interfaces
[3.643s] Level 1:colcon.colcon_core.environment:checking '/home/pontryagin/me130_lab/ros2_ws/install/me130_interfaces' for CMake module files
[3.648s] Level 1:colcon.colcon_core.environment:checking '/home/pontryagin/me130_lab/ros2_ws/install/me130_interfaces' for CMake config files
[3.662s] Level 1:colcon.colcon_core.shell:create_environment_hook('me130_interfaces', 'cmake_prefix_path')
[3.663s] INFO:colcon.colcon_core.shell:Creating environment hook '/home/pontryagin/me130_lab/ros2_ws/install/me130_interfaces/share/me130_interfaces/hook/cmake_prefix_path.ps1'
[3.667s] INFO:colcon.colcon_core.shell:Creating environment descriptor '/home/pontryagin/me130_lab/ros2_ws/install/me130_interfaces/share/me130_interfaces/hook/cmake_prefix_path.dsv'
[3.683s] INFO:colcon.colcon_core.shell:Creating environment hook '/home/pontryagin/me130_lab/ros2_ws/install/me130_interfaces/share/me130_interfaces/hook/cmake_prefix_path.sh'
[3.687s] Level 1:colcon.colcon_core.environment:checking '/home/pontryagin/me130_lab/ros2_ws/install/me130_interfaces/lib'
[3.688s] Level 1:colcon.colcon_core.shell:create_environment_hook('me130_interfaces', 'ld_library_path_lib')
[3.689s] INFO:colcon.colcon_core.shell:Creating environment hook '/home/pontryagin/me130_lab/ros2_ws/install/me130_interfaces/share/me130_interfaces/hook/ld_library_path_lib.ps1'
[3.691s] INFO:colcon.colcon_core.shell:Creating environment descriptor '/home/pontryagin/me130_lab/ros2_ws/install/me130_interfaces/share/me130_interfaces/hook/ld_library_path_lib.dsv'
[3.694s] INFO:colcon.colcon_core.shell:Creating environment hook '/home/pontryagin/me130_lab/ros2_ws/install/me130_interfaces/share/me130_interfaces/hook/ld_library_path_lib.sh'
[3.696s] Level 1:colcon.colcon_core.environment:checking '/home/pontryagin/me130_lab/ros2_ws/install/me130_interfaces/bin'
[3.697s] Level 1:colcon.colcon_core.environment:checking '/home/pontryagin/me130_lab/ros2_ws/install/me130_interfaces/lib/pkgconfig/me130_interfaces.pc'
[3.698s] Level 1:colcon.colcon_core.environment:checking '/home/pontryagin/me130_lab/ros2_ws/install/me130_interfaces/lib/python3.12/site-packages'
[3.698s] Level 1:colcon.colcon_core.shell:create_environment_hook('me130_interfaces', 'pythonpath')
[3.699s] INFO:colcon.colcon_core.shell:Creating environment hook '/home/pontryagin/me130_lab/ros2_ws/install/me130_interfaces/share/me130_interfaces/hook/pythonpath.ps1'
[3.701s] INFO:colcon.colcon_core.shell:Creating environment descriptor '/home/pontryagin/me130_lab/ros2_ws/install/me130_interfaces/share/me130_interfaces/hook/pythonpath.dsv'
[3.703s] INFO:colcon.colcon_core.shell:Creating environment hook '/home/pontryagin/me130_lab/ros2_ws/install/me130_interfaces/share/me130_interfaces/hook/pythonpath.sh'
[3.705s] Level 1:colcon.colcon_core.environment:checking '/home/pontryagin/me130_lab/ros2_ws/install/me130_interfaces/bin'
[3.707s] INFO:colcon.colcon_core.shell:Creating package script '/home/pontryagin/me130_lab/ros2_ws/install/me130_interfaces/share/me130_interfaces/package.ps1'
[3.711s] INFO:colcon.colcon_core.shell:Creating package descriptor '/home/pontryagin/me130_lab/ros2_ws/install/me130_interfaces/share/me130_interfaces/package.dsv'
[3.714s] INFO:colcon.colcon_core.shell:Creating package script '/home/pontryagin/me130_lab/ros2_ws/install/me130_interfaces/share/me130_interfaces/package.sh'
[3.718s] INFO:colcon.colcon_core.shell:Creating package script '/home/pontryagin/me130_lab/ros2_ws/install/me130_interfaces/share/me130_interfaces/package.bash'
[3.722s] INFO:colcon.colcon_core.shell:Creating package script '/home/pontryagin/me130_lab/ros2_ws/install/me130_interfaces/share/me130_interfaces/package.zsh'
[3.725s] Level 1:colcon.colcon_core.environment:create_file_with_runtime_dependencies(/home/pontryagin/me130_lab/ros2_ws/install/me130_interfaces/share/colcon-core/packages/me130_interfaces)
[3.729s] Level 1:colcon.colcon_core.environment:create_environment_scripts_only(me130_interfaces)
[3.730s] Level 1:colcon.colcon_core.environment:checking '/home/pontryagin/me130_lab/ros2_ws/install/me130_interfaces' for CMake module files
[3.735s] Level 1:colcon.colcon_core.environment:checking '/home/pontryagin/me130_lab/ros2_ws/install/me130_interfaces' for CMake config files
[3.740s] Level 1:colcon.colcon_core.shell:create_environment_hook('me130_interfaces', 'cmake_prefix_path')
[3.741s] INFO:colcon.colcon_core.shell:Creating environment hook '/home/pontryagin/me130_lab/ros2_ws/install/me130_interfaces/share/me130_interfaces/hook/cmake_prefix_path.ps1'
[3.743s] INFO:colcon.colcon_core.shell:Creating environment descriptor '/home/pontryagin/me130_lab/ros2_ws/install/me130_interfaces/share/me130_interfaces/hook/cmake_prefix_path.dsv'
[3.745s] INFO:colcon.colcon_core.shell:Creating environment hook '/home/pontryagin/me130_lab/ros2_ws/install/me130_interfaces/share/me130_interfaces/hook/cmake_prefix_path.sh'
[3.748s] Level 1:colcon.colcon_core.environment:checking '/home/pontryagin/me130_lab/ros2_ws/install/me130_interfaces/lib'
[3.748s] Level 1:colcon.colcon_core.shell:create_environment_hook('me130_interfaces', 'ld_library_path_lib')
[3.749s] INFO:colcon.colcon_core.shell:Creating environment hook '/home/pontryagin/me130_lab/ros2_ws/install/me130_interfaces/share/me130_interfaces/hook/ld_library_path_lib.ps1'
[3.751s] INFO:colcon.colcon_core.shell:Creating environment descriptor '/home/pontryagin/me130_lab/ros2_ws/install/me130_interfaces/share/me130_interfaces/hook/ld_library_path_lib.dsv'
[3.753s] INFO:colcon.colcon_core.shell:Creating environment hook '/home/pontryagin/me130_lab/ros2_ws/install/me130_interfaces/share/me130_interfaces/hook/ld_library_path_lib.sh'
[3.755s] Level 1:colcon.colcon_core.environment:checking '/home/pontryagin/me130_lab/ros2_ws/install/me130_interfaces/bin'
[3.755s] Level 1:colcon.colcon_core.environment:checking '/home/pontryagin/me130_lab/ros2_ws/install/me130_interfaces/lib/pkgconfig/me130_interfaces.pc'
[3.756s] Level 1:colcon.colcon_core.environment:checking '/home/pontryagin/me130_lab/ros2_ws/install/me130_interfaces/lib/python3.12/site-packages'
[3.756s] Level 1:colcon.colcon_core.shell:create_environment_hook('me130_interfaces', 'pythonpath')
[3.757s] INFO:colcon.colcon_core.shell:Creating environment hook '/home/pontryagin/me130_lab/ros2_ws/install/me130_interfaces/share/me130_interfaces/hook/pythonpath.ps1'
[3.759s] INFO:colcon.colcon_core.shell:Creating environment descriptor '/home/pontryagin/me130_lab/ros2_ws/install/me130_interfaces/share/me130_interfaces/hook/pythonpath.dsv'
[3.761s] INFO:colcon.colcon_core.shell:Creating environment hook '/home/pontryagin/me130_lab/ros2_ws/install/me130_interfaces/share/me130_interfaces/hook/pythonpath.sh'
[3.764s] Level 1:colcon.colcon_core.environment:checking '/home/pontryagin/me130_lab/ros2_ws/install/me130_interfaces/bin'
[3.765s] INFO:colcon.colcon_core.shell:Creating package script '/home/pontryagin/me130_lab/ros2_ws/install/me130_interfaces/share/me130_interfaces/package.ps1'
[3.768s] INFO:colcon.colcon_core.shell:Creating package descriptor '/home/pontryagin/me130_lab/ros2_ws/install/me130_interfaces/share/me130_interfaces/package.dsv'
[3.771s] INFO:colcon.colcon_core.shell:Creating package script '/home/pontryagin/me130_lab/ros2_ws/install/me130_interfaces/share/me130_interfaces/package.sh'
[3.773s] INFO:colcon.colcon_core.shell:Creating package script '/home/pontryagin/me130_lab/ros2_ws/install/me130_interfaces/share/me130_interfaces/package.bash'
[3.775s] INFO:colcon.colcon_core.shell:Creating package script '/home/pontryagin/me130_lab/ros2_ws/install/me130_interfaces/share/me130_interfaces/package.zsh'
[3.777s] Level 1:colcon.colcon_core.environment:create_file_with_runtime_dependencies(/home/pontryagin/me130_lab/ros2_ws/install/me130_interfaces/share/colcon-core/packages/me130_interfaces)
[3.778s] INFO:colcon.colcon_ros.task.ament_cmake.build:Building ROS package in '/home/pontryagin/me130_lab/ros2_ws/src/me130_pendulum' with build type 'ament_cmake'
[3.779s] INFO:colcon.colcon_cmake.task.cmake.build:Building CMake package in '/home/pontryagin/me130_lab/ros2_ws/src/me130_pendulum'
[3.780s] INFO:colcon.colcon_core.shell:Skip shell extension 'powershell' for command environment: Not usable outside of PowerShell
[3.780s] DEBUG:colcon.colcon_core.shell:Skip shell extension 'dsv' for command environment
[3.836s] DEBUG:colcon.colcon_core.event_handler.log_command:Invoking command in '/home/pontryagin/me130_lab/ros2_ws/build/me130_pendulum': CMAKE_PREFIX_PATH=/home/pontryagin/me130_lab/ros2_ws/install/me130_interfaces:/home/pontryagin/me130_lab/ros2_ws/install/me130_wheel:/home/pontryagin/me130_lab/ros2_ws/install/me130_pendulum:/opt/ros/jazzy DEBUGINFOD_URLS=https://debuginfod.ubuntu.com /usr/bin/cmake --build /home/pontryagin/me130_lab/ros2_ws/build/me130_pendulum -- -j4 -l4
[4.645s] DEBUG:colcon.colcon_core.event_handler.log_command:Invoked command in '/home/pontryagin/me130_lab/ros2_ws/build/me130_pendulum' returned '0': CMAKE_PREFIX_PATH=/home/pontryagin/me130_lab/ros2_ws/install/me130_interfaces:/home/pontryagin/me130_lab/ros2_ws/install/me130_wheel:/home/pontryagin/me130_lab/ros2_ws/install/me130_pendulum:/opt/ros/jazzy DEBUGINFOD_URLS=https://debuginfod.ubuntu.com /usr/bin/cmake --build /home/pontryagin/me130_lab/ros2_ws/build/me130_pendulum -- -j4 -l4
[4.651s] DEBUG:colcon.colcon_core.event_handler.log_command:Invoking command in '/home/pontryagin/me130_lab/ros2_ws/build/me130_pendulum': CMAKE_PREFIX_PATH=/home/pontryagin/me130_lab/ros2_ws/install/me130_interfaces:/home/pontryagin/me130_lab/ros2_ws/install/me130_wheel:/home/pontryagin/me130_lab/ros2_ws/install/me130_pendulum:/opt/ros/jazzy DEBUGINFOD_URLS=https://debuginfod.ubuntu.com /usr/bin/cmake --install /home/pontryagin/me130_lab/ros2_ws/build/me130_pendulum
[4.733s] Level 1:colcon.colcon_core.environment:create_environment_scripts_only(me130_pendulum)
[4.734s] Level 1:colcon.colcon_core.environment:checking '/home/pontryagin/me130_lab/ros2_ws/install/me130_pendulum' for CMake module files
[4.736s] DEBUG:colcon.colcon_core.event_handler.log_command:Invoked command in '/home/pontryagin/me130_lab/ros2_ws/build/me130_pendulum' returned '0': CMAKE_PREFIX_PATH=/home/pontryagin/me130_lab/ros2_ws/install/me130_interfaces:/home/pontryagin/me130_lab/ros2_ws/install/me130_wheel:/home/pontryagin/me130_lab/ros2_ws/install/me130_pendulum:/opt/ros/jazzy DEBUGINFOD_URLS=https://debuginfod.ubuntu.com /usr/bin/cmake --install /home/pontryagin/me130_lab/ros2_ws/build/me130_pendulum
[4.740s] Level 1:colcon.colcon_core.environment:checking '/home/pontryagin/me130_lab/ros2_ws/install/me130_pendulum' for CMake config files
[4.742s] Level 1:colcon.colcon_core.shell:create_environment_hook('me130_pendulum', 'cmake_prefix_path')
[4.742s] INFO:colcon.colcon_core.shell:Creating environment hook '/home/pontryagin/me130_lab/ros2_ws/install/me130_pendulum/share/me130_pendulum/hook/cmake_prefix_path.ps1'
[4.745s] INFO:colcon.colcon_core.shell:Creating environment descriptor '/home/pontryagin/me130_lab/ros2_ws/install/me130_pendulum/share/me130_pendulum/hook/cmake_prefix_path.dsv'
[4.747s] INFO:colcon.colcon_core.shell:Creating environment hook '/home/pontryagin/me130_lab/ros2_ws/install/me130_pendulum/share/me130_pendulum/hook/cmake_prefix_path.sh'
[4.750s] Level 1:colcon.colcon_core.environment:checking '/home/pontryagin/me130_lab/ros2_ws/install/me130_pendulum/lib'
[4.750s] Level 1:colcon.colcon_core.environment:checking '/home/pontryagin/me130_lab/ros2_ws/install/me130_pendulum/bin'
[4.751s] Level 1:colcon.colcon_core.environment:checking '/home/pontryagin/me130_lab/ros2_ws/install/me130_pendulum/lib/pkgconfig/me130_pendulum.pc'
[4.752s] Level 1:colcon.colcon_core.environment:checking '/home/pontryagin/me130_lab/ros2_ws/install/me130_pendulum/lib/python3.12/site-packages'
[4.754s] Level 1:colcon.colcon_core.environment:checking '/home/pontryagin/me130_lab/ros2_ws/install/me130_pendulum/bin'
[4.755s] INFO:colcon.colcon_core.shell:Creating package script '/home/pontryagin/me130_lab/ros2_ws/install/me130_pendulum/share/me130_pendulum/package.ps1'
[4.758s] INFO:colcon.colcon_core.shell:Creating package descriptor '/home/pontryagin/me130_lab/ros2_ws/install/me130_pendulum/share/me130_pendulum/package.dsv'
[4.760s] INFO:colcon.colcon_core.shell:Creating package script '/home/pontryagin/me130_lab/ros2_ws/install/me130_pendulum/share/me130_pendulum/package.sh'
[4.762s] INFO:colcon.colcon_core.shell:Creating package script '/home/pontryagin/me130_lab/ros2_ws/install/me130_pendulum/share/me130_pendulum/package.bash'
[4.764s] INFO:colcon.colcon_core.shell:Creating package script '/home/pontryagin/me130_lab/ros2_ws/install/me130_pendulum/share/me130_pendulum/package.zsh'
[4.765s] Level 1:colcon.colcon_core.environment:create_file_with_runtime_dependencies(/home/pontryagin/me130_lab/ros2_ws/install/me130_pendulum/share/colcon-core/packages/me130_pendulum)
[4.768s] Level 1:colcon.colcon_core.environment:create_environment_scripts_only(me130_pendulum)
[4.768s] Level 1:colcon.colcon_core.environment:checking '/home/pontryagin/me130_lab/ros2_ws/install/me130_pendulum' for CMake module files
[4.772s] Level 1:colcon.colcon_core.environment:checking '/home/pontryagin/me130_lab/ros2_ws/install/me130_pendulum' for CMake config files
[4.774s] Level 1:colcon.colcon_core.shell:create_environment_hook('me130_pendulum', 'cmake_prefix_path')
[4.775s] INFO:colcon.colcon_core.shell:Creating environment hook '/home/pontryagin/me130_lab/ros2_ws/install/me130_pendulum/share/me130_pendulum/hook/cmake_prefix_path.ps1'
[4.777s] INFO:colcon.colcon_core.shell:Creating environment descriptor '/home/pontryagin/me130_lab/ros2_ws/install/me130_pendulum/share/me130_pendulum/hook/cmake_prefix_path.dsv'
[4.779s] INFO:colcon.colcon_core.shell:Creating environment hook '/home/pontryagin/me130_lab/ros2_ws/install/me130_pendulum/share/me130_pendulum/hook/cmake_prefix_path.sh'
[4.781s] Level 1:colcon.colcon_core.environment:checking '/home/pontryagin/me130_lab/ros2_ws/install/me130_pendulum/lib'
[4.782s] Level 1:colcon.colcon_core.environment:checking '/home/pontryagin/me130_lab/ros2_ws/install/me130_pendulum/bin'
[4.782s] Level 1:colcon.colcon_core.environment:checking '/home/pontryagin/me130_lab/ros2_ws/install/me130_pendulum/lib/pkgconfig/me130_pendulum.pc'
[4.783s] Level 1:colcon.colcon_core.environment:checking '/home/pontryagin/me130_lab/ros2_ws/install/me130_pendulum/lib/python3.12/site-packages'
[4.784s] Level 1:colcon.colcon_core.environment:checking '/home/pontryagin/me130_lab/ros2_ws/install/me130_pendulum/bin'
[4.785s] INFO:colcon.colcon_core.shell:Creating package script '/home/pontryagin/me130_lab/ros2_ws/install/me130_pendulum/share/me130_pendulum/package.ps1'
[4.788s] INFO:colcon.colcon_core.shell:Creating package descriptor '/home/pontryagin/me130_lab/ros2_ws/install/me130_pendulum/share/me130_pendulum/package.dsv'
[4.790s] INFO:colcon.colcon_core.shell:Creating package script '/home/pontryagin/me130_lab/ros2_ws/install/me130_pendulum/share/me130_pendulum/package.sh'
[4.792s] INFO:colcon.colcon_core.shell:Creating package script '/home/pontryagin/me130_lab/ros2_ws/install/me130_pendulum/share/me130_pendulum/package.bash'
[4.794s] INFO:colcon.colcon_core.shell:Creating package script '/home/pontryagin/me130_lab/ros2_ws/install/me130_pendulum/share/me130_pendulum/package.zsh'
[4.796s] Level 1:colcon.colcon_core.environment:create_file_with_runtime_dependencies(/home/pontryagin/me130_lab/ros2_ws/install/me130_pendulum/share/colcon-core/packages/me130_pendulum)
[4.797s] INFO:colcon.colcon_ros.task.ament_cmake.build:Building ROS package in '/home/pontryagin/me130_lab/ros2_ws/src/me130_wheel' with build type 'ament_cmake'
[4.798s] INFO:colcon.colcon_cmake.task.cmake.build:Building CMake package in '/home/pontryagin/me130_lab/ros2_ws/src/me130_wheel'
[4.799s] INFO:colcon.colcon_core.shell:Skip shell extension 'powershell' for command environment: Not usable outside of PowerShell
[4.800s] DEBUG:colcon.colcon_core.shell:Skip shell extension 'dsv' for command environment
[4.859s] DEBUG:colcon.colcon_core.event_handler.log_command:Invoking command in '/home/pontryagin/me130_lab/ros2_ws/build/me130_wheel': CMAKE_PREFIX_PATH=/home/pontryagin/me130_lab/ros2_ws/install/me130_pendulum:/home/pontryagin/me130_lab/ros2_ws/install/me130_interfaces:/home/pontryagin/me130_lab/ros2_ws/install/me130_wheel:/opt/ros/jazzy DEBUGINFOD_URLS=https://debuginfod.ubuntu.com /usr/bin/cmake --build /home/pontryagin/me130_lab/ros2_ws/build/me130_wheel -- -j4 -l4
[5.057s] DEBUG:colcon.colcon_core.event_handler.log_command:Invoked command in '/home/pontryagin/me130_lab/ros2_ws/build/me130_wheel' returned '0': CMAKE_PREFIX_PATH=/home/pontryagin/me130_lab/ros2_ws/install/me130_pendulum:/home/pontryagin/me130_lab/ros2_ws/install/me130_interfaces:/home/pontryagin/me130_lab/ros2_ws/install/me130_wheel:/opt/ros/jazzy DEBUGINFOD_URLS=https://debuginfod.ubuntu.com /usr/bin/cmake --build /home/pontryagin/me130_lab/ros2_ws/build/me130_wheel -- -j4 -l4
[5.062s] DEBUG:colcon.colcon_core.event_handler.log_command:Invoking command in '/home/pontryagin/me130_lab/ros2_ws/build/me130_wheel': CMAKE_PREFIX_PATH=/home/pontryagin/me130_lab/ros2_ws/install/me130_pendulum:/home/pontryagin/me130_lab/ros2_ws/install/me130_interfaces:/home/pontryagin/me130_lab/ros2_ws/install/me130_wheel:/opt/ros/jazzy DEBUGINFOD_URLS=https://debuginfod.ubuntu.com /usr/bin/cmake --install /home/pontryagin/me130_lab/ros2_ws/build/me130_wheel
[5.117s] Level 1:colcon.colcon_core.environment:create_environment_scripts_only(me130_wheel)
[5.118s] Level 1:colcon.colcon_core.environment:checking '/home/pontryagin/me130_lab/ros2_ws/install/me130_wheel' for CMake module files
[5.120s] DEBUG:colcon.colcon_core.event_handler.log_command:Invoked command in '/home/pontryagin/me130_lab/ros2_ws/build/me130_wheel' returned '0': CMAKE_PREFIX_PATH=/home/pontryagin/me130_lab/ros2_ws/install/me130_pendulum:/home/pontryagin/me130_lab/ros2_ws/install/me130_interfaces:/home/pontryagin/me130_lab/ros2_ws/install/me130_wheel:/opt/ros/jazzy DEBUGINFOD_URLS=https://debuginfod.ubuntu.com /usr/bin/cmake --install /home/pontryagin/me130_lab/ros2_ws/build/me130_wheel
[5.122s] Level 1:colcon.colcon_core.environment:checking '/home/pontryagin/me130_lab/ros2_ws/install/me130_wheel' for CMake config files
[5.124s] Level 1:colcon.colcon_core.shell:create_environment_hook('me130_wheel', 'cmake_prefix_path')
[5.125s] INFO:colcon.colcon_core.shell:Creating environment hook '/home/pontryagin/me130_lab/ros2_ws/install/me130_wheel/share/me130_wheel/hook/cmake_prefix_path.ps1'
[5.128s] INFO:colcon.colcon_core.shell:Creating environment descriptor '/home/pontryagin/me130_lab/ros2_ws/install/me130_wheel/share/me130_wheel/hook/cmake_prefix_path.dsv'
[5.130s] INFO:colcon.colcon_core.shell:Creating environment hook '/home/pontryagin/me130_lab/ros2_ws/install/me130_wheel/share/me130_wheel/hook/cmake_prefix_path.sh'
[5.134s] Level 1:colcon.colcon_core.environment:checking '/home/pontryagin/me130_lab/ros2_ws/install/me130_wheel/lib'
[5.135s] Level 1:colcon.colcon_core.environment:checking '/home/pontryagin/me130_lab/ros2_ws/install/me130_wheel/bin'
[5.135s] Level 1:colcon.colcon_core.environment:checking '/home/pontryagin/me130_lab/ros2_ws/install/me130_wheel/lib/pkgconfig/me130_wheel.pc'
[5.136s] Level 1:colcon.colcon_core.environment:checking '/home/pontryagin/me130_lab/ros2_ws/install/me130_wheel/lib/python3.12/site-packages'
[5.138s] Level 1:colcon.colcon_core.environment:checking '/home/pontryagin/me130_lab/ros2_ws/install/me130_wheel/bin'
[5.139s] INFO:colcon.colcon_core.shell:Creating package script '/home/pontryagin/me130_lab/ros2_ws/install/me130_wheel/share/me130_wheel/package.ps1'
[5.141s] INFO:colcon.colcon_core.shell:Creating package descriptor '/home/pontryagin/me130_lab/ros2_ws/install/me130_wheel/share/me130_wheel/package.dsv'
[5.143s] INFO:colcon.colcon_core.shell:Creating package script '/home/pontryagin/me130_lab/ros2_ws/install/me130_wheel/share/me130_wheel/package.sh'
[5.145s] INFO:colcon.colcon_core.shell:Creating package script '/home/pontryagin/me130_lab/ros2_ws/install/me130_wheel/share/me130_wheel/package.bash'
[5.147s] INFO:colcon.colcon_core.shell:Creating package script '/home/pontryagin/me130_lab/ros2_ws/install/me130_wheel/share/me130_wheel/package.zsh'
[5.148s] Level 1:colcon.colcon_core.environment:create_file_with_runtime_dependencies(/home/pontryagin/me130_lab/ros2_ws/install/me130_wheel/share/colcon-core/packages/me130_wheel)
[5.151s] Level 1:colcon.colcon_core.environment:create_environment_scripts_only(me130_wheel)
[5.151s] Level 1:colcon.colcon_core.environment:checking '/home/pontryagin/me130_lab/ros2_ws/install/me130_wheel' for CMake module files
[5.154s] Level 1:colcon.colcon_core.environment:checking '/home/pontryagin/me130_lab/ros2_ws/install/me130_wheel' for CMake config files
[5.156s] Level 1:colcon.colcon_core.shell:create_environment_hook('me130_wheel', 'cmake_prefix_path')
[5.157s] INFO:colcon.colcon_core.shell:Creating environment hook '/home/pontryagin/me130_lab/ros2_ws/install/me130_wheel/share/me130_wheel/hook/cmake_prefix_path.ps1'
[5.158s] INFO:colcon.colcon_core.shell:Creating environment descriptor '/home/pontryagin/me130_lab/ros2_ws/install/me130_wheel/share/me130_wheel/hook/cmake_prefix_path.dsv'
[5.160s] INFO:colcon.colcon_core.shell:Creating environment hook '/home/pontryagin/me130_lab/ros2_ws/install/me130_wheel/share/me130_wheel/hook/cmake_prefix_path.sh'
[5.162s] Level 1:colcon.colcon_core.environment:checking '/home/pontryagin/me130_lab/ros2_ws/install/me130_wheel/lib'
[5.163s] Level 1:colcon.colcon_core.environment:checking '/home/pontryagin/me130_lab/ros2_ws/install/me130_wheel/bin'
[5.163s] Level 1:colcon.colcon_core.environment:checking '/home/pontryagin/me130_lab/ros2_ws/install/me130_wheel/lib/pkgconfig/me130_wheel.pc'
[5.164s] Level 1:colcon.colcon_core.environment:checking '/home/pontryagin/me130_lab/ros2_ws/install/me130_wheel/lib/python3.12/site-packages'
[5.166s] Level 1:colcon.colcon_core.environment:checking '/home/pontryagin/me130_lab/ros2_ws/install/me130_wheel/bin'
[5.167s] INFO:colcon.colcon_core.shell:Creating package script '/home/pontryagin/me130_lab/ros2_ws/install/me130_wheel/share/me130_wheel/package.ps1'
[5.170s] INFO:colcon.colcon_core.shell:Creating package descriptor '/home/pontryagin/me130_lab/ros2_ws/install/me130_wheel/share/me130_wheel/package.dsv'
[5.172s] INFO:colcon.colcon_core.shell:Creating package script '/home/pontryagin/me130_lab/ros2_ws/install/me130_wheel/share/me130_wheel/package.sh'
[5.174s] INFO:colcon.colcon_core.shell:Creating package script '/home/pontryagin/me130_lab/ros2_ws/install/me130_wheel/share/me130_wheel/package.bash'
[5.176s] INFO:colcon.colcon_core.shell:Creating package script '/home/pontryagin/me130_lab/ros2_ws/install/me130_wheel/share/me130_wheel/package.zsh'
[5.177s] Level 1:colcon.colcon_core.environment:create_file_with_runtime_dependencies(/home/pontryagin/me130_lab/ros2_ws/install/me130_wheel/share/colcon-core/packages/me130_wheel)
[5.178s] DEBUG:colcon.colcon_parallel_executor.executor.parallel:closing loop
[5.180s] DEBUG:colcon.colcon_parallel_executor.executor.parallel:loop closed
[5.180s] DEBUG:colcon.colcon_parallel_executor.executor.parallel:run_until_complete finished with '0'
[5.181s] DEBUG:colcon.colcon_core.event_reactor:joining thread
[5.182s] DEBUG:colcon.colcon_core.event_reactor:joined thread
[5.183s] INFO:colcon.colcon_core.shell:Creating prefix script '/home/pontryagin/me130_lab/ros2_ws/install/local_setup.ps1'
[5.186s] INFO:colcon.colcon_core.shell:Creating prefix util module '/home/pontryagin/me130_lab/ros2_ws/install/_local_setup_util_ps1.py'
[5.192s] INFO:colcon.colcon_core.shell:Creating prefix chain script '/home/pontryagin/me130_lab/ros2_ws/install/setup.ps1'
[5.197s] INFO:colcon.colcon_core.shell:Creating prefix script '/home/pontryagin/me130_lab/ros2_ws/install/local_setup.sh'
[5.199s] INFO:colcon.colcon_core.shell:Creating prefix util module '/home/pontryagin/me130_lab/ros2_ws/install/_local_setup_util_sh.py'
[5.202s] INFO:colcon.colcon_core.shell:Creating prefix chain script '/home/pontryagin/me130_lab/ros2_ws/install/setup.sh'
[5.206s] INFO:colcon.colcon_core.shell:Creating prefix script '/home/pontryagin/me130_lab/ros2_ws/install/local_setup.bash'
[5.208s] INFO:colcon.colcon_core.shell:Creating prefix chain script '/home/pontryagin/me130_lab/ros2_ws/install/setup.bash'
[5.212s] INFO:colcon.colcon_core.shell:Creating prefix script '/home/pontryagin/me130_lab/ros2_ws/install/local_setup.zsh'
[5.214s] INFO:colcon.colcon_core.shell:Creating prefix chain script '/home/pontryagin/me130_lab/ros2_ws/install/setup.zsh'
