[0.051s] Invoking command in '/home/pontryagin/me130_lab/ros2_ws/build/me130_interfaces': CMAKE_PREFIX_PATH=${CMAKE_PREFIX_PATH}:/opt/ros/jazzy DEBUGINFOD_URLS=https://debuginfod.ubuntu.com /usr/bin/cmake --build /home/pontryagin/me130_lab/ros2_ws/build/me130_interfaces -- -j4 -l4
[0.320s] [  1%] Built target me130_interfaces__rs
[0.325s] [  3%] Built target me130_interfaces__rosidl_generator_type_description
[0.398s] [  3%] Built target ament_cmake_python_copy_me130_interfaces
[0.447s] [  5%] Built target me130_interfaces__cpp
[0.454s] [ 25%] Built target me130_interfaces__rosidl_generator_c
[0.612s] [ 43%] Built target me130_interfaces__rosidl_typesupport_fastrtps_c
[0.613s] [ 43%] Built target me130_interfaces__rosidl_typesupport_introspection_c
[0.619s] [ 52%] Built target me130_interfaces__rosidl_typesupport_cpp
[0.754s] [ 61%] Built target me130_interfaces__rosidl_typesupport_c
[0.798s] [ 70%] Built target me130_interfaces__rosidl_typesupport_introspection_cpp
[0.810s] [ 80%] Built target me130_interfaces__rosidl_typesupport_fastrtps_cpp
[0.926s] [ 80%] Built target me130_interfaces
[1.040s] [ 81%] Built target me130_interfaces__py
[1.165s] [ 89%] Built target me130_interfaces__rosidl_generator_py
[1.306s] [ 92%] Built target me130_interfaces_s__rosidl_typesupport_fastrtps_c
[1.311s] [ 96%] Built target me130_interfaces_s__rosidl_typesupport_c
[1.319s] [100%] Built target me130_interfaces_s__rosidl_typesupport_introspection_c
[1.574s] running egg_info
[1.658s] writing me130_interfaces.egg-info/PKG-INFO
[1.659s] writing dependency_links to me130_interfaces.egg-info/dependency_links.txt
[1.662s] writing top-level names to me130_interfaces.egg-info/top_level.txt
[1.896s] reading manifest file 'me130_interfaces.egg-info/SOURCES.txt'
[1.900s] writing manifest file 'me130_interfaces.egg-info/SOURCES.txt'
[2.049s] [100%] Built target ament_cmake_python_build_me130_interfaces_egg
[2.106s] Invoked command in '/home/pontryagin/me130_lab/ros2_ws/build/me130_interfaces' returned '0': CMAKE_PREFIX_PATH=${CMAKE_PREFIX_PATH}:/opt/ros/jazzy DEBUGINFOD_URLS=https://debuginfod.ubuntu.com /usr/bin/cmake --build /home/pontryagin/me130_lab/ros2_ws/build/me130_interfaces -- -j4 -l4
[2.156s] Invoking command in '/home/pontryagin/me130_lab/ros2_ws/build/me130_interfaces': CMAKE_PREFIX_PATH=${CMAKE_PREFIX_PATH}:/opt/ros/jazzy DEBUGINFOD_URLS=https://debuginfod.ubuntu.com /usr/bin/cmake --install /home/pontryagin/me130_lab/ros2_ws/build/me130_interfaces
[2.195s] -- Install configuration: ""
[2.195s] -- Up-to-date: /home/pontryagin/me130_lab/ros2_ws/install/me130_interfaces/share/ament_index/resource_index/rosidl_interfaces/me130_interfaces
[2.196s] -- Up-to-date: /home/pontryagin/me130_lab/ros2_ws/install/me130_interfaces/share/me130_interfaces/msg/PendulumAngle.json
[2.196s] -- Up-to-date: /home/pontryagin/me130_lab/ros2_ws/install/me130_interfaces/share/me130_interfaces/msg/EncoderState.json
[2.197s] -- Up-to-date: /home/pontryagin/me130_lab/ros2_ws/install/me130_interfaces/share/me130_interfaces/msg/MotorCommand.json
[2.197s] -- Up-to-date: /home/pontryagin/me130_lab/ros2_ws/install/me130_interfaces/include/me130_interfaces/me130_interfaces
[2.198s] -- Up-to-date: /home/pontryagin/me130_lab/ros2_ws/install/me130_interfaces/include/me130_interfaces/me130_interfaces/msg
[2.199s] -- Up-to-date: /home/pontryagin/me130_lab/ros2_ws/install/me130_interfaces/include/me130_interfaces/me130_interfaces/msg/detail
[2.199s] -- Up-to-date: /home/pontryagin/me130_lab/ros2_ws/install/me130_interfaces/include/me130_interfaces/me130_interfaces/msg/detail/pendulum_angle__description.c
[2.200s] -- Up-to-date: /home/pontryagin/me130_lab/ros2_ws/install/me130_interfaces/include/me130_interfaces/me130_interfaces/msg/detail/encoder_state__functions.h
[2.200s] -- Up-to-date: /home/pontryagin/me130_lab/ros2_ws/install/me130_interfaces/include/me130_interfaces/me130_interfaces/msg/detail/motor_command__functions.c
[2.201s] -- Up-to-date: /home/pontryagin/me130_lab/ros2_ws/install/me130_interfaces/include/me130_interfaces/me130_interfaces/msg/detail/pendulum_angle__functions.c
[2.201s] -- Up-to-date: /home/pontryagin/me130_lab/ros2_ws/install/me130_interfaces/include/me130_interfaces/me130_interfaces/msg/detail/pendulum_angle__type_support.h
[2.202s] -- Installing: /home/pontryagin/me130_lab/ros2_ws/install/me130_interfaces/include/me130_interfaces/me130_interfaces/msg/detail/motor_command__type_support.c
[2.202s] -- Up-to-date: /home/pontryagin/me130_lab/ros2_ws/install/me130_interfaces/include/me130_interfaces/me130_interfaces/msg/detail/motor_command__description.c
[2.203s] -- Up-to-date: /home/pontryagin/me130_lab/ros2_ws/install/me130_interfaces/include/me130_interfaces/me130_interfaces/msg/detail/motor_command__struct.h
[2.203s] -- Up-to-date: /home/pontryagin/me130_lab/ros2_ws/install/me130_interfaces/include/me130_interfaces/me130_interfaces/msg/detail/encoder_state__functions.c
[2.204s] -- Up-to-date: /home/pontryagin/me130_lab/ros2_ws/install/me130_interfaces/include/me130_interfaces/me130_interfaces/msg/detail/motor_command__type_support.h
[2.204s] -- Up-to-date: /home/pontryagin/me130_lab/ros2_ws/install/me130_interfaces/include/me130_interfaces/me130_interfaces/msg/detail/pendulum_angle__functions.h
[2.205s] -- Installing: /home/pontryagin/me130_lab/ros2_ws/install/me130_interfaces/include/me130_interfaces/me130_interfaces/msg/detail/encoder_state__type_support.c
[2.205s] -- Installing: /home/pontryagin/me130_lab/ros2_ws/install/me130_interfaces/include/me130_interfaces/me130_interfaces/msg/detail/pendulum_angle__type_support.c
[2.206s] -- Up-to-date: /home/pontryagin/me130_lab/ros2_ws/install/me130_interfaces/include/me130_interfaces/me130_interfaces/msg/detail/pendulum_angle__struct.h
[2.207s] -- Up-to-date: /home/pontryagin/me130_lab/ros2_ws/install/me130_interfaces/include/me130_interfaces/me130_interfaces/msg/detail/motor_command__functions.h
[2.207s] -- Up-to-date: /home/pontryagin/me130_lab/ros2_ws/install/me130_interfaces/include/me130_interfaces/me130_interfaces/msg/detail/encoder_state__struct.h
[2.208s] -- Up-to-date: /home/pontryagin/me130_lab/ros2_ws/install/me130_interfaces/include/me130_interfaces/me130_interfaces/msg/detail/encoder_state__description.c
[2.208s] -- Up-to-date: /home/pontryagin/me130_lab/ros2_ws/install/me130_interfaces/include/me130_interfaces/me130_interfaces/msg/detail/encoder_state__type_support.h
[2.209s] -- Up-to-date: /home/pontryagin/me130_lab/ros2_ws/install/me130_interfaces/include/me130_interfaces/me130_interfaces/msg/motor_command.h
[2.209s] -- Up-to-date: /home/pontryagin/me130_lab/ros2_ws/install/me130_interfaces/include/me130_interfaces/me130_interfaces/msg/rosidl_generator_c__visibility_control.h
[2.210s] -- Up-to-date: /home/pontryagin/me130_lab/ros2_ws/install/me130_interfaces/include/me130_interfaces/me130_interfaces/msg/encoder_state.h
[2.210s] -- Up-to-date: /home/pontryagin/me130_lab/ros2_ws/install/me130_interfaces/include/me130_interfaces/me130_interfaces/msg/pendulum_angle.h
[2.211s] -- Up-to-date: /home/pontryagin/me130_lab/ros2_ws/install/me130_interfaces/share/me130_interfaces/environment/library_path.sh
[2.212s] -- Up-to-date: /home/pontryagin/me130_lab/ros2_ws/install/me130_interfaces/share/me130_interfaces/environment/library_path.dsv
[2.212s] -- Up-to-date: /home/pontryagin/me130_lab/ros2_ws/install/me130_interfaces/lib/libme130_interfaces__rosidl_generator_c.so
[2.213s] -- Up-to-date: /home/pontryagin/me130_lab/ros2_ws/install/me130_interfaces/include/me130_interfaces/me130_interfaces
[2.213s] -- Up-to-date: /home/pontryagin/me130_lab/ros2_ws/install/me130_interfaces/include/me130_interfaces/me130_interfaces/msg
[2.214s] -- Up-to-date: /home/pontryagin/me130_lab/ros2_ws/install/me130_interfaces/include/me130_interfaces/me130_interfaces/msg/detail
[2.214s] -- Up-to-date: /home/pontryagin/me130_lab/ros2_ws/install/me130_interfaces/include/me130_interfaces/me130_interfaces/msg/detail/encoder_state__rosidl_typesupport_fastrtps_c.h
[2.215s] -- Up-to-date: /home/pontryagin/me130_lab/ros2_ws/install/me130_interfaces/include/me130_interfaces/me130_interfaces/msg/detail/pendulum_angle__rosidl_typesupport_fastrtps_c.h
[2.215s] -- Up-to-date: /home/pontryagin/me130_lab/ros2_ws/install/me130_interfaces/include/me130_interfaces/me130_interfaces/msg/detail/motor_command__rosidl_typesupport_fastrtps_c.h
[2.216s] -- Up-to-date: /home/pontryagin/me130_lab/ros2_ws/install/me130_interfaces/include/me130_interfaces/me130_interfaces/msg/rosidl_typesupport_fastrtps_c__visibility_control.h
[2.216s] -- Up-to-date: /home/pontryagin/me130_lab/ros2_ws/install/me130_interfaces/lib/libme130_interfaces__rosidl_typesupport_fastrtps_c.so
[2.218s] -- Up-to-date: /home/pontryagin/me130_lab/ros2_ws/install/me130_interfaces/include/me130_interfaces/me130_interfaces
[2.219s] -- Up-to-date: /home/pontryagin/me130_lab/ros2_ws/install/me130_interfaces/include/me130_interfaces/me130_interfaces/msg
[2.220s] -- Up-to-date: /home/pontryagin/me130_lab/ros2_ws/install/me130_interfaces/include/me130_interfaces/me130_interfaces/msg/detail
[2.220s] -- Up-to-date: /home/pontryagin/me130_lab/ros2_ws/install/me130_interfaces/include/me130_interfaces/me130_interfaces/msg/detail/motor_command__rosidl_typesupport_introspection_c.h
[2.221s] -- Up-to-date: /home/pontryagin/me130_lab/ros2_ws/install/me130_interfaces/include/me130_interfaces/me130_interfaces/msg/detail/pendulum_angle__rosidl_typesupport_introspection_c.h
[2.221s] -- Up-to-date: /home/pontryagin/me130_lab/ros2_ws/install/me130_interfaces/include/me130_interfaces/me130_interfaces/msg/detail/encoder_state__rosidl_typesupport_introspection_c.h
[2.222s] -- Installing: /home/pontryagin/me130_lab/ros2_ws/install/me130_interfaces/include/me130_interfaces/me130_interfaces/msg/detail/motor_command__type_support.c
[2.222s] -- Installing: /home/pontryagin/me130_lab/ros2_ws/install/me130_interfaces/include/me130_interfaces/me130_interfaces/msg/detail/encoder_state__type_support.c
[2.224s] -- Installing: /home/pontryagin/me130_lab/ros2_ws/install/me130_interfaces/include/me130_interfaces/me130_interfaces/msg/detail/pendulum_angle__type_support.c
[2.225s] -- Up-to-date: /home/pontryagin/me130_lab/ros2_ws/install/me130_interfaces/include/me130_interfaces/me130_interfaces/msg/rosidl_typesupport_introspection_c__visibility_control.h
[2.227s] -- Up-to-date: /home/pontryagin/me130_lab/ros2_ws/install/me130_interfaces/lib/libme130_interfaces__rosidl_typesupport_introspection_c.so
[2.229s] -- Up-to-date: /home/pontryagin/me130_lab/ros2_ws/install/me130_interfaces/lib/libme130_interfaces__rosidl_typesupport_c.so
[2.230s] -- Up-to-date: /home/pontryagin/me130_lab/ros2_ws/install/me130_interfaces/include/me130_interfaces/me130_interfaces
[2.230s] -- Up-to-date: /home/pontryagin/me130_lab/ros2_ws/install/me130_interfaces/include/me130_interfaces/me130_interfaces/msg
[2.231s] -- Up-to-date: /home/pontryagin/me130_lab/ros2_ws/install/me130_interfaces/include/me130_interfaces/me130_interfaces/msg/detail
[2.232s] -- Up-to-date: /home/pontryagin/me130_lab/ros2_ws/install/me130_interfaces/include/me130_interfaces/me130_interfaces/msg/detail/motor_command__struct.hpp
[2.232s] -- Up-to-date: /home/pontryagin/me130_lab/ros2_ws/install/me130_interfaces/include/me130_interfaces/me130_interfaces/msg/detail/motor_command__builder.hpp
[2.233s] -- Up-to-date: /home/pontryagin/me130_lab/ros2_ws/install/me130_interfaces/include/me130_interfaces/me130_interfaces/msg/detail/motor_command__type_support.hpp
[2.233s] -- Up-to-date: /home/pontryagin/me130_lab/ros2_ws/install/me130_interfaces/include/me130_interfaces/me130_interfaces/msg/detail/motor_command__traits.hpp
[2.234s] -- Up-to-date: /home/pontryagin/me130_lab/ros2_ws/install/me130_interfaces/include/me130_interfaces/me130_interfaces/msg/detail/pendulum_angle__struct.hpp
[2.234s] -- Up-to-date: /home/pontryagin/me130_lab/ros2_ws/install/me130_interfaces/include/me130_interfaces/me130_interfaces/msg/detail/encoder_state__traits.hpp
[2.235s] -- Up-to-date: /home/pontryagin/me130_lab/ros2_ws/install/me130_interfaces/include/me130_interfaces/me130_interfaces/msg/detail/pendulum_angle__traits.hpp
[2.236s] -- Up-to-date: /home/pontryagin/me130_lab/ros2_ws/install/me130_interfaces/include/me130_interfaces/me130_interfaces/msg/detail/pendulum_angle__type_support.hpp
[2.237s] -- Up-to-date: /home/pontryagin/me130_lab/ros2_ws/install/me130_interfaces/include/me130_interfaces/me130_interfaces/msg/detail/pendulum_angle__builder.hpp
[2.237s] -- Up-to-date: /home/pontryagin/me130_lab/ros2_ws/install/me130_interfaces/include/me130_interfaces/me130_interfaces/msg/detail/encoder_state__builder.hpp
[2.238s] -- Up-to-date: /home/pontryagin/me130_lab/ros2_ws/install/me130_interfaces/include/me130_interfaces/me130_interfaces/msg/detail/encoder_state__struct.hpp
[2.238s] -- Up-to-date: /home/pontryagin/me130_lab/ros2_ws/install/me130_interfaces/include/me130_interfaces/me130_interfaces/msg/detail/encoder_state__type_support.hpp
[2.239s] -- Up-to-date: /home/pontryagin/me130_lab/ros2_ws/install/me130_interfaces/include/me130_interfaces/me130_interfaces/msg/pendulum_angle.hpp
[2.239s] -- Up-to-date: /home/pontryagin/me130_lab/ros2_ws/install/me130_interfaces/include/me130_interfaces/me130_interfaces/msg/encoder_state.hpp
[2.240s] -- Up-to-date: /home/pontryagin/me130_lab/ros2_ws/install/me130_interfaces/include/me130_interfaces/me130_interfaces/msg/rosidl_generator_cpp__visibility_control.hpp
[2.240s] -- Up-to-date: /home/pontryagin/me130_lab/ros2_ws/install/me130_interfaces/include/me130_interfaces/me130_interfaces/msg/motor_command.hpp
[2.241s] -- Up-to-date: /home/pontryagin/me130_lab/ros2_ws/install/me130_interfaces/include/me130_interfaces/me130_interfaces
[2.241s] -- Up-to-date: /home/pontryagin/me130_lab/ros2_ws/install/me130_interfaces/include/me130_interfaces/me130_interfaces/msg
[2.241s] -- Up-to-date: /home/pontryagin/me130_lab/ros2_ws/install/me130_interfaces/include/me130_interfaces/me130_interfaces/msg/detail
[2.242s] -- Up-to-date: /home/pontryagin/me130_lab/ros2_ws/install/me130_interfaces/include/me130_interfaces/me130_interfaces/msg/detail/motor_command__rosidl_typesupport_fastrtps_cpp.hpp
[2.243s] -- Up-to-date: /home/pontryagin/me130_lab/ros2_ws/install/me130_interfaces/include/me130_interfaces/me130_interfaces/msg/detail/pendulum_angle__rosidl_typesupport_fastrtps_cpp.hpp
[2.243s] -- Up-to-date: /home/pontryagin/me130_lab/ros2_ws/install/me130_interfaces/include/me130_interfaces/me130_interfaces/msg/detail/dds_fastrtps
[2.244s] -- Up-to-date: /home/pontryagin/me130_lab/ros2_ws/install/me130_interfaces/include/me130_interfaces/me130_interfaces/msg/detail/encoder_state__rosidl_typesupport_fastrtps_cpp.hpp
[2.244s] -- Up-to-date: /home/pontryagin/me130_lab/ros2_ws/install/me130_interfaces/include/me130_interfaces/me130_interfaces/msg/rosidl_typesupport_fastrtps_cpp__visibility_control.h
[2.245s] -- Up-to-date: /home/pontryagin/me130_lab/ros2_ws/install/me130_interfaces/lib/libme130_interfaces__rosidl_typesupport_fastrtps_cpp.so
[2.245s] -- Up-to-date: /home/pontryagin/me130_lab/ros2_ws/install/me130_interfaces/include/me130_interfaces/me130_interfaces
[2.246s] -- Up-to-date: /home/pontryagin/me130_lab/ros2_ws/install/me130_interfaces/include/me130_interfaces/me130_interfaces/msg
[2.246s] -- Up-to-date: /home/pontryagin/me130_lab/ros2_ws/install/me130_interfaces/include/me130_interfaces/me130_interfaces/msg/detail
[2.247s] -- Up-to-date: /home/pontryagin/me130_lab/ros2_ws/install/me130_interfaces/include/me130_interfaces/me130_interfaces/msg/detail/encoder_state__rosidl_typesupport_introspection_cpp.hpp
[2.248s] -- Up-to-date: /home/pontryagin/me130_lab/ros2_ws/install/me130_interfaces/include/me130_interfaces/me130_interfaces/msg/detail/motor_command__type_support.cpp
[2.248s] -- Up-to-date: /home/pontryagin/me130_lab/ros2_ws/install/me130_interfaces/include/me130_interfaces/me130_interfaces/msg/detail/pendulum_angle__type_support.cpp
[2.249s] -- Up-to-date: /home/pontryagin/me130_lab/ros2_ws/install/me130_interfaces/include/me130_interfaces/me130_interfaces/msg/detail/pendulum_angle__rosidl_typesupport_introspection_cpp.hpp
[2.249s] -- Up-to-date: /home/pontryagin/me130_lab/ros2_ws/install/me130_interfaces/include/me130_interfaces/me130_interfaces/msg/detail/motor_command__rosidl_typesupport_introspection_cpp.hpp
[2.250s] -- Up-to-date: /home/pontryagin/me130_lab/ros2_ws/install/me130_interfaces/include/me130_interfaces/me130_interfaces/msg/detail/encoder_state__type_support.cpp
[2.250s] -- Up-to-date: /home/pontryagin/me130_lab/ros2_ws/install/me130_interfaces/lib/libme130_interfaces__rosidl_typesupport_introspection_cpp.so
[2.251s] -- Up-to-date: /home/pontryagin/me130_lab/ros2_ws/install/me130_interfaces/lib/libme130_interfaces__rosidl_typesupport_cpp.so
[2.252s] -- Up-to-date: /home/pontryagin/me130_lab/ros2_ws/install/me130_interfaces/share/me130_interfaces/environment/pythonpath.sh
[2.252s] -- Up-to-date: /home/pontryagin/me130_lab/ros2_ws/install/me130_interfaces/share/me130_interfaces/environment/pythonpath.dsv
[2.253s] -- Up-to-date: /home/pontryagin/me130_lab/ros2_ws/install/me130_interfaces/lib/python3.12/site-packages/me130_interfaces-1.0.0-py3.12.egg-info
[2.253s] -- Installing: /home/pontryagin/me130_lab/ros2_ws/install/me130_interfaces/lib/python3.12/site-packages/me130_interfaces-1.0.0-py3.12.egg-info/dependency_links.txt
[2.255s] -- Installing: /home/pontryagin/me130_lab/ros2_ws/install/me130_interfaces/lib/python3.12/site-packages/me130_interfaces-1.0.0-py3.12.egg-info/top_level.txt
[2.256s] -- Installing: /home/pontryagin/me130_lab/ros2_ws/install/me130_interfaces/lib/python3.12/site-packages/me130_interfaces-1.0.0-py3.12.egg-info/SOURCES.txt
[2.257s] -- Installing: /home/pontryagin/me130_lab/ros2_ws/install/me130_interfaces/lib/python3.12/site-packages/me130_interfaces-1.0.0-py3.12.egg-info/PKG-INFO
[2.259s] -- Up-to-date: /home/pontryagin/me130_lab/ros2_ws/install/me130_interfaces/lib/python3.12/site-packages/me130_interfaces
[2.260s] -- Up-to-date: /home/pontryagin/me130_lab/ros2_ws/install/me130_interfaces/lib/python3.12/site-packages/me130_interfaces/me130_interfaces_s__rosidl_typesupport_fastrtps_c.so
[2.260s] -- Up-to-date: /home/pontryagin/me130_lab/ros2_ws/install/me130_interfaces/lib/python3.12/site-packages/me130_interfaces/me130_interfaces_s__rosidl_typesupport_c.so
[2.261s] -- Up-to-date: /home/pontryagin/me130_lab/ros2_ws/install/me130_interfaces/lib/python3.12/site-packages/me130_interfaces/me130_interfaces_s__rosidl_typesupport_introspection_c.so
[2.261s] -- Up-to-date: /home/pontryagin/me130_lab/ros2_ws/install/me130_interfaces/lib/python3.12/site-packages/me130_interfaces/_me130_interfaces_s.ep.rosidl_typesupport_introspection_c.c
[2.262s] -- Up-to-date: /home/pontryagin/me130_lab/ros2_ws/install/me130_interfaces/lib/python3.12/site-packages/me130_interfaces/_me130_interfaces_s.ep.rosidl_typesupport_c.c
[2.262s] -- Up-to-date: /home/pontryagin/me130_lab/ros2_ws/install/me130_interfaces/lib/python3.12/site-packages/me130_interfaces/__init__.py
[2.263s] -- Up-to-date: /home/pontryagin/me130_lab/ros2_ws/install/me130_interfaces/lib/python3.12/site-packages/me130_interfaces/msg
[2.263s] -- Up-to-date: /home/pontryagin/me130_lab/ros2_ws/install/me130_interfaces/lib/python3.12/site-packages/me130_interfaces/msg/_encoder_state_s.c
[2.264s] -- Up-to-date: /home/pontryagin/me130_lab/ros2_ws/install/me130_interfaces/lib/python3.12/site-packages/me130_interfaces/msg/_pendulum_angle.py
[2.265s] -- Up-to-date: /home/pontryagin/me130_lab/ros2_ws/install/me130_interfaces/lib/python3.12/site-packages/me130_interfaces/msg/__init__.py
[2.265s] -- Up-to-date: /home/pontryagin/me130_lab/ros2_ws/install/me130_interfaces/lib/python3.12/site-packages/me130_interfaces/msg/_pendulum_angle_s.c
[2.265s] -- Up-to-date: /home/pontryagin/me130_lab/ros2_ws/install/me130_interfaces/lib/python3.12/site-packages/me130_interfaces/msg/_motor_command.py
[2.266s] -- Up-to-date: /home/pontryagin/me130_lab/ros2_ws/install/me130_interfaces/lib/python3.12/site-packages/me130_interfaces/msg/_motor_command_s.c
[2.266s] -- Up-to-date: /home/pontryagin/me130_lab/ros2_ws/install/me130_interfaces/lib/python3.12/site-packages/me130_interfaces/msg/_encoder_state.py
[2.267s] -- Up-to-date: /home/pontryagin/me130_lab/ros2_ws/install/me130_interfaces/lib/python3.12/site-packages/me130_interfaces/_me130_interfaces_s.ep.rosidl_typesupport_fastrtps_c.c
[2.424s] Listing '/home/pontryagin/me130_lab/ros2_ws/install/me130_interfaces/lib/python3.12/site-packages/me130_interfaces'...
[2.425s] Listing '/home/pontryagin/me130_lab/ros2_ws/install/me130_interfaces/lib/python3.12/site-packages/me130_interfaces/msg'...
[2.456s] -- Up-to-date: /home/pontryagin/me130_lab/ros2_ws/install/me130_interfaces/lib/python3.12/site-packages/me130_interfaces/me130_interfaces_s__rosidl_typesupport_fastrtps_c.so
[2.458s] -- Up-to-date: /home/pontryagin/me130_lab/ros2_ws/install/me130_interfaces/lib/python3.12/site-packages/me130_interfaces/me130_interfaces_s__rosidl_typesupport_introspection_c.so
[2.461s] -- Up-to-date: /home/pontryagin/me130_lab/ros2_ws/install/me130_interfaces/lib/python3.12/site-packages/me130_interfaces/me130_interfaces_s__rosidl_typesupport_c.so
[2.463s] -- Up-to-date: /home/pontryagin/me130_lab/ros2_ws/install/me130_interfaces/lib/libme130_interfaces__rosidl_generator_py.so
[2.466s] -- Up-to-date: /home/pontryagin/me130_lab/ros2_ws/install/me130_interfaces/share/me130_interfaces/rust
[2.466s] -- Up-to-date: /home/pontryagin/me130_lab/ros2_ws/install/me130_interfaces/share/me130_interfaces/rust/src
[2.467s] -- Up-to-date: /home/pontryagin/me130_lab/ros2_ws/install/me130_interfaces/share/me130_interfaces/rust/src/msg
[2.468s] -- Up-to-date: /home/pontryagin/me130_lab/ros2_ws/install/me130_interfaces/share/me130_interfaces/rust/src/msg/rmw.rs
[2.468s] -- Up-to-date: /home/pontryagin/me130_lab/ros2_ws/install/me130_interfaces/share/me130_interfaces/rust/src/lib.rs
[2.469s] -- Up-to-date: /home/pontryagin/me130_lab/ros2_ws/install/me130_interfaces/share/me130_interfaces/rust/src/msg.rs
[2.469s] -- Up-to-date: /home/pontryagin/me130_lab/ros2_ws/install/me130_interfaces/share/me130_interfaces/rust/Cargo.toml
[2.470s] -- Up-to-date: /home/pontryagin/me130_lab/ros2_ws/install/me130_interfaces/share/me130_interfaces/rust/build.rs
[2.471s] -- Up-to-date: /home/pontryagin/me130_lab/ros2_ws/install/me130_interfaces/share/me130_interfaces/msg/PendulumAngle.idl
[2.471s] -- Up-to-date: /home/pontryagin/me130_lab/ros2_ws/install/me130_interfaces/share/me130_interfaces/msg/EncoderState.idl
[2.472s] -- Up-to-date: /home/pontryagin/me130_lab/ros2_ws/install/me130_interfaces/share/me130_interfaces/msg/MotorCommand.idl
[2.473s] -- Up-to-date: /home/pontryagin/me130_lab/ros2_ws/install/me130_interfaces/share/me130_interfaces/msg/PendulumAngle.msg
[2.473s] -- Up-to-date: /home/pontryagin/me130_lab/ros2_ws/install/me130_interfaces/share/me130_interfaces/msg/EncoderState.msg
[2.474s] -- Up-to-date: /home/pontryagin/me130_lab/ros2_ws/install/me130_interfaces/share/me130_interfaces/msg/MotorCommand.msg
[2.474s] -- Up-to-date: /home/pontryagin/me130_lab/ros2_ws/install/me130_interfaces/share/ament_index/resource_index/package_run_dependencies/me130_interfaces
[2.475s] -- Up-to-date: /home/pontryagin/me130_lab/ros2_ws/install/me130_interfaces/share/ament_index/resource_index/parent_prefix_path/me130_interfaces
[2.475s] -- Up-to-date: /home/pontryagin/me130_lab/ros2_ws/install/me130_interfaces/share/me130_interfaces/environment/ament_prefix_path.sh
[2.476s] -- Up-to-date: /home/pontryagin/me130_lab/ros2_ws/install/me130_interfaces/share/me130_interfaces/environment/ament_prefix_path.dsv
[2.476s] -- Up-to-date: /home/pontryagin/me130_lab/ros2_ws/install/me130_interfaces/share/me130_interfaces/environment/path.sh
[2.477s] -- Up-to-date: /home/pontryagin/me130_lab/ros2_ws/install/me130_interfaces/share/me130_interfaces/environment/path.dsv
[2.477s] -- Up-to-date: /home/pontryagin/me130_lab/ros2_ws/install/me130_interfaces/share/me130_interfaces/local_setup.bash
[2.478s] -- Up-to-date: /home/pontryagin/me130_lab/ros2_ws/install/me130_interfaces/share/me130_interfaces/local_setup.sh
[2.479s] -- Up-to-date: /home/pontryagin/me130_lab/ros2_ws/install/me130_interfaces/share/me130_interfaces/local_setup.zsh
[2.479s] -- Up-to-date: /home/pontryagin/me130_lab/ros2_ws/install/me130_interfaces/share/me130_interfaces/local_setup.dsv
[2.480s] -- Installing: /home/pontryagin/me130_lab/ros2_ws/install/me130_interfaces/share/me130_interfaces/package.dsv
[2.480s] -- Up-to-date: /home/pontryagin/me130_lab/ros2_ws/install/me130_interfaces/share/ament_index/resource_index/packages/me130_interfaces
[2.481s] -- Up-to-date: /home/pontryagin/me130_lab/ros2_ws/install/me130_interfaces/share/me130_interfaces/cmake/export_me130_interfaces__rosidl_generator_cExport.cmake
[2.481s] -- Up-to-date: /home/pontryagin/me130_lab/ros2_ws/install/me130_interfaces/share/me130_interfaces/cmake/export_me130_interfaces__rosidl_generator_cExport-noconfig.cmake
[2.482s] -- Up-to-date: /home/pontryagin/me130_lab/ros2_ws/install/me130_interfaces/share/me130_interfaces/cmake/export_me130_interfaces__rosidl_typesupport_fastrtps_cExport.cmake
[2.482s] -- Up-to-date: /home/pontryagin/me130_lab/ros2_ws/install/me130_interfaces/share/me130_interfaces/cmake/export_me130_interfaces__rosidl_typesupport_fastrtps_cExport-noconfig.cmake
[2.483s] -- Up-to-date: /home/pontryagin/me130_lab/ros2_ws/install/me130_interfaces/share/me130_interfaces/cmake/me130_interfaces__rosidl_typesupport_introspection_cExport.cmake
[2.484s] -- Up-to-date: /home/pontryagin/me130_lab/ros2_ws/install/me130_interfaces/share/me130_interfaces/cmake/me130_interfaces__rosidl_typesupport_introspection_cExport-noconfig.cmake
[2.484s] -- Up-to-date: /home/pontryagin/me130_lab/ros2_ws/install/me130_interfaces/share/me130_interfaces/cmake/me130_interfaces__rosidl_typesupport_cExport.cmake
[2.485s] -- Up-to-date: /home/pontryagin/me130_lab/ros2_ws/install/me130_interfaces/share/me130_interfaces/cmake/me130_interfaces__rosidl_typesupport_cExport-noconfig.cmake
[2.485s] -- Up-to-date: /home/pontryagin/me130_lab/ros2_ws/install/me130_interfaces/share/me130_interfaces/cmake/export_me130_interfaces__rosidl_generator_cppExport.cmake
[2.486s] -- Up-to-date: /home/pontryagin/me130_lab/ros2_ws/install/me130_interfaces/share/me130_interfaces/cmake/export_me130_interfaces__rosidl_typesupport_fastrtps_cppExport.cmake
[2.487s] -- Up-to-date: /home/pontryagin/me130_lab/ros2_ws/install/me130_interfaces/share/me130_interfaces/cmake/export_me130_interfaces__rosidl_typesupport_fastrtps_cppExport-noconfig.cmake
[2.488s] -- Up-to-date: /home/pontryagin/me130_lab/ros2_ws/install/me130_interfaces/share/me130_interfaces/cmake/me130_interfaces__rosidl_typesupport_introspection_cppExport.cmake
[2.489s] -- Up-to-date: /home/pontryagin/me130_lab/ros2_ws/install/me130_interfaces/share/me130_interfaces/cmake/me130_interfaces__rosidl_typesupport_introspection_cppExport-noconfig.cmake
[2.490s] -- Up-to-date: /home/pontryagin/me130_lab/ros2_ws/install/me130_interfaces/share/me130_interfaces/cmake/me130_interfaces__rosidl_typesupport_cppExport.cmake
[2.491s] -- Up-to-date: /home/pontryagin/me130_lab/ros2_ws/install/me130_interfaces/share/me130_interfaces/cmake/me130_interfaces__rosidl_typesupport_cppExport-noconfig.cmake
[2.491s] -- Up-to-date: /home/pontryagin/me130_lab/ros2_ws/install/me130_interfaces/share/me130_interfaces/cmake/export_me130_interfaces__rosidl_generator_pyExport.cmake
[2.492s] -- Up-to-date: /home/pontryagin/me130_lab/ros2_ws/install/me130_interfaces/share/me130_interfaces/cmake/export_me130_interfaces__rosidl_generator_pyExport-noconfig.cmake
[2.493s] -- Up-to-date: /home/pontryagin/me130_lab/ros2_ws/install/me130_interfaces/share/me130_interfaces/cmake/rosidl_cmake-extras.cmake
[2.493s] -- Up-to-date: /home/pontryagin/me130_lab/ros2_ws/install/me130_interfaces/share/me130_interfaces/cmake/ament_cmake_export_dependencies-extras.cmake
[2.494s] -- Up-to-date: /home/pontryagin/me130_lab/ros2_ws/install/me130_interfaces/share/me130_interfaces/cmake/ament_cmake_export_include_directories-extras.cmake
[2.494s] -- Up-to-date: /home/pontryagin/me130_lab/ros2_ws/install/me130_interfaces/share/me130_interfaces/cmake/ament_cmake_export_libraries-extras.cmake
[2.495s] -- Up-to-date: /home/pontryagin/me130_lab/ros2_ws/install/me130_interfaces/share/me130_interfaces/cmake/ament_cmake_export_targets-extras.cmake
[2.496s] -- Up-to-date: /home/pontryagin/me130_lab/ros2_ws/install/me130_interfaces/share/me130_interfaces/cmake/rosidl_cmake_export_typesupport_targets-extras.cmake
[2.496s] -- Up-to-date: /home/pontryagin/me130_lab/ros2_ws/install/me130_interfaces/share/me130_interfaces/cmake/rosidl_cmake_export_typesupport_libraries-extras.cmake
[2.497s] -- Up-to-date: /home/pontryagin/me130_lab/ros2_ws/install/me130_interfaces/share/me130_interfaces/cmake/rosidl_cmake_aggregate_target-extras.cmake
[2.498s] -- Up-to-date: /home/pontryagin/me130_lab/ros2_ws/install/me130_interfaces/share/me130_interfaces/cmake/me130_interfacesConfig.cmake
[2.498s] -- Up-to-date: /home/pontryagin/me130_lab/ros2_ws/install/me130_interfaces/share/me130_interfaces/cmake/me130_interfacesConfig-version.cmake
[2.499s] -- Up-to-date: /home/pontryagin/me130_lab/ros2_ws/install/me130_interfaces/share/me130_interfaces/package.xml
[2.505s] Invoked command in '/home/pontryagin/me130_lab/ros2_ws/build/me130_interfaces' returned '0': CMAKE_PREFIX_PATH=${CMAKE_PREFIX_PATH}:/opt/ros/jazzy DEBUGINFOD_URLS=https://debuginfod.ubuntu.com /usr/bin/cmake --install /home/pontryagin/me130_lab/ros2_ws/build/me130_interfaces
