[0.446s] DEBUG:colcon:Command line arguments: ['/usr/bin/colcon', 'build']
[0.447s] DEBUG:colcon:Parsed command line arguments: Namespace(log_base=None, log_level=None, verb_name='build', build_base='build', install_base='install', merge_install=False, symlink_install=False, test_result_base=None, continue_on_error=False, executor='parallel', parallel_workers=4, event_handlers=None, ignore_user_meta=False, metas=['./colcon.meta'], base_paths=['.'], packages_ignore=None, packages_ignore_regex=None, paths=None, packages_up_to=None, packages_up_to_regex=None, packages_above=None, packages_above_and_dependencies=None, packages_above_depth=None, packages_select_by_dep=None, packages_skip_by_dep=None, packages_skip_up_to=None, packages_select_build_failed=False, packages_skip_build_finished=False, packages_select_test_failures=False, packages_skip_test_passed=False, packages_select=None, packages_skip=None, packages_select_regex=None, packages_skip_regex=None, packages_start=None, packages_end=None, allow_overriding=[], cmake_args=None, cmake_target=None, cmake_target_skip_unavailable=False, cmake_clean_cache=False, cmake_clean_first=False, cmake_force_configure=False, ament_cmake_args=None, catkin_cmake_args=None, catkin_skip_building_tests=False, mixin_files=None, mixin=None, verb_parser=<colcon_mixin.mixin.mixin_argument.MixinArgumentDecorator object at 0xffff8b88dc70>, verb_extension=<colcon_core.verb.build.BuildVerb object at 0xffff8ba42420>, main=<bound method BuildVerb.main of <colcon_core.verb.build.BuildVerb object at 0xffff8ba42420>>, mixin_verb=('build',))
[0.614s] Level 1:colcon.colcon_core.package_discovery:discover_packages(colcon_meta) check parameters
[0.614s] Level 1:colcon.colcon_core.package_discovery:discover_packages(recursive) check parameters
[0.614s] Level 1:colcon.colcon_core.package_discovery:discover_packages(ignore) check parameters
[0.615s] Level 1:colcon.colcon_core.package_discovery:discover_packages(path) check parameters
[0.615s] Level 1:colcon.colcon_core.package_discovery:discover_packages(colcon_meta) discover
[0.615s] Level 1:colcon.colcon_core.package_discovery:discover_packages(recursive) discover
[0.615s] INFO:colcon.colcon_core.package_discovery:Crawling recursively for packages in '/home/pontryagin/me130_lab/ros2_ws'
[0.616s] Level 1:colcon.colcon_core.package_identification:_identify(.) by extensions ['ignore', 'ignore_ament_install']
[0.616s] Level 1:colcon.colcon_core.package_identification:_identify(.) by extension 'ignore'
[0.616s] Level 1:colcon.colcon_core.package_identification:_identify(.) by extension 'ignore_ament_install'
[0.617s] Level 1:colcon.colcon_core.package_identification:_identify(.) by extensions ['colcon_pkg']
[0.617s] Level 1:colcon.colcon_core.package_identification:_identify(.) by extension 'colcon_pkg'
[0.617s] Level 1:colcon.colcon_core.package_identification:_identify(.) by extensions ['colcon_meta']
[0.617s] Level 1:colcon.colcon_core.package_identification:_identify(.) by extension 'colcon_meta'
[0.617s] Level 1:colcon.colcon_core.package_identification:_identify(.) by extensions ['ros']
[0.617s] Level 1:colcon.colcon_core.package_identification:_identify(.) by extension 'ros'
[0.728s] Level 1:colcon.colcon_core.package_identification:_identify(.) by extensions ['cmake', 'python']
[0.728s] Level 1:colcon.colcon_core.package_identification:_identify(.) by extension 'cmake'
[0.729s] Level 1:colcon.colcon_core.package_identification:_identify(.) by extension 'python'
[0.729s] Level 1:colcon.colcon_core.package_identification:_identify(.) by extensions ['python_setup_py']
[0.729s] Level 1:colcon.colcon_core.package_identification:_identify(.) by extension 'python_setup_py'
[0.730s] Level 1:colcon.colcon_core.package_identification:_identify(build) by extensions ['ignore', 'ignore_ament_install']
[0.730s] Level 1:colcon.colcon_core.package_identification:_identify(build) by extension 'ignore'
[0.730s] Level 1:colcon.colcon_core.package_identification:_identify(build) ignored
[0.731s] Level 1:colcon.colcon_core.package_identification:_identify(install) by extensions ['ignore', 'ignore_ament_install']
[0.732s] Level 1:colcon.colcon_core.package_identification:_identify(install) by extension 'ignore'
[0.732s] Level 1:colcon.colcon_core.package_identification:_identify(install) ignored
[0.733s] Level 1:colcon.colcon_core.package_identification:_identify(log) by extensions ['ignore', 'ignore_ament_install']
[0.733s] Level 1:colcon.colcon_core.package_identification:_identify(log) by extension 'ignore'
[0.734s] Level 1:colcon.colcon_core.package_identification:_identify(log) ignored
[0.734s] Level 1:colcon.colcon_core.package_identification:_identify(pendulum_data) by extensions ['ignore', 'ignore_ament_install']
[0.735s] Level 1:colcon.colcon_core.package_identification:_identify(pendulum_data) by extension 'ignore'
[0.735s] Level 1:colcon.colcon_core.package_identification:_identify(pendulum_data) by extension 'ignore_ament_install'
[0.736s] Level 1:colcon.colcon_core.package_identification:_identify(pendulum_data) by extensions ['colcon_pkg']
[0.736s] Level 1:colcon.colcon_core.package_identification:_identify(pendulum_data) by extension 'colcon_pkg'
[0.736s] Level 1:colcon.colcon_core.package_identification:_identify(pendulum_data) by extensions ['colcon_meta']
[0.736s] Level 1:colcon.colcon_core.package_identification:_identify(pendulum_data) by extension 'colcon_meta'
[0.736s] Level 1:colcon.colcon_core.package_identification:_identify(pendulum_data) by extensions ['ros']
[0.737s] Level 1:colcon.colcon_core.package_identification:_identify(pendulum_data) by extension 'ros'
[0.737s] Level 1:colcon.colcon_core.package_identification:_identify(pendulum_data) by extensions ['cmake', 'python']
[0.737s] Level 1:colcon.colcon_core.package_identification:_identify(pendulum_data) by extension 'cmake'
[0.737s] Level 1:colcon.colcon_core.package_identification:_identify(pendulum_data) by extension 'python'
[0.738s] Level 1:colcon.colcon_core.package_identification:_identify(pendulum_data) by extensions ['python_setup_py']
[0.738s] Level 1:colcon.colcon_core.package_identification:_identify(pendulum_data) by extension 'python_setup_py'
[0.738s] Level 1:colcon.colcon_core.package_identification:_identify(src) by extensions ['ignore', 'ignore_ament_install']
[0.739s] Level 1:colcon.colcon_core.package_identification:_identify(src) by extension 'ignore'
[0.739s] Level 1:colcon.colcon_core.package_identification:_identify(src) by extension 'ignore_ament_install'
[0.739s] Level 1:colcon.colcon_core.package_identification:_identify(src) by extensions ['colcon_pkg']
[0.739s] Level 1:colcon.colcon_core.package_identification:_identify(src) by extension 'colcon_pkg'
[0.740s] Level 1:colcon.colcon_core.package_identification:_identify(src) by extensions ['colcon_meta']
[0.740s] Level 1:colcon.colcon_core.package_identification:_identify(src) by extension 'colcon_meta'
[0.740s] Level 1:colcon.colcon_core.package_identification:_identify(src) by extensions ['ros']
[0.740s] Level 1:colcon.colcon_core.package_identification:_identify(src) by extension 'ros'
[0.740s] Level 1:colcon.colcon_core.package_identification:_identify(src) by extensions ['cmake', 'python']
[0.741s] Level 1:colcon.colcon_core.package_identification:_identify(src) by extension 'cmake'
[0.741s] Level 1:colcon.colcon_core.package_identification:_identify(src) by extension 'python'
[0.741s] Level 1:colcon.colcon_core.package_identification:_identify(src) by extensions ['python_setup_py']
[0.741s] Level 1:colcon.colcon_core.package_identification:_identify(src) by extension 'python_setup_py'
[0.742s] Level 1:colcon.colcon_core.package_identification:_identify(src/me130_interfaces) by extensions ['ignore', 'ignore_ament_install']
[0.742s] Level 1:colcon.colcon_core.package_identification:_identify(src/me130_interfaces) by extension 'ignore'
[0.742s] Level 1:colcon.colcon_core.package_identification:_identify(src/me130_interfaces) by extension 'ignore_ament_install'
[0.743s] Level 1:colcon.colcon_core.package_identification:_identify(src/me130_interfaces) by extensions ['colcon_pkg']
[0.743s] Level 1:colcon.colcon_core.package_identification:_identify(src/me130_interfaces) by extension 'colcon_pkg'
[0.743s] Level 1:colcon.colcon_core.package_identification:_identify(src/me130_interfaces) by extensions ['colcon_meta']
[0.744s] Level 1:colcon.colcon_core.package_identification:_identify(src/me130_interfaces) by extension 'colcon_meta'
[0.744s] Level 1:colcon.colcon_core.package_identification:_identify(src/me130_interfaces) by extensions ['ros']
[0.744s] Level 1:colcon.colcon_core.package_identification:_identify(src/me130_interfaces) by extension 'ros'
[0.753s] DEBUG:colcon.colcon_core.package_identification:Package 'src/me130_interfaces' with type 'ros.ament_cmake' and name 'me130_interfaces'
[0.754s] Level 1:colcon.colcon_core.package_identification:_identify(src/me130_pendulum) by extensions ['ignore', 'ignore_ament_install']
[0.754s] Level 1:colcon.colcon_core.package_identification:_identify(src/me130_pendulum) by extension 'ignore'
[0.755s] Level 1:colcon.colcon_core.package_identification:_identify(src/me130_pendulum) by extension 'ignore_ament_install'
[0.755s] Level 1:colcon.colcon_core.package_identification:_identify(src/me130_pendulum) by extensions ['colcon_pkg']
[0.755s] Level 1:colcon.colcon_core.package_identification:_identify(src/me130_pendulum) by extension 'colcon_pkg'
[0.755s] Level 1:colcon.colcon_core.package_identification:_identify(src/me130_pendulum) by extensions ['colcon_meta']
[0.756s] Level 1:colcon.colcon_core.package_identification:_identify(src/me130_pendulum) by extension 'colcon_meta'
[0.756s] Level 1:colcon.colcon_core.package_identification:_identify(src/me130_pendulum) by extensions ['ros']
[0.756s] Level 1:colcon.colcon_core.package_identification:_identify(src/me130_pendulum) by extension 'ros'
[0.759s] DEBUG:colcon.colcon_core.package_identification:Package 'src/me130_pendulum' with type 'ros.ament_cmake' and name 'me130_pendulum'
[0.760s] Level 1:colcon.colcon_core.package_identification:_identify(src/me130_wheel) by extensions ['ignore', 'ignore_ament_install']
[0.760s] Level 1:colcon.colcon_core.package_identification:_identify(src/me130_wheel) by extension 'ignore'
[0.760s] Level 1:colcon.colcon_core.package_identification:_identify(src/me130_wheel) by extension 'ignore_ament_install'
[0.761s] Level 1:colcon.colcon_core.package_identification:_identify(src/me130_wheel) by extensions ['colcon_pkg']
[0.761s] Level 1:colcon.colcon_core.package_identification:_identify(src/me130_wheel) by extension 'colcon_pkg'
[0.761s] Level 1:colcon.colcon_core.package_identification:_identify(src/me130_wheel) by extensions ['colcon_meta']
[0.761s] Level 1:colcon.colcon_core.package_identification:_identify(src/me130_wheel) by extension 'colcon_meta'
[0.762s] Level 1:colcon.colcon_core.package_identification:_identify(src/me130_wheel) by extensions ['ros']
[0.762s] Level 1:colcon.colcon_core.package_identification:_identify(src/me130_wheel) by extension 'ros'
[0.764s] DEBUG:colcon.colcon_core.package_identification:Package 'src/me130_wheel' with type 'ros.ament_cmake' and name 'me130_wheel'
[0.764s] Level 1:colcon.colcon_core.package_discovery:discover_packages(recursive) using defaults
[0.764s] Level 1:colcon.colcon_core.package_discovery:discover_packages(ignore) discover
[0.765s] Level 1:colcon.colcon_core.package_discovery:discover_packages(ignore) using defaults
[0.765s] Level 1:colcon.colcon_core.package_discovery:discover_packages(path) discover
[0.765s] Level 1:colcon.colcon_core.package_discovery:discover_packages(path) using defaults
[0.841s] Level 1:colcon.colcon_core.package_discovery:discover_packages(prefix_path) check parameters
[0.841s] Level 1:colcon.colcon_core.package_discovery:discover_packages(prefix_path) discover
[0.850s] DEBUG:colcon.colcon_installed_package_information.package_discovery:Found 3 installed packages in /home/pontryagin/me130_lab/ros2_ws/install
[0.857s] DEBUG:colcon.colcon_installed_package_information.package_discovery:Found 194 installed packages in /opt/ros/jazzy
[0.860s] Level 1:colcon.colcon_core.package_discovery:discover_packages(prefix_path) using defaults
[0.996s] Level 5:colcon.colcon_core.verb:set package 'me130_interfaces' build argument 'cmake_args' from command line to 'None'
[0.996s] Level 5:colcon.colcon_core.verb:set package 'me130_interfaces' build argument 'cmake_target' from command line to 'None'
[0.996s] Level 5:colcon.colcon_core.verb:set package 'me130_interfaces' build argument 'cmake_target_skip_unavailable' from command line to 'False'
[0.996s] Level 5:colcon.colcon_core.verb:set package 'me130_interfaces' build argument 'cmake_clean_cache' from command line to 'False'
[0.997s] Level 5:colcon.colcon_core.verb:set package 'me130_interfaces' build argument 'cmake_clean_first' from command line to 'False'
[0.997s] Level 5:colcon.colcon_core.verb:set package 'me130_interfaces' build argument 'cmake_force_configure' from command line to 'False'
[0.997s] Level 5:colcon.colcon_core.verb:set package 'me130_interfaces' build argument 'ament_cmake_args' from command line to 'None'
[0.997s] Level 5:colcon.colcon_core.verb:set package 'me130_interfaces' build argument 'catkin_cmake_args' from command line to 'None'
[0.997s] Level 5:colcon.colcon_core.verb:set package 'me130_interfaces' build argument 'catkin_skip_building_tests' from command line to 'False'
[0.997s] DEBUG:colcon.colcon_core.verb:Building package 'me130_interfaces' with the following arguments: {'ament_cmake_args': None, 'build_base': '/home/pontryagin/me130_lab/ros2_ws/build/me130_interfaces', 'catkin_cmake_args': None, 'catkin_skip_building_tests': False, 'cmake_args': None, 'cmake_clean_cache': False, 'cmake_clean_first': False, 'cmake_force_configure': False, 'cmake_target': None, 'cmake_target_skip_unavailable': False, 'install_base': '/home/pontryagin/me130_lab/ros2_ws/install/me130_interfaces', 'merge_install': False, 'path': '/home/pontryagin/me130_lab/ros2_ws/src/me130_interfaces', 'symlink_install': False, 'test_result_base': None}
[0.998s] Level 5:colcon.colcon_core.verb:set package 'me130_pendulum' build argument 'cmake_args' from command line to 'None'
[0.999s] Level 5:colcon.colcon_core.verb:set package 'me130_pendulum' build argument 'cmake_target' from command line to 'None'
[0.999s] Level 5:colcon.colcon_core.verb:set package 'me130_pendulum' build argument 'cmake_target_skip_unavailable' from command line to 'False'
[0.999s] Level 5:colcon.colcon_core.verb:set package 'me130_pendulum' build argument 'cmake_clean_cache' from command line to 'False'
[0.999s] Level 5:colcon.colcon_core.verb:set package 'me130_pendulum' build argument 'cmake_clean_first' from command line to 'False'
[0.999s] Level 5:colcon.colcon_core.verb:set package 'me130_pendulum' build argument 'cmake_force_configure' from command line to 'False'
[0.999s] Level 5:colcon.colcon_core.verb:set package 'me130_pendulum' build argument 'ament_cmake_args' from command line to 'None'
[0.999s] Level 5:colcon.colcon_core.verb:set package 'me130_pendulum' build argument 'catkin_cmake_args' from command line to 'None'
[0.999s] Level 5:colcon.colcon_core.verb:set package 'me130_pendulum' build argument 'catkin_skip_building_tests' from command line to 'False'
[1.000s] DEBUG:colcon.colcon_core.verb:Building package 'me130_pendulum' with the following arguments: {'ament_cmake_args': None, 'build_base': '/home/pontryagin/me130_lab/ros2_ws/build/me130_pendulum', 'catkin_cmake_args': None, 'catkin_skip_building_tests': False, 'cmake_args': None, 'cmake_clean_cache': False, 'cmake_clean_first': False, 'cmake_force_configure': False, 'cmake_target': None, 'cmake_target_skip_unavailable': False, 'install_base': '/home/pontryagin/me130_lab/ros2_ws/install/me130_pendulum', 'merge_install': False, 'path': '/home/pontryagin/me130_lab/ros2_ws/src/me130_pendulum', 'symlink_install': False, 'test_result_base': None}
[1.001s] Level 5:colcon.colcon_core.verb:set package 'me130_wheel' build argument 'cmake_args' from command line to 'None'
[1.001s] Level 5:colcon.colcon_core.verb:set package 'me130_wheel' build argument 'cmake_target' from command line to 'None'
[1.001s] Level 5:colcon.colcon_core.verb:set package 'me130_wheel' build argument 'cmake_target_skip_unavailable' from command line to 'False'
[1.001s] Level 5:colcon.colcon_core.verb:set package 'me130_wheel' build argument 'cmake_clean_cache' from command line to 'False'
[1.001s] Level 5:colcon.colcon_core.verb:set package 'me130_wheel' build argument 'cmake_clean_first' from command line to 'False'
[1.002s] Level 5:colcon.colcon_core.verb:set package 'me130_wheel' build argument 'cmake_force_configure' from command line to 'False'
[1.002s] Level 5:colcon.colcon_core.verb:set package 'me130_wheel' build argument 'ament_cmake_args' from command line to 'None'
[1.002s] Level 5:colcon.colcon_core.verb:set package 'me130_wheel' build argument 'catkin_cmake_args' from command line to 'None'
[1.002s] Level 5:colcon.colcon_core.verb:set package 'me130_wheel' build argument 'catkin_skip_building_tests' from command line to 'False'
[1.002s] DEBUG:colcon.colcon_core.verb:Building package 'me130_wheel' with the following arguments: {'ament_cmake_args': None, 'build_base': '/home/pontryagin/me130_lab/ros2_ws/build/me130_wheel', 'catkin_cmake_args': None, 'catkin_skip_building_tests': False, 'cmake_args': None, 'cmake_clean_cache': False, 'cmake_clean_first': False, 'cmake_force_configure': False, 'cmake_target': None, 'cmake_target_skip_unavailable': False, 'install_base': '/home/pontryagin/me130_lab/ros2_ws/install/me130_wheel', 'merge_install': False, 'path': '/home/pontryagin/me130_lab/ros2_ws/src/me130_wheel', 'symlink_install': False, 'test_result_base': None}
[1.003s] INFO:colcon.colcon_core.executor:Executing jobs using 'parallel' executor
[1.006s] DEBUG:colcon.colcon_parallel_executor.executor.parallel:run_until_complete
[1.007s] INFO:colcon.colcon_ros.task.ament_cmake.build:Building ROS package in '/home/pontryagin/me130_lab/ros2_ws/src/me130_interfaces' with build type 'ament_cmake'
[1.007s] INFO:colcon.colcon_cmake.task.cmake.build:Building CMake package in '/home/pontryagin/me130_lab/ros2_ws/src/me130_interfaces'
[1.016s] INFO:colcon.colcon_core.plugin_system:Skipping extension 'colcon_core.shell.bat': Not used on non-Windows systems
[1.017s] INFO:colcon.colcon_core.shell:Skip shell extension 'powershell' for command environment: Not usable outside of PowerShell
[1.017s] DEBUG:colcon.colcon_core.shell:Skip shell extension 'dsv' for command environment
[1.061s] DEBUG:colcon.colcon_core.event_handler.log_command:Invoking command in '/home/pontryagin/me130_lab/ros2_ws/build/me130_interfaces': CMAKE_PREFIX_PATH=${CMAKE_PREFIX_PATH}:/opt/ros/jazzy DEBUGINFOD_URLS=https://debuginfod.ubuntu.com /usr/bin/cmake --build /home/pontryagin/me130_lab/ros2_ws/build/me130_interfaces -- -j4 -l4
[3.115s] DEBUG:colcon.colcon_core.event_handler.log_command:Invoked command in '/home/pontryagin/me130_lab/ros2_ws/build/me130_interfaces' returned '0': CMAKE_PREFIX_PATH=${CMAKE_PREFIX_PATH}:/opt/ros/jazzy DEBUGINFOD_URLS=https://debuginfod.ubuntu.com /usr/bin/cmake --build /home/pontryagin/me130_lab/ros2_ws/build/me130_interfaces -- -j4 -l4
[3.164s] DEBUG:colcon.colcon_core.event_handler.log_command:Invoking command in '/home/pontryagin/me130_lab/ros2_ws/build/me130_interfaces': CMAKE_PREFIX_PATH=${CMAKE_PREFIX_PATH}:/opt/ros/jazzy DEBUGINFOD_URLS=https://debuginfod.ubuntu.com /usr/bin/cmake --install /home/pontryagin/me130_lab/ros2_ws/build/me130_interfaces
[3.512s] Level 1:colcon.colcon_core.environment:create_environment_scripts_only(me130_interfaces)
[3.514s] DEBUG:colcon.colcon_core.event_handler.log_command:Invoked command in '/home/pontryagin/me130_lab/ros2_ws/build/me130_interfaces' returned '0': CMAKE_PREFIX_PATH=${CMAKE_PREFIX_PATH}:/opt/ros/jazzy DEBUGINFOD_URLS=https://debuginfod.ubuntu.com /usr/bin/cmake --install /home/pontryagin/me130_lab/ros2_ws/build/me130_interfaces
[3.528s] Level 1:colcon.colcon_core.environment:checking '/home/pontryagin/me130_lab/ros2_ws/install/me130_interfaces' for CMake module files
[3.533s] Level 1:colcon.colcon_core.environment:checking '/home/pontryagin/me130_lab/ros2_ws/install/me130_interfaces' for CMake config files
[3.539s] Level 1:colcon.colcon_core.shell:create_environment_hook('me130_interfaces', 'cmake_prefix_path')
[3.540s] INFO:colcon.colcon_core.shell:Creating environment hook '/home/pontryagin/me130_lab/ros2_ws/install/me130_interfaces/share/me130_interfaces/hook/cmake_prefix_path.ps1'
[3.543s] INFO:colcon.colcon_core.shell:Creating environment descriptor '/home/pontryagin/me130_lab/ros2_ws/install/me130_interfaces/share/me130_interfaces/hook/cmake_prefix_path.dsv'
[3.545s] INFO:colcon.colcon_core.shell:Creating environment hook '/home/pontryagin/me130_lab/ros2_ws/install/me130_interfaces/share/me130_interfaces/hook/cmake_prefix_path.sh'
[3.550s] Level 1:colcon.colcon_core.environment:checking '/home/pontryagin/me130_lab/ros2_ws/install/me130_interfaces/lib'
[3.551s] Level 1:colcon.colcon_core.shell:create_environment_hook('me130_interfaces', 'ld_library_path_lib')
[3.561s] INFO:colcon.colcon_core.shell:Creating environment hook '/home/pontryagin/me130_lab/ros2_ws/install/me130_interfaces/share/me130_interfaces/hook/ld_library_path_lib.ps1'
[3.564s] INFO:colcon.colcon_core.shell:Creating environment descriptor '/home/pontryagin/me130_lab/ros2_ws/install/me130_interfaces/share/me130_interfaces/hook/ld_library_path_lib.dsv'
[3.567s] INFO:colcon.colcon_core.shell:Creating environment hook '/home/pontryagin/me130_lab/ros2_ws/install/me130_interfaces/share/me130_interfaces/hook/ld_library_path_lib.sh'
[3.570s] Level 1:colcon.colcon_core.environment:checking '/home/pontryagin/me130_lab/ros2_ws/install/me130_interfaces/bin'
[3.571s] Level 1:colcon.colcon_core.environment:checking '/home/pontryagin/me130_lab/ros2_ws/install/me130_interfaces/lib/pkgconfig/me130_interfaces.pc'
[3.572s] Level 1:colcon.colcon_core.environment:checking '/home/pontryagin/me130_lab/ros2_ws/install/me130_interfaces/lib/python3.12/site-packages'
[3.573s] Level 1:colcon.colcon_core.shell:create_environment_hook('me130_interfaces', 'pythonpath')
[3.574s] INFO:colcon.colcon_core.shell:Creating environment hook '/home/pontryagin/me130_lab/ros2_ws/install/me130_interfaces/share/me130_interfaces/hook/pythonpath.ps1'
[3.577s] INFO:colcon.colcon_core.shell:Creating environment descriptor '/home/pontryagin/me130_lab/ros2_ws/install/me130_interfaces/share/me130_interfaces/hook/pythonpath.dsv'
[3.579s] INFO:colcon.colcon_core.shell:Creating environment hook '/home/pontryagin/me130_lab/ros2_ws/install/me130_interfaces/share/me130_interfaces/hook/pythonpath.sh'
[3.583s] Level 1:colcon.colcon_core.environment:checking '/home/pontryagin/me130_lab/ros2_ws/install/me130_interfaces/bin'
[3.584s] INFO:colcon.colcon_core.shell:Creating package script '/home/pontryagin/me130_lab/ros2_ws/install/me130_interfaces/share/me130_interfaces/package.ps1'
[3.589s] INFO:colcon.colcon_core.shell:Creating package descriptor '/home/pontryagin/me130_lab/ros2_ws/install/me130_interfaces/share/me130_interfaces/package.dsv'
[3.591s] INFO:colcon.colcon_core.shell:Creating package script '/home/pontryagin/me130_lab/ros2_ws/install/me130_interfaces/share/me130_interfaces/package.sh'
[3.594s] INFO:colcon.colcon_core.shell:Creating package script '/home/pontryagin/me130_lab/ros2_ws/install/me130_interfaces/share/me130_interfaces/package.bash'
[3.597s] INFO:colcon.colcon_core.shell:Creating package script '/home/pontryagin/me130_lab/ros2_ws/install/me130_interfaces/share/me130_interfaces/package.zsh'
[3.599s] Level 1:colcon.colcon_core.environment:create_file_with_runtime_dependencies(/home/pontryagin/me130_lab/ros2_ws/install/me130_interfaces/share/colcon-core/packages/me130_interfaces)
[3.602s] Level 1:colcon.colcon_core.environment:create_environment_scripts_only(me130_interfaces)
[3.603s] Level 1:colcon.colcon_core.environment:checking '/home/pontryagin/me130_lab/ros2_ws/install/me130_interfaces' for CMake module files
[3.608s] Level 1:colcon.colcon_core.environment:checking '/home/pontryagin/me130_lab/ros2_ws/install/me130_interfaces' for CMake config files
[3.613s] Level 1:colcon.colcon_core.shell:create_environment_hook('me130_interfaces', 'cmake_prefix_path')
[3.614s] INFO:colcon.colcon_core.shell:Creating environment hook '/home/pontryagin/me130_lab/ros2_ws/install/me130_interfaces/share/me130_interfaces/hook/cmake_prefix_path.ps1'
[3.616s] INFO:colcon.colcon_core.shell:Creating environment descriptor '/home/pontryagin/me130_lab/ros2_ws/install/me130_interfaces/share/me130_interfaces/hook/cmake_prefix_path.dsv'
[3.617s] INFO:colcon.colcon_core.shell:Creating environment hook '/home/pontryagin/me130_lab/ros2_ws/install/me130_interfaces/share/me130_interfaces/hook/cmake_prefix_path.sh'
[3.620s] Level 1:colcon.colcon_core.environment:checking '/home/pontryagin/me130_lab/ros2_ws/install/me130_interfaces/lib'
[3.621s] Level 1:colcon.colcon_core.shell:create_environment_hook('me130_interfaces', 'ld_library_path_lib')
[3.622s] INFO:colcon.colcon_core.shell:Creating environment hook '/home/pontryagin/me130_lab/ros2_ws/install/me130_interfaces/share/me130_interfaces/hook/ld_library_path_lib.ps1'
[3.624s] INFO:colcon.colcon_core.shell:Creating environment descriptor '/home/pontryagin/me130_lab/ros2_ws/install/me130_interfaces/share/me130_interfaces/hook/ld_library_path_lib.dsv'
[3.625s] INFO:colcon.colcon_core.shell:Creating environment hook '/home/pontryagin/me130_lab/ros2_ws/install/me130_interfaces/share/me130_interfaces/hook/ld_library_path_lib.sh'
[3.627s] Level 1:colcon.colcon_core.environment:checking '/home/pontryagin/me130_lab/ros2_ws/install/me130_interfaces/bin'
[3.628s] Level 1:colcon.colcon_core.environment:checking '/home/pontryagin/me130_lab/ros2_ws/install/me130_interfaces/lib/pkgconfig/me130_interfaces.pc'
[3.629s] Level 1:colcon.colcon_core.environment:checking '/home/pontryagin/me130_lab/ros2_ws/install/me130_interfaces/lib/python3.12/site-packages'
[3.629s] Level 1:colcon.colcon_core.shell:create_environment_hook('me130_interfaces', 'pythonpath')
[3.630s] INFO:colcon.colcon_core.shell:Creating environment hook '/home/pontryagin/me130_lab/ros2_ws/install/me130_interfaces/share/me130_interfaces/hook/pythonpath.ps1'
[3.632s] INFO:colcon.colcon_core.shell:Creating environment descriptor '/home/pontryagin/me130_lab/ros2_ws/install/me130_interfaces/share/me130_interfaces/hook/pythonpath.dsv'
[3.633s] INFO:colcon.colcon_core.shell:Creating environment hook '/home/pontryagin/me130_lab/ros2_ws/install/me130_interfaces/share/me130_interfaces/hook/pythonpath.sh'
[3.636s] Level 1:colcon.colcon_core.environment:checking '/home/pontryagin/me130_lab/ros2_ws/install/me130_interfaces/bin'
[3.637s] INFO:colcon.colcon_core.shell:Creating package script '/home/pontryagin/me130_lab/ros2_ws/install/me130_interfaces/share/me130_interfaces/package.ps1'
[3.641s] INFO:colcon.colcon_core.shell:Creating package descriptor '/home/pontryagin/me130_lab/ros2_ws/install/me130_interfaces/share/me130_interfaces/package.dsv'
[3.643s] INFO:colcon.colcon_core.shell:Creating package script '/home/pontryagin/me130_lab/ros2_ws/install/me130_interfaces/share/me130_interfaces/package.sh'
[3.645s] INFO:colcon.colcon_core.shell:Creating package script '/home/pontryagin/me130_lab/ros2_ws/install/me130_interfaces/share/me130_interfaces/package.bash'
[3.650s] INFO:colcon.colcon_core.shell:Creating package script '/home/pontryagin/me130_lab/ros2_ws/install/me130_interfaces/share/me130_interfaces/package.zsh'
[3.651s] Level 1:colcon.colcon_core.environment:create_file_with_runtime_dependencies(/home/pontryagin/me130_lab/ros2_ws/install/me130_interfaces/share/colcon-core/packages/me130_interfaces)
[3.653s] INFO:colcon.colcon_ros.task.ament_cmake.build:Building ROS package in '/home/pontryagin/me130_lab/ros2_ws/src/me130_pendulum' with build type 'ament_cmake'
[3.654s] INFO:colcon.colcon_cmake.task.cmake.build:Building CMake package in '/home/pontryagin/me130_lab/ros2_ws/src/me130_pendulum'
[3.655s] INFO:colcon.colcon_core.shell:Skip shell extension 'powershell' for command environment: Not usable outside of PowerShell
[3.655s] DEBUG:colcon.colcon_core.shell:Skip shell extension 'dsv' for command environment
[3.709s] DEBUG:colcon.colcon_core.event_handler.log_command:Invoking command in '/home/pontryagin/me130_lab/ros2_ws/build/me130_pendulum': CMAKE_PREFIX_PATH=/home/pontryagin/me130_lab/ros2_ws/install/me130_interfaces:/home/pontryagin/me130_lab/ros2_ws/install/me130_wheel:/home/pontryagin/me130_lab/ros2_ws/install/me130_pendulum:/opt/ros/jazzy DEBUGINFOD_URLS=https://debuginfod.ubuntu.com /usr/bin/cmake --build /home/pontryagin/me130_lab/ros2_ws/build/me130_pendulum -- -j4 -l4
[4.523s] DEBUG:colcon.colcon_core.event_handler.log_command:Invoked command in '/home/pontryagin/me130_lab/ros2_ws/build/me130_pendulum' returned '0': CMAKE_PREFIX_PATH=/home/pontryagin/me130_lab/ros2_ws/install/me130_interfaces:/home/pontryagin/me130_lab/ros2_ws/install/me130_wheel:/home/pontryagin/me130_lab/ros2_ws/install/me130_pendulum:/opt/ros/jazzy DEBUGINFOD_URLS=https://debuginfod.ubuntu.com /usr/bin/cmake --build /home/pontryagin/me130_lab/ros2_ws/build/me130_pendulum -- -j4 -l4
[4.529s] DEBUG:colcon.colcon_core.event_handler.log_command:Invoking command in '/home/pontryagin/me130_lab/ros2_ws/build/me130_pendulum': CMAKE_PREFIX_PATH=/home/pontryagin/me130_lab/ros2_ws/install/me130_interfaces:/home/pontryagin/me130_lab/ros2_ws/install/me130_wheel:/home/pontryagin/me130_lab/ros2_ws/install/me130_pendulum:/opt/ros/jazzy DEBUGINFOD_URLS=https://debuginfod.ubuntu.com /usr/bin/cmake --install /home/pontryagin/me130_lab/ros2_ws/build/me130_pendulum
[4.606s] Level 1:colcon.colcon_core.environment:create_environment_scripts_only(me130_pendulum)
[4.607s] Level 1:colcon.colcon_core.environment:checking '/home/pontryagin/me130_lab/ros2_ws/install/me130_pendulum' for CMake module files
[4.609s] DEBUG:colcon.colcon_core.event_handler.log_command:Invoked command in '/home/pontryagin/me130_lab/ros2_ws/build/me130_pendulum' returned '0': CMAKE_PREFIX_PATH=/home/pontryagin/me130_lab/ros2_ws/install/me130_interfaces:/home/pontryagin/me130_lab/ros2_ws/install/me130_wheel:/home/pontryagin/me130_lab/ros2_ws/install/me130_pendulum:/opt/ros/jazzy DEBUGINFOD_URLS=https://debuginfod.ubuntu.com /usr/bin/cmake --install /home/pontryagin/me130_lab/ros2_ws/build/me130_pendulum
[4.613s] Level 1:colcon.colcon_core.environment:checking '/home/pontryagin/me130_lab/ros2_ws/install/me130_pendulum' for CMake config files
[4.615s] Level 1:colcon.colcon_core.shell:create_environment_hook('me130_pendulum', 'cmake_prefix_path')
[4.616s] INFO:colcon.colcon_core.shell:Creating environment hook '/home/pontryagin/me130_lab/ros2_ws/install/me130_pendulum/share/me130_pendulum/hook/cmake_prefix_path.ps1'
[4.618s] INFO:colcon.colcon_core.shell:Creating environment descriptor '/home/pontryagin/me130_lab/ros2_ws/install/me130_pendulum/share/me130_pendulum/hook/cmake_prefix_path.dsv'
[4.620s] INFO:colcon.colcon_core.shell:Creating environment hook '/home/pontryagin/me130_lab/ros2_ws/install/me130_pendulum/share/me130_pendulum/hook/cmake_prefix_path.sh'
[4.623s] Level 1:colcon.colcon_core.environment:checking '/home/pontryagin/me130_lab/ros2_ws/install/me130_pendulum/lib'
[4.624s] Level 1:colcon.colcon_core.environment:checking '/home/pontryagin/me130_lab/ros2_ws/install/me130_pendulum/bin'
[4.624s] Level 1:colcon.colcon_core.environment:checking '/home/pontryagin/me130_lab/ros2_ws/install/me130_pendulum/lib/pkgconfig/me130_pendulum.pc'
[4.625s] Level 1:colcon.colcon_core.environment:checking '/home/pontryagin/me130_lab/ros2_ws/install/me130_pendulum/lib/python3.12/site-packages'
[4.626s] Level 1:colcon.colcon_core.environment:checking '/home/pontryagin/me130_lab/ros2_ws/install/me130_pendulum/bin'
[4.627s] INFO:colcon.colcon_core.shell:Creating package script '/home/pontryagin/me130_lab/ros2_ws/install/me130_pendulum/share/me130_pendulum/package.ps1'
[4.629s] INFO:colcon.colcon_core.shell:Creating package descriptor '/home/pontryagin/me130_lab/ros2_ws/install/me130_pendulum/share/me130_pendulum/package.dsv'
[4.632s] INFO:colcon.colcon_core.shell:Creating package script '/home/pontryagin/me130_lab/ros2_ws/install/me130_pendulum/share/me130_pendulum/package.sh'
[4.634s] INFO:colcon.colcon_core.shell:Creating package script '/home/pontryagin/me130_lab/ros2_ws/install/me130_pendulum/share/me130_pendulum/package.bash'
[4.636s] INFO:colcon.colcon_core.shell:Creating package script '/home/pontryagin/me130_lab/ros2_ws/install/me130_pendulum/share/me130_pendulum/package.zsh'
[4.638s] Level 1:colcon.colcon_core.environment:create_file_with_runtime_dependencies(/home/pontryagin/me130_lab/ros2_ws/install/me130_pendulum/share/colcon-core/packages/me130_pendulum)
[4.641s] Level 1:colcon.colcon_core.environment:create_environment_scripts_only(me130_pendulum)
[4.641s] Level 1:colcon.colcon_core.environment:checking '/home/pontryagin/me130_lab/ros2_ws/install/me130_pendulum' for CMake module files
[4.645s] Level 1:colcon.colcon_core.environment:checking '/home/pontryagin/me130_lab/ros2_ws/install/me130_pendulum' for CMake config files
[4.647s] Level 1:colcon.colcon_core.shell:create_environment_hook('me130_pendulum', 'cmake_prefix_path')
[4.648s] INFO:colcon.colcon_core.shell:Creating environment hook '/home/pontryagin/me130_lab/ros2_ws/install/me130_pendulum/share/me130_pendulum/hook/cmake_prefix_path.ps1'
[4.650s] INFO:colcon.colcon_core.shell:Creating environment descriptor '/home/pontryagin/me130_lab/ros2_ws/install/me130_pendulum/share/me130_pendulum/hook/cmake_prefix_path.dsv'
[4.652s] INFO:colcon.colcon_core.shell:Creating environment hook '/home/pontryagin/me130_lab/ros2_ws/install/me130_pendulum/share/me130_pendulum/hook/cmake_prefix_path.sh'
[4.654s] Level 1:colcon.colcon_core.environment:checking '/home/pontryagin/me130_lab/ros2_ws/install/me130_pendulum/lib'
[4.655s] Level 1:colcon.colcon_core.environment:checking '/home/pontryagin/me130_lab/ros2_ws/install/me130_pendulum/bin'
[4.656s] Level 1:colcon.colcon_core.environment:checking '/home/pontryagin/me130_lab/ros2_ws/install/me130_pendulum/lib/pkgconfig/me130_pendulum.pc'
[4.656s] Level 1:colcon.colcon_core.environment:checking '/home/pontryagin/me130_lab/ros2_ws/install/me130_pendulum/lib/python3.12/site-packages'
[4.658s] Level 1:colcon.colcon_core.environment:checking '/home/pontryagin/me130_lab/ros2_ws/install/me130_pendulum/bin'
[4.659s] INFO:colcon.colcon_core.shell:Creating package script '/home/pontryagin/me130_lab/ros2_ws/install/me130_pendulum/share/me130_pendulum/package.ps1'
[4.662s] INFO:colcon.colcon_core.shell:Creating package descriptor '/home/pontryagin/me130_lab/ros2_ws/install/me130_pendulum/share/me130_pendulum/package.dsv'
[4.664s] INFO:colcon.colcon_core.shell:Creating package script '/home/pontryagin/me130_lab/ros2_ws/install/me130_pendulum/share/me130_pendulum/package.sh'
[4.666s] INFO:colcon.colcon_core.shell:Creating package script '/home/pontryagin/me130_lab/ros2_ws/install/me130_pendulum/share/me130_pendulum/package.bash'
[4.668s] INFO:colcon.colcon_core.shell:Creating package script '/home/pontryagin/me130_lab/ros2_ws/install/me130_pendulum/share/me130_pendulum/package.zsh'
[4.670s] Level 1:colcon.colcon_core.environment:create_file_with_runtime_dependencies(/home/pontryagin/me130_lab/ros2_ws/install/me130_pendulum/share/colcon-core/packages/me130_pendulum)
[4.672s] INFO:colcon.colcon_ros.task.ament_cmake.build:Building ROS package in '/home/pontryagin/me130_lab/ros2_ws/src/me130_wheel' with build type 'ament_cmake'
[4.672s] INFO:colcon.colcon_cmake.task.cmake.build:Building CMake package in '/home/pontryagin/me130_lab/ros2_ws/src/me130_wheel'
[4.673s] INFO:colcon.colcon_core.shell:Skip shell extension 'powershell' for command environment: Not usable outside of PowerShell
[4.674s] DEBUG:colcon.colcon_core.shell:Skip shell extension 'dsv' for command environment
[4.731s] DEBUG:colcon.colcon_core.event_handler.log_command:Invoking command in '/home/pontryagin/me130_lab/ros2_ws/build/me130_wheel': CMAKE_PREFIX_PATH=/home/pontryagin/me130_lab/ros2_ws/install/me130_pendulum:/home/pontryagin/me130_lab/ros2_ws/install/me130_interfaces:/home/pontryagin/me130_lab/ros2_ws/install/me130_wheel:/opt/ros/jazzy DEBUGINFOD_URLS=https://debuginfod.ubuntu.com /usr/bin/cmake --build /home/pontryagin/me130_lab/ros2_ws/build/me130_wheel -- -j4 -l4
[4.929s] DEBUG:colcon.colcon_core.event_handler.log_command:Invoked command in '/home/pontryagin/me130_lab/ros2_ws/build/me130_wheel' returned '0': CMAKE_PREFIX_PATH=/home/pontryagin/me130_lab/ros2_ws/install/me130_pendulum:/home/pontryagin/me130_lab/ros2_ws/install/me130_interfaces:/home/pontryagin/me130_lab/ros2_ws/install/me130_wheel:/opt/ros/jazzy DEBUGINFOD_URLS=https://debuginfod.ubuntu.com /usr/bin/cmake --build /home/pontryagin/me130_lab/ros2_ws/build/me130_wheel -- -j4 -l4
[4.937s] DEBUG:colcon.colcon_core.event_handler.log_command:Invoking command in '/home/pontryagin/me130_lab/ros2_ws/build/me130_wheel': CMAKE_PREFIX_PATH=/home/pontryagin/me130_lab/ros2_ws/install/me130_pendulum:/home/pontryagin/me130_lab/ros2_ws/install/me130_interfaces:/home/pontryagin/me130_lab/ros2_ws/install/me130_wheel:/opt/ros/jazzy DEBUGINFOD_URLS=https://debuginfod.ubuntu.com /usr/bin/cmake --install /home/pontryagin/me130_lab/ros2_ws/build/me130_wheel
[4.992s] Level 1:colcon.colcon_core.environment:create_environment_scripts_only(me130_wheel)
[4.993s] Level 1:colcon.colcon_core.environment:checking '/home/pontryagin/me130_lab/ros2_ws/install/me130_wheel' for CMake module files
[4.994s] DEBUG:colcon.colcon_core.event_handler.log_command:Invoked command in '/home/pontryagin/me130_lab/ros2_ws/build/me130_wheel' returned '0': CMAKE_PREFIX_PATH=/home/pontryagin/me130_lab/ros2_ws/install/me130_pendulum:/home/pontryagin/me130_lab/ros2_ws/install/me130_interfaces:/home/pontryagin/me130_lab/ros2_ws/install/me130_wheel:/opt/ros/jazzy DEBUGINFOD_URLS=https://debuginfod.ubuntu.com /usr/bin/cmake --install /home/pontryagin/me130_lab/ros2_ws/build/me130_wheel
[4.997s] Level 1:colcon.colcon_core.environment:checking '/home/pontryagin/me130_lab/ros2_ws/install/me130_wheel' for CMake config files
[4.999s] Level 1:colcon.colcon_core.shell:create_environment_hook('me130_wheel', 'cmake_prefix_path')
[5.000s] INFO:colcon.colcon_core.shell:Creating environment hook '/home/pontryagin/me130_lab/ros2_ws/install/me130_wheel/share/me130_wheel/hook/cmake_prefix_path.ps1'
[5.002s] INFO:colcon.colcon_core.shell:Creating environment descriptor '/home/pontryagin/me130_lab/ros2_ws/install/me130_wheel/share/me130_wheel/hook/cmake_prefix_path.dsv'
[5.004s] INFO:colcon.colcon_core.shell:Creating environment hook '/home/pontryagin/me130_lab/ros2_ws/install/me130_wheel/share/me130_wheel/hook/cmake_prefix_path.sh'
[5.006s] Level 1:colcon.colcon_core.environment:checking '/home/pontryagin/me130_lab/ros2_ws/install/me130_wheel/lib'
[5.007s] Level 1:colcon.colcon_core.environment:checking '/home/pontryagin/me130_lab/ros2_ws/install/me130_wheel/bin'
[5.007s] Level 1:colcon.colcon_core.environment:checking '/home/pontryagin/me130_lab/ros2_ws/install/me130_wheel/lib/pkgconfig/me130_wheel.pc'
[5.008s] Level 1:colcon.colcon_core.environment:checking '/home/pontryagin/me130_lab/ros2_ws/install/me130_wheel/lib/python3.12/site-packages'
[5.010s] Level 1:colcon.colcon_core.environment:checking '/home/pontryagin/me130_lab/ros2_ws/install/me130_wheel/bin'
[5.011s] INFO:colcon.colcon_core.shell:Creating package script '/home/pontryagin/me130_lab/ros2_ws/install/me130_wheel/share/me130_wheel/package.ps1'
[5.014s] INFO:colcon.colcon_core.shell:Creating package descriptor '/home/pontryagin/me130_lab/ros2_ws/install/me130_wheel/share/me130_wheel/package.dsv'
[5.016s] INFO:colcon.colcon_core.shell:Creating package script '/home/pontryagin/me130_lab/ros2_ws/install/me130_wheel/share/me130_wheel/package.sh'
[5.018s] INFO:colcon.colcon_core.shell:Creating package script '/home/pontryagin/me130_lab/ros2_ws/install/me130_wheel/share/me130_wheel/package.bash'
[5.019s] INFO:colcon.colcon_core.shell:Creating package script '/home/pontryagin/me130_lab/ros2_ws/install/me130_wheel/share/me130_wheel/package.zsh'
[5.021s] Level 1:colcon.colcon_core.environment:create_file_with_runtime_dependencies(/home/pontryagin/me130_lab/ros2_ws/install/me130_wheel/share/colcon-core/packages/me130_wheel)
[5.023s] Level 1:colcon.colcon_core.environment:create_environment_scripts_only(me130_wheel)
[5.024s] Level 1:colcon.colcon_core.environment:checking '/home/pontryagin/me130_lab/ros2_ws/install/me130_wheel' for CMake module files
[5.027s] Level 1:colcon.colcon_core.environment:checking '/home/pontryagin/me130_lab/ros2_ws/install/me130_wheel' for CMake config files
[5.028s] Level 1:colcon.colcon_core.shell:create_environment_hook('me130_wheel', 'cmake_prefix_path')
[5.029s] INFO:colcon.colcon_core.shell:Creating environment hook '/home/pontryagin/me130_lab/ros2_ws/install/me130_wheel/share/me130_wheel/hook/cmake_prefix_path.ps1'
[5.031s] INFO:colcon.colcon_core.shell:Creating environment descriptor '/home/pontryagin/me130_lab/ros2_ws/install/me130_wheel/share/me130_wheel/hook/cmake_prefix_path.dsv'
[5.032s] INFO:colcon.colcon_core.shell:Creating environment hook '/home/pontryagin/me130_lab/ros2_ws/install/me130_wheel/share/me130_wheel/hook/cmake_prefix_path.sh'
[5.035s] Level 1:colcon.colcon_core.environment:checking '/home/pontryagin/me130_lab/ros2_ws/install/me130_wheel/lib'
[5.035s] Level 1:colcon.colcon_core.environment:checking '/home/pontryagin/me130_lab/ros2_ws/install/me130_wheel/bin'
[5.036s] Level 1:colcon.colcon_core.environment:checking '/home/pontryagin/me130_lab/ros2_ws/install/me130_wheel/lib/pkgconfig/me130_wheel.pc'
[5.036s] Level 1:colcon.colcon_core.environment:checking '/home/pontryagin/me130_lab/ros2_ws/install/me130_wheel/lib/python3.12/site-packages'
[5.038s] Level 1:colcon.colcon_core.environment:checking '/home/pontryagin/me130_lab/ros2_ws/install/me130_wheel/bin'
[5.040s] INFO:colcon.colcon_core.shell:Creating package script '/home/pontryagin/me130_lab/ros2_ws/install/me130_wheel/share/me130_wheel/package.ps1'
[5.043s] INFO:colcon.colcon_core.shell:Creating package descriptor '/home/pontryagin/me130_lab/ros2_ws/install/me130_wheel/share/me130_wheel/package.dsv'
[5.045s] INFO:colcon.colcon_core.shell:Creating package script '/home/pontryagin/me130_lab/ros2_ws/install/me130_wheel/share/me130_wheel/package.sh'
[5.047s] INFO:colcon.colcon_core.shell:Creating package script '/home/pontryagin/me130_lab/ros2_ws/install/me130_wheel/share/me130_wheel/package.bash'
[5.050s] INFO:colcon.colcon_core.shell:Creating package script '/home/pontryagin/me130_lab/ros2_ws/install/me130_wheel/share/me130_wheel/package.zsh'
[5.052s] Level 1:colcon.colcon_core.environment:create_file_with_runtime_dependencies(/home/pontryagin/me130_lab/ros2_ws/install/me130_wheel/share/colcon-core/packages/me130_wheel)
[5.054s] DEBUG:colcon.colcon_parallel_executor.executor.parallel:closing loop
[5.054s] DEBUG:colcon.colcon_parallel_executor.executor.parallel:loop closed
[5.055s] DEBUG:colcon.colcon_parallel_executor.executor.parallel:run_until_complete finished with '0'
[5.056s] DEBUG:colcon.colcon_core.event_reactor:joining thread
[5.059s] DEBUG:colcon.colcon_core.event_reactor:joined thread
[5.060s] INFO:colcon.colcon_core.shell:Creating prefix script '/home/pontryagin/me130_lab/ros2_ws/install/local_setup.ps1'
[5.064s] INFO:colcon.colcon_core.shell:Creating prefix util module '/home/pontryagin/me130_lab/ros2_ws/install/_local_setup_util_ps1.py'
[5.070s] INFO:colcon.colcon_core.shell:Creating prefix chain script '/home/pontryagin/me130_lab/ros2_ws/install/setup.ps1'
[5.075s] INFO:colcon.colcon_core.shell:Creating prefix script '/home/pontryagin/me130_lab/ros2_ws/install/local_setup.sh'
[5.078s] INFO:colcon.colcon_core.shell:Creating prefix util module '/home/pontryagin/me130_lab/ros2_ws/install/_local_setup_util_sh.py'
[5.080s] INFO:colcon.colcon_core.shell:Creating prefix chain script '/home/pontryagin/me130_lab/ros2_ws/install/setup.sh'
[5.085s] INFO:colcon.colcon_core.shell:Creating prefix script '/home/pontryagin/me130_lab/ros2_ws/install/local_setup.bash'
[5.087s] INFO:colcon.colcon_core.shell:Creating prefix chain script '/home/pontryagin/me130_lab/ros2_ws/install/setup.bash'
[5.091s] INFO:colcon.colcon_core.shell:Creating prefix script '/home/pontryagin/me130_lab/ros2_ws/install/local_setup.zsh'
[5.094s] INFO:colcon.colcon_core.shell:Creating prefix chain script '/home/pontryagin/me130_lab/ros2_ws/install/setup.zsh'
